/u/home/j/jamesdc1/.conda/envs/hpc-pi/lib/python3.11/site-packages/pandas/core/arraylike.py:399: RuntimeWarning: divide by zero encountered in log
  result = getattr(ufunc, method)(*inputs, **kwargs)
/u/home/j/jamesdc1/.conda/envs/hpc-pi/lib/python3.11/site-packages/pandas/core/arraylike.py:399: RuntimeWarning: divide by zero encountered in log
  result = getattr(ufunc, method)(*inputs, **kwargs)
/u/home/j/jamesdc1/.conda/envs/hpc-pi/lib/python3.11/site-packages/pandas/core/arraylike.py:399: RuntimeWarning: divide by zero encountered in log
  result = getattr(ufunc, method)(*inputs, **kwargs)
/u/home/j/jamesdc1/.conda/envs/hpc-pi/lib/python3.11/site-packages/pandas/core/arraylike.py:399: RuntimeWarning: divide by zero encountered in log
  result = getattr(ufunc, method)(*inputs, **kwargs)
/u/home/j/jamesdc1/.conda/envs/hpc-pi/lib/python3.11/site-packages/pandas/core/arraylike.py:399: RuntimeWarning: divide by zero encountered in log
  result = getattr(ufunc, method)(*inputs, **kwargs)
/u/home/j/jamesdc1/.conda/envs/hpc-pi/lib/python3.11/site-packages/pandas/core/arraylike.py:399: RuntimeWarning: divide by zero encountered in log
  result = getattr(ufunc, method)(*inputs, **kwargs)
/u/home/j/jamesdc1/.conda/envs/hpc-pi/lib/python3.11/site-packages/pandas/core/arraylike.py:399: RuntimeWarning: divide by zero encountered in log
  result = getattr(ufunc, method)(*inputs, **kwargs)
/u/home/j/jamesdc1/.conda/envs/hpc-pi/lib/python3.11/site-packages/pandas/core/arraylike.py:399: RuntimeWarning: divide by zero encountered in log
  result = getattr(ufunc, method)(*inputs, **kwargs)
/u/home/j/jamesdc1/.conda/envs/hpc-pi/lib/python3.11/site-packages/pandas/core/arraylike.py:399: RuntimeWarning: divide by zero encountered in log
  result = getattr(ufunc, method)(*inputs, **kwargs)
/u/home/j/jamesdc1/.conda/envs/hpc-pi/lib/python3.11/site-packages/pandas/core/arraylike.py:399: RuntimeWarning: divide by zero encountered in log
  result = getattr(ufunc, method)(*inputs, **kwargs)
/u/home/j/jamesdc1/.conda/envs/hpc-pi/lib/python3.11/site-packages/pandas/core/arraylike.py:399: RuntimeWarning: divide by zero encountered in log
  result = getattr(ufunc, method)(*inputs, **kwargs)
/u/home/j/jamesdc1/.conda/envs/hpc-pi/lib/python3.11/site-packages/pandas/core/arraylike.py:399: RuntimeWarning: divide by zero encountered in log
  result = getattr(ufunc, method)(*inputs, **kwargs)
/u/home/j/jamesdc1/.conda/envs/hpc-pi/lib/python3.11/site-packages/pandas/core/arraylike.py:399: RuntimeWarning: divide by zero encountered in log
  result = getattr(ufunc, method)(*inputs, **kwargs)
/u/home/j/jamesdc1/.conda/envs/hpc-pi/lib/python3.11/site-packages/pandas/core/arraylike.py:399: RuntimeWarning: divide by zero encountered in log
  result = getattr(ufunc, method)(*inputs, **kwargs)
/u/home/j/jamesdc1/.conda/envs/hpc-pi/lib/python3.11/site-packages/pandas/core/arraylike.py:399: RuntimeWarning: divide by zero encountered in log
  result = getattr(ufunc, method)(*inputs, **kwargs)
/u/home/j/jamesdc1/.conda/envs/hpc-pi/lib/python3.11/site-packages/pandas/core/arraylike.py:399: RuntimeWarning: divide by zero encountered in log
  result = getattr(ufunc, method)(*inputs, **kwargs)
/u/home/j/jamesdc1/.conda/envs/hpc-pi/lib/python3.11/site-packages/pandas/core/arraylike.py:399: RuntimeWarning: divide by zero encountered in log
  result = getattr(ufunc, method)(*inputs, **kwargs)
/u/home/j/jamesdc1/.conda/envs/hpc-pi/lib/python3.11/site-packages/pandas/core/arraylike.py:399: RuntimeWarning: divide by zero encountered in log
  result = getattr(ufunc, method)(*inputs, **kwargs)
/u/home/j/jamesdc1/.conda/envs/hpc-pi/lib/python3.11/site-packages/pandas/core/arraylike.py:399: RuntimeWarning: divide by zero encountered in log
  result = getattr(ufunc, method)(*inputs, **kwargs)
/u/home/j/jamesdc1/.conda/envs/hpc-pi/lib/python3.11/site-packages/pandas/core/arraylike.py:399: RuntimeWarning: divide by zero encountered in log
  result = getattr(ufunc, method)(*inputs, **kwargs)
/u/home/j/jamesdc1/.conda/envs/hpc-pi/lib/python3.11/site-packages/pandas/core/arraylike.py:399: RuntimeWarning: divide by zero encountered in log
  result = getattr(ufunc, method)(*inputs, **kwargs)
/u/home/j/jamesdc1/.conda/envs/hpc-pi/lib/python3.11/site-packages/pandas/core/arraylike.py:399: RuntimeWarning: divide by zero encountered in log
  result = getattr(ufunc, method)(*inputs, **kwargs)
/u/home/j/jamesdc1/.conda/envs/hpc-pi/lib/python3.11/site-packages/pandas/core/arraylike.py:399: RuntimeWarning: divide by zero encountered in log
  result = getattr(ufunc, method)(*inputs, **kwargs)
/u/home/j/jamesdc1/.conda/envs/hpc-pi/lib/python3.11/site-packages/pandas/core/arraylike.py:399: RuntimeWarning: divide by zero encountered in log
  result = getattr(ufunc, method)(*inputs, **kwargs)
/u/home/j/jamesdc1/.conda/envs/hpc-pi/lib/python3.11/site-packages/pandas/core/arraylike.py:399: RuntimeWarning: divide by zero encountered in log
  result = getattr(ufunc, method)(*inputs, **kwargs)
/u/home/j/jamesdc1/.conda/envs/hpc-pi/lib/python3.11/site-packages/pandas/core/arraylike.py:399: RuntimeWarning: divide by zero encountered in log
  result = getattr(ufunc, method)(*inputs, **kwargs)
/u/home/j/jamesdc1/.conda/envs/hpc-pi/lib/python3.11/site-packages/pandas/core/arraylike.py:399: RuntimeWarning: divide by zero encountered in log
  result = getattr(ufunc, method)(*inputs, **kwargs)
/u/home/j/jamesdc1/.conda/envs/hpc-pi/lib/python3.11/site-packages/pandas/core/arraylike.py:399: RuntimeWarning: divide by zero encountered in log
  result = getattr(ufunc, method)(*inputs, **kwargs)
/u/home/j/jamesdc1/.conda/envs/hpc-pi/lib/python3.11/site-packages/pandas/core/arraylike.py:399: RuntimeWarning: divide by zero encountered in log
  result = getattr(ufunc, method)(*inputs, **kwargs)
/u/home/j/jamesdc1/.conda/envs/hpc-pi/lib/python3.11/site-packages/pandas/core/arraylike.py:399: RuntimeWarning: divide by zero encountered in log
  result = getattr(ufunc, method)(*inputs, **kwargs)
/u/home/j/jamesdc1/.conda/envs/hpc-pi/lib/python3.11/site-packages/pandas/core/arraylike.py:399: RuntimeWarning: divide by zero encountered in log
  result = getattr(ufunc, method)(*inputs, **kwargs)
/u/home/j/jamesdc1/.conda/envs/hpc-pi/lib/python3.11/site-packages/pandas/core/arraylike.py:399: RuntimeWarning: divide by zero encountered in log
  result = getattr(ufunc, method)(*inputs, **kwargs)
/u/home/j/jamesdc1/.conda/envs/hpc-pi/lib/python3.11/site-packages/pandas/core/arraylike.py:399: RuntimeWarning: divide by zero encountered in log
  result = getattr(ufunc, method)(*inputs, **kwargs)
/u/home/j/jamesdc1/.conda/envs/hpc-pi/lib/python3.11/site-packages/pandas/core/arraylike.py:399: RuntimeWarning: divide by zero encountered in log
  result = getattr(ufunc, method)(*inputs, **kwargs)
/u/home/j/jamesdc1/.conda/envs/hpc-pi/lib/python3.11/site-packages/pandas/core/arraylike.py:399: RuntimeWarning: divide by zero encountered in log
  result = getattr(ufunc, method)(*inputs, **kwargs)
/u/home/j/jamesdc1/.conda/envs/hpc-pi/lib/python3.11/site-packages/pandas/core/arraylike.py:399: RuntimeWarning: divide by zero encountered in log
  result = getattr(ufunc, method)(*inputs, **kwargs)
/u/home/j/jamesdc1/.conda/envs/hpc-pi/lib/python3.11/site-packages/pandas/core/arraylike.py:399: RuntimeWarning: divide by zero encountered in log
  result = getattr(ufunc, method)(*inputs, **kwargs)
/u/home/j/jamesdc1/.conda/envs/hpc-pi/lib/python3.11/site-packages/pandas/core/arraylike.py:399: RuntimeWarning: divide by zero encountered in log
  result = getattr(ufunc, method)(*inputs, **kwargs)
/u/home/j/jamesdc1/.conda/envs/hpc-pi/lib/python3.11/site-packages/pandas/core/arraylike.py:399: RuntimeWarning: divide by zero encountered in log
  result = getattr(ufunc, method)(*inputs, **kwargs)
/u/home/j/jamesdc1/.conda/envs/hpc-pi/lib/python3.11/site-packages/pandas/core/arraylike.py:399: RuntimeWarning: divide by zero encountered in log
  result = getattr(ufunc, method)(*inputs, **kwargs)
/u/home/j/jamesdc1/.conda/envs/hpc-pi/lib/python3.11/site-packages/pandas/core/arraylike.py:399: RuntimeWarning: divide by zero encountered in log
  result = getattr(ufunc, method)(*inputs, **kwargs)
/u/home/j/jamesdc1/.conda/envs/hpc-pi/lib/python3.11/site-packages/pandas/core/arraylike.py:399: RuntimeWarning: divide by zero encountered in log
  result = getattr(ufunc, method)(*inputs, **kwargs)
/u/home/j/jamesdc1/.conda/envs/hpc-pi/lib/python3.11/site-packages/pandas/core/arraylike.py:399: RuntimeWarning: divide by zero encountered in log
  result = getattr(ufunc, method)(*inputs, **kwargs)
/u/home/j/jamesdc1/.conda/envs/hpc-pi/lib/python3.11/site-packages/pandas/core/arraylike.py:399: RuntimeWarning: divide by zero encountered in log
  result = getattr(ufunc, method)(*inputs, **kwargs)
/u/home/j/jamesdc1/.conda/envs/hpc-pi/lib/python3.11/site-packages/pandas/core/arraylike.py:399: RuntimeWarning: divide by zero encountered in log
  result = getattr(ufunc, method)(*inputs, **kwargs)
/u/home/j/jamesdc1/.conda/envs/hpc-pi/lib/python3.11/site-packages/pandas/core/arraylike.py:399: RuntimeWarning: divide by zero encountered in log
  result = getattr(ufunc, method)(*inputs, **kwargs)
/u/home/j/jamesdc1/.conda/envs/hpc-pi/lib/python3.11/site-packages/pandas/core/arraylike.py:399: RuntimeWarning: divide by zero encountered in log
  result = getattr(ufunc, method)(*inputs, **kwargs)
/u/home/j/jamesdc1/.conda/envs/hpc-pi/lib/python3.11/site-packages/pandas/core/arraylike.py:399: RuntimeWarning: divide by zero encountered in log
  result = getattr(ufunc, method)(*inputs, **kwargs)
/u/home/j/jamesdc1/.conda/envs/hpc-pi/lib/python3.11/site-packages/pandas/core/arraylike.py:399: RuntimeWarning: divide by zero encountered in log
  result = getattr(ufunc, method)(*inputs, **kwargs)
/u/home/j/jamesdc1/.conda/envs/hpc-pi/lib/python3.11/site-packages/pandas/core/arraylike.py:399: RuntimeWarning: divide by zero encountered in log
  result = getattr(ufunc, method)(*inputs, **kwargs)
/u/home/j/jamesdc1/.conda/envs/hpc-pi/lib/python3.11/site-packages/pandas/core/arraylike.py:399: RuntimeWarning: divide by zero encountered in log
  result = getattr(ufunc, method)(*inputs, **kwargs)
/u/home/j/jamesdc1/.conda/envs/hpc-pi/lib/python3.11/site-packages/pandas/core/arraylike.py:399: RuntimeWarning: divide by zero encountered in log
  result = getattr(ufunc, method)(*inputs, **kwargs)
/u/home/j/jamesdc1/.conda/envs/hpc-pi/lib/python3.11/site-packages/pandas/core/arraylike.py:399: RuntimeWarning: divide by zero encountered in log
  result = getattr(ufunc, method)(*inputs, **kwargs)
    segment estimator  train_win  pooled_train_win  bar_end      sample     n      first  QLIKE_subsection  QLIKE_pooled     diff       pct    ci_lo    ci_hi   dm_stat  improves
    bar1000  reclasso        500               500 all bars      common  3119 2012-03-23           0.11913       0.11570  0.00343   2.96186 -0.00234  0.01149   1.07540     False
    bar1000  reclasso        500               500 all bars deck period  1116 2020-01-03           0.12854       0.11606  0.01249  10.76036 -0.00076  0.03270   1.63920     False
    bar1000  reclasso        500               500    10:00      common  3119 2012-03-23           0.11913       0.11570  0.00343   2.96186 -0.00234  0.01149   1.07540     False
    bar1000  reclasso        500               500    10:00 deck period  1116 2020-01-03           0.12854       0.11606  0.01249  10.76036 -0.00076  0.03270   1.63920     False
    bar1000  reclasso       2000               500 all bars      common  1619 2018-01-19           0.12623       0.12310  0.00313   2.54407 -0.00407  0.01064   0.85367     False
    bar1000  reclasso       2000               500 all bars deck period  1116 2020-01-03           0.12571       0.11606  0.00966   8.32014  0.00193  0.01907   2.33199     False
    bar1000  reclasso       2000               500    10:00      common  1619 2018-01-19           0.12623       0.12310  0.00313   2.54407 -0.00407  0.01064   0.85367     False
    bar1000  reclasso       2000               500    10:00 deck period  1116 2020-01-03           0.12571       0.11606  0.00966   8.32014  0.00193  0.01907   2.33199     False
    bar1000  reclasso       2000              2000 all bars      common  1619 2018-01-19           0.12623       0.12263  0.00360   2.93808 -0.00294  0.01117   1.10248     False
    bar1000  reclasso       2000              2000 all bars deck period  1116 2020-01-03           0.12571       0.11820  0.00751   6.35535  0.00046  0.01716   2.04649     False
    bar1000  reclasso       2000              2000    10:00      common  1619 2018-01-19           0.12623       0.12263  0.00360   2.93808 -0.00294  0.01117   1.10248     False
    bar1000  reclasso       2000              2000    10:00 deck period  1116 2020-01-03           0.12571       0.11820  0.00751   6.35535  0.00046  0.01716   2.04649     False
    bar1030  reclasso        500               500 all bars      common  3119 2012-03-23           0.14802       0.14369  0.00434   3.01789 -0.00307  0.01565   1.17077     False
    bar1030  reclasso        500               500 all bars deck period  1116 2020-01-03           0.16645       0.15441  0.01203   7.79208 -0.00627  0.04299   1.35668     False
    bar1030  reclasso        500               500    10:30      common  3119 2012-03-23           0.14802       0.14369  0.00434   3.01789 -0.00307  0.01565   1.17077     False
    bar1030  reclasso        500               500    10:30 deck period  1116 2020-01-03           0.16645       0.15441  0.01203   7.79208 -0.00627  0.04299   1.35668     False
    bar1030  reclasso       2000               500 all bars      common  1619 2018-01-19           0.15612       0.15691 -0.00079  -0.50440 -0.00500  0.00327  -0.34037     False
    bar1030  reclasso       2000               500 all bars deck period  1116 2020-01-03           0.15373       0.15441 -0.00068  -0.44301 -0.00651  0.00509  -0.21340     False
    bar1030  reclasso       2000               500    10:30      common  1619 2018-01-19           0.15612       0.15691 -0.00079  -0.50440 -0.00500  0.00327  -0.34037     False
    bar1030  reclasso       2000               500    10:30 deck period  1116 2020-01-03           0.15373       0.15441 -0.00068  -0.44301 -0.00651  0.00509  -0.21340     False
    bar1030  reclasso       2000              2000 all bars      common  1619 2018-01-19           0.15612       0.15712 -0.00101  -0.64037 -0.00455  0.00259  -0.51754     False
    bar1030  reclasso       2000              2000 all bars deck period  1116 2020-01-03           0.15373       0.15480 -0.00107  -0.69088 -0.00595  0.00356  -0.40930     False
    bar1030  reclasso       2000              2000    10:30      common  1619 2018-01-19           0.15612       0.15712 -0.00101  -0.64037 -0.00455  0.00259  -0.51754     False
    bar1030  reclasso       2000              2000    10:30 deck period  1116 2020-01-03           0.15373       0.15480 -0.00107  -0.69088 -0.00595  0.00356  -0.40930     False
    bar1100  reclasso        500               500 all bars      common  3119 2012-03-23           0.12758       0.12551  0.00207   1.64836 -0.00221  0.00743   0.93561     False
    bar1100  reclasso        500               500 all bars deck period  1116 2020-01-03           0.14512       0.14145  0.00367   2.59197 -0.00605  0.01760   0.75830     False
    bar1100  reclasso        500               500    11:00      common  3119 2012-03-23           0.12758       0.12551  0.00207   1.64836 -0.00221  0.00743   0.93561     False
    bar1100  reclasso        500               500    11:00 deck period  1116 2020-01-03           0.14512       0.14145  0.00367   2.59197 -0.00605  0.01760   0.75830     False
    bar1100  reclasso       2000               500 all bars      common  1619 2018-01-19           0.13521       0.13364  0.00157   1.17501 -0.00275  0.00618   0.78468     False
    bar1100  reclasso       2000               500 all bars deck period  1116 2020-01-03           0.14408       0.14145  0.00263   1.85680 -0.00276  0.00911   1.01702     False
    bar1100  reclasso       2000               500    11:00      common  1619 2018-01-19           0.13521       0.13364  0.00157   1.17501 -0.00275  0.00618   0.78468     False
    bar1100  reclasso       2000               500    11:00 deck period  1116 2020-01-03           0.14408       0.14145  0.00263   1.85680 -0.00276  0.00911   1.01702     False
    bar1100  reclasso       2000              2000 all bars      common  1619 2018-01-19           0.13521       0.13605 -0.00084  -0.61960 -0.00489  0.00360  -0.45886     False
    bar1100  reclasso       2000              2000 all bars deck period  1116 2020-01-03           0.14408       0.14530 -0.00122  -0.84019 -0.00649  0.00537  -0.49824     False
    bar1100  reclasso       2000              2000    11:00      common  1619 2018-01-19           0.13521       0.13605 -0.00084  -0.61960 -0.00489  0.00360  -0.45886     False
    bar1100  reclasso       2000              2000    11:00 deck period  1116 2020-01-03           0.14408       0.14530 -0.00122  -0.84019 -0.00649  0.00537  -0.49824     False
    bar1130  reclasso        500               500 all bars      common  3121 2012-03-21           0.12961       0.13022 -0.00061  -0.46825 -0.00576  0.00673  -0.19719     False
    bar1130  reclasso        500               500 all bars deck period  1116 2020-01-03           0.13857       0.14025 -0.00168  -1.20026 -0.00583  0.00284  -0.77199     False
    bar1130  reclasso        500               500    11:30      common  3121 2012-03-21           0.12961       0.13022 -0.00061  -0.46825 -0.00576  0.00673  -0.19719     False
    bar1130  reclasso        500               500    11:30 deck period  1116 2020-01-03           0.13857       0.14025 -0.00168  -1.20026 -0.00583  0.00284  -0.77199     False
    bar1130  reclasso       2000               500 all bars      common  1621 2018-01-17           0.13218       0.13374 -0.00156  -1.16810 -0.00538  0.00202  -0.84650     False
    bar1130  reclasso       2000               500 all bars deck period  1116 2020-01-03           0.13926       0.14025 -0.00099  -0.70366 -0.00571  0.00363  -0.42965     False
    bar1130  reclasso       2000               500    11:30      common  1621 2018-01-17           0.13218       0.13374 -0.00156  -1.16810 -0.00538  0.00202  -0.84650     False
    bar1130  reclasso       2000               500    11:30 deck period  1116 2020-01-03           0.13926       0.14025 -0.00099  -0.70366 -0.00571  0.00363  -0.42965     False
    bar1130  reclasso       2000              2000 all bars      common  1621 2018-01-17           0.13218       0.13644 -0.00426  -3.11952 -0.00803 -0.00056  -2.30889      True
    bar1130  reclasso       2000              2000 all bars deck period  1116 2020-01-03           0.13926       0.14585 -0.00658  -4.51432 -0.01110 -0.00235  -2.90232      True
    bar1130  reclasso       2000              2000    11:30      common  1621 2018-01-17           0.13218       0.13644 -0.00426  -3.11952 -0.00803 -0.00056  -2.30889      True
    bar1130  reclasso       2000              2000    11:30 deck period  1116 2020-01-03           0.13926       0.14585 -0.00658  -4.51432 -0.01110 -0.00235  -2.90232      True
    bar1200  reclasso        500               500 all bars      common  3060 2012-05-31           0.13145       0.13534 -0.00389  -2.87169 -0.00715 -0.00069  -2.34595      True
    bar1200  reclasso        500               500 all bars deck period  1116 2020-01-03           0.13049       0.13638 -0.00589  -4.31558 -0.01080 -0.00110  -2.15673      True
    bar1200  reclasso        500               500    12:00      common  3060 2012-05-31           0.13145       0.13534 -0.00389  -2.87169 -0.00715 -0.00069  -2.34595      True
    bar1200  reclasso        500               500    12:00 deck period  1116 2020-01-03           0.13049       0.13638 -0.00589  -4.31558 -0.01080 -0.00110  -2.15673      True
    bar1200  reclasso       2000               500 all bars      common  1560 2018-04-13           0.15032       0.15098 -0.00066  -0.43806 -0.00480  0.00393  -0.32544     False
    bar1200  reclasso       2000               500 all bars deck period  1116 2020-01-03           0.13667       0.13638  0.00029   0.21124 -0.00423  0.00483   0.14976     False
    bar1200  reclasso       2000               500    12:00      common  1560 2018-04-13           0.15032       0.15098 -0.00066  -0.43806 -0.00480  0.00393  -0.32544     False
    bar1200  reclasso       2000               500    12:00 deck period  1116 2020-01-03           0.13667       0.13638  0.00029   0.21124 -0.00423  0.00483   0.14976     False
    bar1200  reclasso       2000              2000 all bars      common  1560 2018-04-13           0.15032       0.15368 -0.00337  -2.19029 -0.00731  0.00133  -1.61221     False
    bar1200  reclasso       2000              2000 all bars deck period  1116 2020-01-03           0.13667       0.14060 -0.00394  -2.80150 -0.00826  0.00161  -1.85591     False
    bar1200  reclasso       2000              2000    12:00      common  1560 2018-04-13           0.15032       0.15368 -0.00337  -2.19029 -0.00731  0.00133  -1.61221     False
    bar1200  reclasso       2000              2000    12:00 deck period  1116 2020-01-03           0.13667       0.14060 -0.00394  -2.80150 -0.00826  0.00161  -1.85591     False
    bar1230  reclasso        500               500 all bars      common  3060 2012-05-31           0.13661       0.14115 -0.00455  -3.22029 -0.00799 -0.00116  -2.68801      True
    bar1230  reclasso        500               500 all bars deck period  1116 2020-01-03           0.13870       0.14350 -0.00480  -3.34588 -0.01033  0.00064  -1.62651     False
    bar1230  reclasso        500               500    12:30      common  3060 2012-05-31           0.13661       0.14115 -0.00455  -3.22029 -0.00799 -0.00116  -2.68801      True
    bar1230  reclasso        500               500    12:30 deck period  1116 2020-01-03           0.13870       0.14350 -0.00480  -3.34588 -0.01033  0.00064  -1.62651     False
    bar1230  reclasso       2000               500 all bars      common  1560 2018-04-13           0.15096       0.14968  0.00128   0.85845 -0.00250  0.00545   0.66686     False
    bar1230  reclasso       2000               500 all bars deck period  1116 2020-01-03           0.14765       0.14350  0.00415   2.89109 -0.00085  0.00945   1.79098     False
    bar1230  reclasso       2000               500    12:30      common  1560 2018-04-13           0.15096       0.14968  0.00128   0.85845 -0.00250  0.00545   0.66686     False
    bar1230  reclasso       2000               500    12:30 deck period  1116 2020-01-03           0.14765       0.14350  0.00415   2.89109 -0.00085  0.00945   1.79098     False
    bar1230  reclasso       2000              2000 all bars      common  1560 2018-04-13           0.15096       0.15628 -0.00531  -3.40097 -0.00898 -0.00115  -3.01787      True
    bar1230  reclasso       2000              2000 all bars deck period  1116 2020-01-03           0.14765       0.15169 -0.00404  -2.66538 -0.00864  0.00150  -1.93768     False
    bar1230  reclasso       2000              2000    12:30      common  1560 2018-04-13           0.15096       0.15628 -0.00531  -3.40097 -0.00898 -0.00115  -3.01787      True
    bar1230  reclasso       2000              2000    12:30 deck period  1116 2020-01-03           0.14765       0.15169 -0.00404  -2.66538 -0.00864  0.00150  -1.93768     False
    bar1300  reclasso        500               500 all bars      common  3060 2012-05-31           0.15712       0.15848 -0.00136  -0.85618 -0.00562  0.00309  -0.62180     False
    bar1300  reclasso        500               500 all bars deck period  1116 2020-01-03           0.16490       0.16632 -0.00142  -0.85159 -0.01119  0.00921  -0.27975     False
    bar1300  reclasso        500               500    13:00      common  3060 2012-05-31           0.15712       0.15848 -0.00136  -0.85618 -0.00562  0.00309  -0.62180     False
    bar1300  reclasso        500               500    13:00 deck period  1116 2020-01-03           0.16490       0.16632 -0.00142  -0.85159 -0.01119  0.00921  -0.27975     False
    bar1300  reclasso       2000               500 all bars      common  1560 2018-04-13           0.17475       0.17695 -0.00220  -1.24242 -0.00959  0.00665  -0.60195     False
    bar1300  reclasso       2000               500 all bars deck period  1116 2020-01-03           0.16746       0.16632  0.00114   0.68782 -0.00893  0.01247   0.24342     False
    bar1300  reclasso       2000               500    13:00      common  1560 2018-04-13           0.17475       0.17695 -0.00220  -1.24242 -0.00959  0.00665  -0.60195     False
    bar1300  reclasso       2000               500    13:00 deck period  1116 2020-01-03           0.16746       0.16632  0.00114   0.68782 -0.00893  0.01247   0.24342     False
    bar1300  reclasso       2000              2000 all bars      common  1560 2018-04-13           0.17475       0.17929 -0.00454  -2.53381 -0.01191  0.00536  -1.12038     False
    bar1300  reclasso       2000              2000 all bars deck period  1116 2020-01-03           0.16746       0.16961 -0.00214  -1.26371 -0.01218  0.01089  -0.39723     False
    bar1300  reclasso       2000              2000    13:00      common  1560 2018-04-13           0.17475       0.17929 -0.00454  -2.53381 -0.01191  0.00536  -1.12038     False
    bar1300  reclasso       2000              2000    13:00 deck period  1116 2020-01-03           0.16746       0.16961 -0.00214  -1.26371 -0.01218  0.01089  -0.39723     False
    bar1330  reclasso        500               500 all bars      common  2999 2012-05-31           0.16887       0.16715  0.00173   1.03361 -0.00461  0.00880   0.54780     False
    bar1330  reclasso        500               500 all bars deck period  1088 2020-01-03           0.18354       0.17064  0.01290   7.56068 -0.00012  0.03031   2.03151     False
    bar1330  reclasso        500               500    13:30      common  2999 2012-05-31           0.16887       0.16715  0.00173   1.03361 -0.00461  0.00880   0.54780     False
    bar1330  reclasso        500               500    13:30 deck period  1088 2020-01-03           0.18354       0.17064  0.01290   7.56068 -0.00012  0.03031   2.03151     False
    bar1330  reclasso       2000               500 all bars      common  1499 2018-05-17           0.17467       0.17872 -0.00405  -2.26853 -0.00907  0.00090  -1.71662     False
    bar1330  reclasso       2000               500 all bars deck period  1088 2020-01-03           0.16919       0.17064 -0.00145  -0.85074 -0.00699  0.00352  -0.54987     False
    bar1330  reclasso       2000               500    13:30      common  1499 2018-05-17           0.17467       0.17872 -0.00405  -2.26853 -0.00907  0.00090  -1.71662     False
    bar1330  reclasso       2000               500    13:30 deck period  1088 2020-01-03           0.16919       0.17064 -0.00145  -0.85074 -0.00699  0.00352  -0.54987     False
    bar1330  reclasso       2000              2000 all bars      common  1499 2018-05-17           0.17467       0.17964 -0.00497  -2.76606 -0.00831 -0.00141  -2.76305      True
    bar1330  reclasso       2000              2000 all bars deck period  1088 2020-01-03           0.16919       0.17282 -0.00363  -2.10167 -0.00768  0.00045  -1.72892     False
    bar1330  reclasso       2000              2000    13:30      common  1499 2018-05-17           0.17467       0.17964 -0.00497  -2.76606 -0.00831 -0.00141  -2.76305      True
    bar1330  reclasso       2000              2000    13:30 deck period  1088 2020-01-03           0.16919       0.17282 -0.00363  -2.10167 -0.00768  0.00045  -1.72892     False
    bar1400  reclasso        500               500 all bars      common  2987 2012-06-13           0.15766       0.15494  0.00272   1.75278 -0.00195  0.00820   1.08662     False
    bar1400  reclasso        500               500 all bars deck period  1088 2020-01-03           0.18161       0.17341  0.00820   4.72899 -0.00149  0.02109   1.36159     False
    bar1400  reclasso        500               500    14:00      common  2987 2012-06-13           0.15766       0.15494  0.00272   1.75278 -0.00195  0.00820   1.08662     False
    bar1400  reclasso        500               500    14:00 deck period  1088 2020-01-03           0.18161       0.17341  0.00820   4.72899 -0.00149  0.02109   1.36159     False
    bar1400  reclasso       2000               500 all bars      common  1487 2018-06-01           0.18513       0.17775  0.00738   4.15294  0.00097  0.01570   2.00752     False
    bar1400  reclasso       2000               500 all bars deck period  1088 2020-01-03           0.18518       0.17341  0.01177   6.78462  0.00351  0.02311   2.44663     False
    bar1400  reclasso       2000               500    14:00      common  1487 2018-06-01           0.18513       0.17775  0.00738   4.15294  0.00097  0.01570   2.00752     False
    bar1400  reclasso       2000               500    14:00 deck period  1088 2020-01-03           0.18518       0.17341  0.01177   6.78462  0.00351  0.02311   2.44663     False
    bar1400  reclasso       2000              2000 all bars      common  1487 2018-06-01           0.18513       0.18091  0.00422   2.33129 -0.00253  0.01321   1.13547     False
    bar1400  reclasso       2000              2000 all bars deck period  1088 2020-01-03           0.18518       0.17783  0.00734   4.12864 -0.00144  0.01946   1.50724     False
    bar1400  reclasso       2000              2000    14:00      common  1487 2018-06-01           0.18513       0.18091  0.00422   2.33129 -0.00253  0.01321   1.13547     False
    bar1400  reclasso       2000              2000    14:00 deck period  1088 2020-01-03           0.18518       0.17783  0.00734   4.12864 -0.00144  0.01946   1.50724     False
    bar1430  reclasso        500               500 all bars      common  2979 2012-06-20           0.25825       0.30686 -0.04861 -15.84086 -0.06237 -0.03602  -7.28747      True
    bar1430  reclasso        500               500 all bars deck period  1087 2020-01-03           0.27989       0.34560 -0.06571 -19.01260 -0.09653 -0.04091  -4.44660      True
    bar1430  reclasso        500               500    14:30      common  2979 2012-06-20           0.25825       0.30686 -0.04861 -15.84086 -0.06237 -0.03602  -7.28747      True
    bar1430  reclasso        500               500    14:30 deck period  1087 2020-01-03           0.27989       0.34560 -0.06571 -19.01260 -0.09653 -0.04091  -4.44660      True
    bar1430  reclasso       2000               500 all bars      common  1479 2018-06-11           0.26467       0.32788 -0.06321 -19.27722 -0.08924 -0.04083  -4.82631      True
    bar1430  reclasso       2000               500 all bars deck period  1087 2020-01-03           0.27066       0.34560 -0.07494 -21.68439 -0.10975 -0.04719  -4.44937      True
    bar1430  reclasso       2000               500    14:30      common  1479 2018-06-11           0.26467       0.32788 -0.06321 -19.27722 -0.08924 -0.04083  -4.82631      True
    bar1430  reclasso       2000               500    14:30 deck period  1087 2020-01-03           0.27066       0.34560 -0.07494 -21.68439 -0.10975 -0.04719  -4.44937      True
    bar1430  reclasso       2000              2000 all bars      common  1479 2018-06-11           0.26467       0.31826 -0.05359 -16.83867 -0.07328 -0.03538  -5.63112      True
    bar1430  reclasso       2000              2000 all bars deck period  1087 2020-01-03           0.27066       0.33436 -0.06370 -19.05105 -0.08851 -0.04242  -5.48455      True
    bar1430  reclasso       2000              2000    14:30      common  1479 2018-06-11           0.26467       0.31826 -0.05359 -16.83867 -0.07328 -0.03538  -5.63112      True
    bar1430  reclasso       2000              2000    14:30 deck period  1087 2020-01-03           0.27066       0.33436 -0.06370 -19.05105 -0.08851 -0.04242  -5.48455      True
    bar1500  reclasso        500               500 all bars      common  2977 2012-06-21           0.16614       0.17608 -0.00994  -5.64578 -0.01755 -0.00176  -2.55098      True
    bar1500  reclasso        500               500 all bars deck period  1087 2020-01-03           0.18941       0.20673 -0.01732  -8.37775 -0.03212 -0.00083  -2.09391      True
    bar1500  reclasso        500               500    15:00      common  2977 2012-06-21           0.16614       0.17608 -0.00994  -5.64578 -0.01755 -0.00176  -2.55098      True
    bar1500  reclasso        500               500    15:00 deck period  1087 2020-01-03           0.18941       0.20673 -0.01732  -8.37775 -0.03212 -0.00083  -2.09391      True
    bar1500  reclasso       2000               500 all bars      common  1477 2018-06-13           0.21907       0.22412 -0.00505  -2.25278 -0.01119  0.00169  -1.44030     False
    bar1500  reclasso       2000               500 all bars deck period  1087 2020-01-03           0.20178       0.20673 -0.00496  -2.39706 -0.01236  0.00310  -1.14512     False
    bar1500  reclasso       2000               500    15:00      common  1477 2018-06-13           0.21907       0.22412 -0.00505  -2.25278 -0.01119  0.00169  -1.44030     False
    bar1500  reclasso       2000               500    15:00 deck period  1087 2020-01-03           0.20178       0.20673 -0.00496  -2.39706 -0.01236  0.00310  -1.14512     False
    bar1500  reclasso       2000              2000 all bars      common  1477 2018-06-13           0.21907       0.23072 -0.01165  -5.05027 -0.01779 -0.00564  -4.08161      True
    bar1500  reclasso       2000              2000 all bars deck period  1087 2020-01-03           0.20178       0.21724 -0.01546  -7.11706 -0.02251 -0.00844  -4.36291      True
    bar1500  reclasso       2000              2000    15:00      common  1477 2018-06-13           0.21907       0.23072 -0.01165  -5.05027 -0.01779 -0.00564  -4.08161      True
    bar1500  reclasso       2000              2000    15:00 deck period  1087 2020-01-03           0.20178       0.21724 -0.01546  -7.11706 -0.02251 -0.00844  -4.36291      True
    bar1530  reclasso        500               500 all bars      common  2975 2012-06-25           0.12576       0.12852 -0.00276  -2.14554 -0.00779  0.00304  -1.04101     False
    bar1530  reclasso        500               500 all bars deck period  1087 2020-01-03           0.14116       0.12903  0.01213   9.40006  0.00179  0.02643   2.05004     False
    bar1530  reclasso        500               500    15:30      common  2975 2012-06-25           0.12576       0.12852 -0.00276  -2.14554 -0.00779  0.00304  -1.04101     False
    bar1530  reclasso        500               500    15:30 deck period  1087 2020-01-03           0.14116       0.12903  0.01213   9.40006  0.00179  0.02643   2.05004     False
    bar1530  reclasso       2000               500 all bars      common  1475 2018-06-15           0.13302       0.13557 -0.00256  -1.88648 -0.00762  0.00300  -0.98521     False
    bar1530  reclasso       2000               500 all bars deck period  1087 2020-01-03           0.13122       0.12903  0.00219   1.69853 -0.00274  0.00765   0.72238     False
    bar1530  reclasso       2000               500    15:30      common  1475 2018-06-15           0.13302       0.13557 -0.00256  -1.88648 -0.00762  0.00300  -0.98521     False
    bar1530  reclasso       2000               500    15:30 deck period  1087 2020-01-03           0.13122       0.12903  0.00219   1.69853 -0.00274  0.00765   0.72238     False
    bar1530  reclasso       2000              2000 all bars      common  1475 2018-06-15           0.13302       0.13744 -0.00443  -3.22097 -0.00965  0.00143  -1.55844     False
    bar1530  reclasso       2000              2000 all bars deck period  1087 2020-01-03           0.13122       0.13360 -0.00238  -1.78447 -0.00918  0.00513  -0.67699     False
    bar1530  reclasso       2000              2000    15:30      common  1475 2018-06-15           0.13302       0.13744 -0.00443  -3.22097 -0.00965  0.00143  -1.55844     False
    bar1530  reclasso       2000              2000    15:30 deck period  1087 2020-01-03           0.13122       0.13360 -0.00238  -1.78447 -0.00918  0.00513  -0.67699     False
    bar1600  reclasso        500               500 all bars      common  2969 2012-07-03           0.12026       0.12503 -0.00477  -3.81648 -0.00752 -0.00208  -3.37447      True
    bar1600  reclasso        500               500 all bars deck period  1087 2020-01-03           0.11058       0.11307 -0.00249  -2.20099 -0.00580  0.00062  -1.44761     False
    bar1600  reclasso        500               500    16:00      common  2969 2012-07-03           0.12026       0.12503 -0.00477  -3.81648 -0.00752 -0.00208  -3.37447      True
    bar1600  reclasso        500               500    16:00 deck period  1087 2020-01-03           0.11058       0.11307 -0.00249  -2.20099 -0.00580  0.00062  -1.44761     False
    bar1600  reclasso       2000               500 all bars      common  1469 2018-06-25           0.11685       0.12790 -0.01105  -8.63693 -0.01856 -0.00502  -3.59482      True
    bar1600  reclasso       2000               500 all bars deck period  1087 2020-01-03           0.10489       0.11307 -0.00818  -7.23448 -0.01569 -0.00201  -2.39341      True
    bar1600  reclasso       2000               500    16:00      common  1469 2018-06-25           0.11685       0.12790 -0.01105  -8.63693 -0.01856 -0.00502  -3.59482      True
    bar1600  reclasso       2000               500    16:00 deck period  1087 2020-01-03           0.10489       0.11307 -0.00818  -7.23448 -0.01569 -0.00201  -2.39341      True
    bar1600  reclasso       2000              2000 all bars      common  1469 2018-06-25           0.11685       0.12759 -0.01074  -8.42042 -0.01630 -0.00593  -4.35021      True
    bar1600  reclasso       2000              2000 all bars deck period  1087 2020-01-03           0.10489       0.11288 -0.00799  -7.07873 -0.01282 -0.00344  -3.07245      True
    bar1600  reclasso       2000              2000    16:00      common  1469 2018-06-25           0.11685       0.12759 -0.01074  -8.42042 -0.01630 -0.00593  -4.35021      True
    bar1600  reclasso       2000              2000    16:00 deck period  1087 2020-01-03           0.10489       0.11288 -0.00799  -7.07873 -0.01282 -0.00344  -3.07245      True
  blk_close  reclasso        500               500 all bars      common  9069 2006-04-10           0.11990       0.12386 -0.00396  -3.19481 -0.00701 -0.00098  -2.88144      True
  blk_close  reclasso        500               500 all bars deck period  2174 2020-01-03           0.12310       0.12105  0.00206   1.69817 -0.00098  0.00536   1.33722     False
  blk_close  reclasso        500               500    15:30      common  4535 2006-04-10           0.12321       0.12695 -0.00374  -2.94988 -0.00670 -0.00074  -2.55898      True
  blk_close  reclasso        500               500    15:30 deck period  1087 2020-01-03           0.13308       0.12903  0.00405   3.14161 -0.00055  0.00873   1.78126     False
  blk_close  reclasso        500               500    16:00      common  4534 2006-04-10           0.11660       0.12077 -0.00417  -3.45233 -0.00852  0.00080  -1.85851     False
  blk_close  reclasso        500               500    16:00 deck period  1087 2020-01-03           0.11313       0.11307  0.00006   0.05102 -0.00366  0.00396   0.02717     False
  blk_close  reclasso       2000               500 all bars      common  6069 2012-03-29           0.11667       0.12676 -0.01009  -7.96290 -0.01250 -0.00770  -9.42343      True
  blk_close  reclasso       2000               500 all bars deck period  2174 2020-01-03           0.11721       0.12105 -0.00384  -3.16923 -0.00774 -0.00032  -2.31300      True
  blk_close  reclasso       2000               500    15:30      common  3034 2012-03-30           0.12068       0.12909 -0.00841  -6.51687 -0.01167 -0.00510  -5.40295      True
  blk_close  reclasso       2000               500    15:30 deck period  1087 2020-01-03           0.12812       0.12903 -0.00091  -0.70253 -0.00603  0.00416  -0.36155     False
  blk_close  reclasso       2000               500    16:00      common  3035 2012-03-29           0.11265       0.12443 -0.01177  -9.46269 -0.01504 -0.00876  -7.65074      True
  blk_close  reclasso       2000               500    16:00 deck period  1087 2020-01-03           0.10630       0.11307 -0.00677  -5.98405 -0.01197 -0.00208  -3.00558      True
  blk_close  reclasso       2000              2000 all bars      common  6069 2012-03-29           0.11667       0.12711 -0.01045  -8.21792 -0.01254 -0.00836 -10.56733      True
  blk_close  reclasso       2000              2000 all bars deck period  2174 2020-01-03           0.11721       0.12324 -0.00603  -4.89233 -0.00955 -0.00257  -3.95651      True
  blk_close  reclasso       2000              2000    15:30      common  3034 2012-03-30           0.12068       0.13050 -0.00982  -7.52555 -0.01262 -0.00696  -7.09432      True
  blk_close  reclasso       2000              2000    15:30 deck period  1087 2020-01-03           0.12812       0.13360 -0.00548  -4.10331 -0.01002 -0.00115  -2.63732      True
  blk_close  reclasso       2000              2000    16:00      common  3035 2012-03-29           0.11265       0.12372 -0.01107  -8.94798 -0.01378 -0.00842  -7.82756      True
  blk_close  reclasso       2000              2000    16:00 deck period  1087 2020-01-03           0.10630       0.11288 -0.00658  -5.82621 -0.01058 -0.00255  -3.17347      True
   blk_core  reclasso        500               500 all bars      common 40156 2001-10-11           0.12618       0.13283 -0.00665  -5.00477 -0.00901 -0.00643 -13.53567      True
   blk_core  reclasso        500               500 all bars deck period  7756 2020-01-03           0.14799       0.15300 -0.00501  -3.27203 -0.00986 -0.00273  -3.28306      True
   blk_core  reclasso        500               500    11:00      common  5797 2001-10-11           0.10879       0.11397 -0.00518  -4.54390 -0.00667 -0.00364  -6.27855      True
   blk_core  reclasso        500               500    11:00 deck period  1116 2020-01-03           0.13705       0.14145 -0.00440  -3.11214 -0.00881  0.00009  -1.95114     False
   blk_core  reclasso        500               500    11:30      common  5799 2001-10-11           0.11441       0.12097 -0.00656  -5.42446 -0.00851 -0.00466  -6.85846      True
   blk_core  reclasso        500               500    11:30 deck period  1116 2020-01-03           0.13149       0.14025 -0.00877  -6.25054 -0.01313 -0.00430  -3.80275      True
   blk_core  reclasso        500               500    12:00      common  5738 2001-10-11           0.11815       0.12565 -0.00750  -5.97146 -0.00949 -0.00564  -7.66739      True
   blk_core  reclasso        500               500    12:00 deck period  1116 2020-01-03           0.12895       0.13638 -0.00743  -5.44887 -0.01217 -0.00260  -2.96025      True
   blk_core  reclasso        500               500    12:30      common  5738 2001-10-11           0.13218       0.14030 -0.00812  -5.79027 -0.01000 -0.00624  -8.68557      True
   blk_core  reclasso        500               500    12:30 deck period  1116 2020-01-03           0.13156       0.14350 -0.01193  -8.31533 -0.01589 -0.00795  -5.30798      True
   blk_core  reclasso        500               500    13:00      common  5738 2001-10-11           0.13537       0.14189 -0.00652  -4.59597 -0.00881 -0.00396  -5.18560      True
   blk_core  reclasso        500               500    13:00 deck period  1116 2020-01-03           0.16329       0.16632 -0.00303  -1.81944 -0.01119  0.00654  -0.62131     False
   blk_core  reclasso        500               500    13:30      common  5677 2001-10-11           0.14132       0.14803 -0.00671  -4.53053 -0.00921 -0.00423  -5.39531      True
   blk_core  reclasso        500               500    13:30 deck period  1088 2020-01-03           0.17180       0.17064  0.00116   0.67914 -0.00650  0.00901   0.31535     False
   blk_core  reclasso        500               500    14:00      common  5669 2001-10-11           0.13359       0.13954 -0.00595  -4.26151 -0.00859 -0.00289  -4.33257      True
   blk_core  reclasso        500               500    14:00 deck period  1088 2020-01-03           0.17304       0.17341 -0.00037  -0.21522 -0.00912  0.01079  -0.07251     False
   blk_core  reclasso       2000               500 all bars      common 29656 2007-09-19           0.13171       0.13671 -0.00500  -3.65664 -0.00660 -0.00382 -10.22787      True
   blk_core  reclasso       2000               500 all bars deck period  7756 2020-01-03           0.15076       0.15300 -0.00224  -1.46271 -0.00564  0.00106  -1.95233     False
   blk_core  reclasso       2000               500    11:00      common  4282 2007-09-20           0.11369       0.11810 -0.00441  -3.73347 -0.00600 -0.00277  -5.49583      True
   blk_core  reclasso       2000               500    11:00 deck period  1116 2020-01-03           0.13883       0.14145 -0.00262  -1.85277 -0.00596  0.00087  -1.49155     False
   blk_core  reclasso       2000               500    11:30      common  4282 2007-09-20           0.12040       0.12490 -0.00450  -3.60071 -0.00639 -0.00270  -5.29290      True
   blk_core  reclasso       2000               500    11:30 deck period  1116 2020-01-03           0.13832       0.14025 -0.00193  -1.37402 -0.00590  0.00179  -1.14338     False
   blk_core  reclasso       2000               500    12:00      common  4243 2007-09-20           0.12222       0.12740 -0.00518  -4.06622 -0.00723 -0.00325  -5.52975      True
   blk_core  reclasso       2000               500    12:00 deck period  1116 2020-01-03           0.13115       0.13638 -0.00522  -3.82956 -0.00986 -0.00093  -2.86026      True
   blk_core  reclasso       2000               500    12:30      common  4244 2007-09-19           0.13087       0.13599 -0.00512  -3.76824 -0.00707 -0.00300  -5.37830      True
   blk_core  reclasso       2000               500    12:30 deck period  1116 2020-01-03           0.14048       0.14350 -0.00302  -2.10561 -0.00739  0.00142  -1.60237     False
   blk_core  reclasso       2000               500    13:00      common  4244 2007-09-19           0.14605       0.15128 -0.00523  -3.45754 -0.00765 -0.00282  -4.18686      True
   blk_core  reclasso       2000               500    13:00 deck period  1116 2020-01-03           0.16504       0.16632 -0.00128  -0.76777 -0.00754  0.00555  -0.35014     False
   blk_core  reclasso       2000               500    13:30      common  4183 2007-09-19           0.14924       0.15501 -0.00577  -3.72278 -0.00793 -0.00347  -5.29252      True
   blk_core  reclasso       2000               500    13:30 deck period  1088 2020-01-03           0.16833       0.17064 -0.00232  -1.35703 -0.00762  0.00274  -0.95032     False
   blk_core  reclasso       2000               500    14:00      common  4178 2007-09-19           0.14016       0.14496 -0.00480  -3.31020 -0.00758 -0.00155  -3.21005      True
   blk_core  reclasso       2000               500    14:00 deck period  1088 2020-01-03           0.17420       0.17341  0.00079   0.45738 -0.00702  0.01131   0.17470     False
   blk_core  reclasso       2000              2000 all bars      common 29195 2007-12-21           0.13217       0.13853 -0.00636  -4.59238 -0.00794 -0.00578 -14.63112      True
   blk_core  reclasso       2000              2000 all bars deck period  7756 2020-01-03           0.15076       0.15754 -0.00678  -4.30555 -0.00964 -0.00471  -6.43998      True
   blk_core  reclasso       2000              2000    11:00      common  4216 2007-12-21           0.11413       0.11924 -0.00511  -4.28776 -0.00638 -0.00382  -7.73711      True
   blk_core  reclasso       2000              2000    11:00 deck period  1116 2020-01-03           0.13883       0.14530 -0.00647  -4.45153 -0.00915 -0.00373  -4.47354      True
   blk_core  reclasso       2000              2000    11:30      common  4216 2007-12-21           0.12056       0.12632 -0.00576  -4.55622 -0.00713 -0.00438  -7.92065      True
   blk_core  reclasso       2000              2000    11:30 deck period  1116 2020-01-03           0.13832       0.14585 -0.00752  -5.15895 -0.01026 -0.00457  -5.26483      True
   blk_core  reclasso       2000              2000    12:00      common  4178 2007-12-21           0.12266       0.12989 -0.00722  -5.56221 -0.00873 -0.00574  -9.57375      True
   blk_core  reclasso       2000              2000    12:00 deck period  1116 2020-01-03           0.13115       0.14060 -0.00945  -6.72082 -0.01198 -0.00689  -7.18368      True
   blk_core  reclasso       2000              2000    12:30      common  4178 2007-12-21           0.13165       0.13990 -0.00825  -5.89694 -0.00971 -0.00679 -10.78604      True
   blk_core  reclasso       2000              2000    12:30 deck period  1116 2020-01-03           0.14048       0.15169 -0.01121  -7.39224 -0.01368 -0.00894  -8.89113      True
   blk_core  reclasso       2000              2000    13:00      common  4178 2007-12-21           0.14606       0.15190 -0.00584  -3.84448 -0.00809 -0.00338  -5.03227      True
   blk_core  reclasso       2000              2000    13:00 deck period  1116 2020-01-03           0.16504       0.16961 -0.00456  -2.69109 -0.00993  0.00186  -1.32563     False
   blk_core  reclasso       2000              2000    13:30      common  4117 2007-12-21           0.14970       0.15562 -0.00592  -3.80487 -0.00801 -0.00367  -5.74210      True
   blk_core  reclasso       2000              2000    13:30 deck period  1088 2020-01-03           0.16833       0.17282 -0.00450  -2.60158 -0.00870 -0.00055  -2.19350      True
   blk_core  reclasso       2000              2000    14:00      common  4112 2007-12-21           0.14110       0.14754 -0.00644  -4.36615 -0.00916 -0.00333  -4.36104      True
   blk_core  reclasso       2000              2000    14:00 deck period  1088 2020-01-03           0.17420       0.17783 -0.00363  -2.04122 -0.01058  0.00696  -0.80433     False
   blk_open  reclasso        500               500 all bars      common  9363 2006-03-02           0.12874       0.12620  0.00254   2.01098 -0.00071  0.00735   1.48367     False
   blk_open  reclasso        500               500 all bars deck period  2232 2020-01-03           0.14545       0.13523  0.01022   7.55705 -0.00092  0.02908   1.63644     False
   blk_open  reclasso        500               500    10:00      common  4681 2006-03-03           0.11140       0.10971  0.00169   1.53780 -0.00337  0.00966   0.50077     False
   blk_open  reclasso        500               500    10:00 deck period  1116 2020-01-03           0.13088       0.11606  0.01483  12.77743 -0.00312  0.04618   1.17324     False
   blk_open  reclasso        500               500    10:30      common  4682 2006-03-02           0.14608       0.14269  0.00339   2.37473  0.00052  0.00631   2.40609     False
   blk_open  reclasso        500               500    10:30 deck period  1116 2020-01-03           0.16003       0.15441  0.00561   3.63350 -0.00092  0.01431   1.42507     False
   blk_open  reclasso       2000               500 all bars      common  6363 2011-12-23           0.13124       0.12905  0.00218   1.69221 -0.00111  0.00678   1.19508     False
   blk_open  reclasso       2000               500 all bars deck period  2232 2020-01-03           0.14464       0.13523  0.00940   6.95418  0.00113  0.02163   2.02692     False
   blk_open  reclasso       2000               500    10:00      common  3181 2011-12-27           0.11447       0.11454 -0.00007  -0.06400 -0.00547  0.00741  -0.02244     False
   blk_open  reclasso       2000               500    10:00 deck period  1116 2020-01-03           0.12797       0.11606  0.01191  10.26536 -0.00044  0.03130   1.39175     False
   blk_open  reclasso       2000               500    10:30      common  3182 2011-12-23           0.14800       0.14356  0.00444   3.09297  0.00088  0.00813   2.29550     False
   blk_open  reclasso       2000               500    10:30 deck period  1116 2020-01-03           0.16131       0.15441  0.00690   4.46555 -0.00150  0.01595   1.44114     False
   blk_open  reclasso       2000              2000 all bars      common  6363 2011-12-23           0.13124       0.12791  0.00333   2.60343  0.00025  0.00780   2.00183     False
   blk_open  reclasso       2000              2000 all bars deck period  2232 2020-01-03           0.14464       0.13650  0.00814   5.96322  0.00080  0.02018   1.92168     False
   blk_open  reclasso       2000              2000    10:00      common  3181 2011-12-27           0.11447       0.11305  0.00142   1.25461 -0.00362  0.00903   0.44619     False
   blk_open  reclasso       2000              2000    10:00 deck period  1116 2020-01-03           0.12797       0.11820  0.00977   8.26529 -0.00227  0.02969   1.16547     False
   blk_open  reclasso       2000              2000    10:30      common  3182 2011-12-23           0.14800       0.14276  0.00524   3.67121  0.00271  0.00808   3.75730     False
   blk_open  reclasso       2000              2000    10:30 deck period  1116 2020-01-03           0.16131       0.15480  0.00651   4.20546  0.00144  0.01321   2.00713     False
blk_release  reclasso        500               500 all bars      common  9081 2006-04-04           0.21228       0.22566 -0.01338  -5.92983 -0.01831 -0.00913  -5.87659      True
blk_release  reclasso        500               500 all bars deck period  2174 2020-01-03           0.24992       0.27617 -0.02625  -9.50464 -0.03974 -0.01481  -4.19241      True
blk_release  reclasso        500               500    14:30      common  4541 2006-04-05           0.25772       0.28538 -0.02766  -9.69193 -0.03522 -0.02104  -7.72006      True
blk_release  reclasso        500               500    14:30 deck period  1087 2020-01-03           0.30111       0.34560 -0.04449 -12.87283 -0.06429 -0.02796  -4.82631      True
blk_release  reclasso        500               500    15:00      common  4540 2006-04-04           0.16683       0.16593  0.00090   0.54197 -0.00301  0.00496   0.42624     False
blk_release  reclasso        500               500    15:00 deck period  1087 2020-01-03           0.19873       0.20673 -0.00801  -3.87398 -0.01915  0.00335  -1.33857     False
blk_release  reclasso       2000               500 all bars      common  6081 2012-03-22           0.22267       0.23932 -0.01666  -6.95941 -0.02236 -0.01115  -5.34017      True
blk_release  reclasso       2000               500 all bars deck period  2174 2020-01-03           0.24924       0.27617 -0.02692  -9.74902 -0.04042 -0.01553  -3.66994      True
blk_release  reclasso       2000               500    14:30      common  3041 2012-03-22           0.26325       0.30422 -0.04097 -13.46608 -0.05085 -0.03231  -8.20544      True
blk_release  reclasso       2000               500    14:30 deck period  1087 2020-01-03           0.28190       0.34560 -0.06370 -18.43186 -0.08788 -0.04441  -5.29926      True
blk_release  reclasso       2000               500    15:00      common  3040 2012-03-22           0.18207       0.17441  0.00766   4.39411  0.00353  0.01231   3.26542     False
blk_release  reclasso       2000               500    15:00 deck period  1087 2020-01-03           0.21659       0.20673  0.00985   4.76625  0.00055  0.01884   2.06877     False
blk_release  reclasso       2000              2000 all bars      common  6081 2012-03-22           0.22267       0.23899 -0.01632  -6.82884 -0.02099 -0.01178  -7.12107      True
blk_release  reclasso       2000              2000 all bars deck period  2174 2020-01-03           0.24924       0.27580 -0.02656  -9.62840 -0.03634 -0.01819  -5.72621      True
blk_release  reclasso       2000              2000    14:30      common  3041 2012-03-22           0.26325       0.30010 -0.03685 -12.27930 -0.04421 -0.03015 -10.47463      True
blk_release  reclasso       2000              2000    14:30 deck period  1087 2020-01-03           0.28190       0.33436 -0.05246 -15.68915 -0.06735 -0.03983  -7.52104      True
blk_release  reclasso       2000              2000    15:00      common  3040 2012-03-22           0.18207       0.17785  0.00422   2.37125  0.00029  0.00833   2.10334     False
blk_release  reclasso       2000              2000    15:00 deck period  1087 2020-01-03           0.21659       0.21724 -0.00065  -0.30016 -0.00833  0.00687  -0.17321     False

wrote /u/scratch/j/jamesdc1/harxhar-subsection/results/linear_subsection_lassofix/moments/subsection_vs_pooled.csv

15:30 sign(s) trade with each arm's forecast (deck ridge: 1.338 mid / 0.870 crossed)
  segment estimator  train_win  deck_days  pct_buy  Sharpe_mid  Sharpe_crossed  ridge_Sharpe_mid_same_days
  bar1600  reclasso        500        866  36.8360      1.4274          0.9588                      1.3383
  bar1600  reclasso       2000        866  40.9931      1.7008          1.2378                      1.3383
blk_close  reclasso        500        866  33.8337      1.0961          0.6201                      1.3383
blk_close  reclasso       2000        866  38.9145      1.3368          0.8665                      1.3383
     none  reclasso        500        866  30.9469      1.2806          0.8005                      1.3383
     none  reclasso       2000        866  39.0300      1.4643          0.9953                      1.3383
