/u/home/j/jamesdc1/.conda/envs/hpc-pi/lib/python3.11/site-packages/pandas/core/arraylike.py:399: RuntimeWarning: divide by zero encountered in log
  result = getattr(ufunc, method)(*inputs, **kwargs)
/u/home/j/jamesdc1/.conda/envs/hpc-pi/lib/python3.11/site-packages/pandas/core/arraylike.py:399: RuntimeWarning: divide by zero encountered in log
  result = getattr(ufunc, method)(*inputs, **kwargs)
/u/home/j/jamesdc1/.conda/envs/hpc-pi/lib/python3.11/site-packages/pandas/core/arraylike.py:399: RuntimeWarning: divide by zero encountered in log
  result = getattr(ufunc, method)(*inputs, **kwargs)
/u/home/j/jamesdc1/.conda/envs/hpc-pi/lib/python3.11/site-packages/pandas/core/arraylike.py:399: RuntimeWarning: divide by zero encountered in log
  result = getattr(ufunc, method)(*inputs, **kwargs)
/u/home/j/jamesdc1/.conda/envs/hpc-pi/lib/python3.11/site-packages/pandas/core/arraylike.py:399: RuntimeWarning: divide by zero encountered in log
  result = getattr(ufunc, method)(*inputs, **kwargs)
/u/home/j/jamesdc1/.conda/envs/hpc-pi/lib/python3.11/site-packages/pandas/core/arraylike.py:399: RuntimeWarning: divide by zero encountered in log
  result = getattr(ufunc, method)(*inputs, **kwargs)
/u/home/j/jamesdc1/.conda/envs/hpc-pi/lib/python3.11/site-packages/pandas/core/arraylike.py:399: RuntimeWarning: divide by zero encountered in log
  result = getattr(ufunc, method)(*inputs, **kwargs)
/u/home/j/jamesdc1/.conda/envs/hpc-pi/lib/python3.11/site-packages/pandas/core/arraylike.py:399: RuntimeWarning: divide by zero encountered in log
  result = getattr(ufunc, method)(*inputs, **kwargs)
/u/home/j/jamesdc1/.conda/envs/hpc-pi/lib/python3.11/site-packages/pandas/core/arraylike.py:399: RuntimeWarning: divide by zero encountered in log
  result = getattr(ufunc, method)(*inputs, **kwargs)
/u/home/j/jamesdc1/.conda/envs/hpc-pi/lib/python3.11/site-packages/pandas/core/arraylike.py:399: RuntimeWarning: divide by zero encountered in log
  result = getattr(ufunc, method)(*inputs, **kwargs)
/u/home/j/jamesdc1/.conda/envs/hpc-pi/lib/python3.11/site-packages/pandas/core/arraylike.py:399: RuntimeWarning: divide by zero encountered in log
  result = getattr(ufunc, method)(*inputs, **kwargs)
/u/home/j/jamesdc1/.conda/envs/hpc-pi/lib/python3.11/site-packages/pandas/core/arraylike.py:399: RuntimeWarning: divide by zero encountered in log
  result = getattr(ufunc, method)(*inputs, **kwargs)
/u/home/j/jamesdc1/.conda/envs/hpc-pi/lib/python3.11/site-packages/pandas/core/arraylike.py:399: RuntimeWarning: divide by zero encountered in log
  result = getattr(ufunc, method)(*inputs, **kwargs)
/u/home/j/jamesdc1/.conda/envs/hpc-pi/lib/python3.11/site-packages/pandas/core/arraylike.py:399: RuntimeWarning: divide by zero encountered in log
  result = getattr(ufunc, method)(*inputs, **kwargs)
/u/home/j/jamesdc1/.conda/envs/hpc-pi/lib/python3.11/site-packages/pandas/core/arraylike.py:399: RuntimeWarning: divide by zero encountered in log
  result = getattr(ufunc, method)(*inputs, **kwargs)
/u/home/j/jamesdc1/.conda/envs/hpc-pi/lib/python3.11/site-packages/pandas/core/arraylike.py:399: RuntimeWarning: divide by zero encountered in log
  result = getattr(ufunc, method)(*inputs, **kwargs)
/u/home/j/jamesdc1/.conda/envs/hpc-pi/lib/python3.11/site-packages/pandas/core/arraylike.py:399: RuntimeWarning: divide by zero encountered in log
  result = getattr(ufunc, method)(*inputs, **kwargs)
/u/home/j/jamesdc1/.conda/envs/hpc-pi/lib/python3.11/site-packages/pandas/core/arraylike.py:399: RuntimeWarning: divide by zero encountered in log
  result = getattr(ufunc, method)(*inputs, **kwargs)
/u/home/j/jamesdc1/.conda/envs/hpc-pi/lib/python3.11/site-packages/pandas/core/arraylike.py:399: RuntimeWarning: divide by zero encountered in log
  result = getattr(ufunc, method)(*inputs, **kwargs)
/u/home/j/jamesdc1/.conda/envs/hpc-pi/lib/python3.11/site-packages/pandas/core/arraylike.py:399: RuntimeWarning: divide by zero encountered in log
  result = getattr(ufunc, method)(*inputs, **kwargs)
/u/home/j/jamesdc1/.conda/envs/hpc-pi/lib/python3.11/site-packages/pandas/core/arraylike.py:399: RuntimeWarning: divide by zero encountered in log
  result = getattr(ufunc, method)(*inputs, **kwargs)
/u/home/j/jamesdc1/.conda/envs/hpc-pi/lib/python3.11/site-packages/pandas/core/arraylike.py:399: RuntimeWarning: divide by zero encountered in log
  result = getattr(ufunc, method)(*inputs, **kwargs)
/u/home/j/jamesdc1/.conda/envs/hpc-pi/lib/python3.11/site-packages/pandas/core/arraylike.py:399: RuntimeWarning: divide by zero encountered in log
  result = getattr(ufunc, method)(*inputs, **kwargs)
/u/home/j/jamesdc1/.conda/envs/hpc-pi/lib/python3.11/site-packages/pandas/core/arraylike.py:399: RuntimeWarning: divide by zero encountered in log
  result = getattr(ufunc, method)(*inputs, **kwargs)
/u/home/j/jamesdc1/.conda/envs/hpc-pi/lib/python3.11/site-packages/pandas/core/arraylike.py:399: RuntimeWarning: divide by zero encountered in log
  result = getattr(ufunc, method)(*inputs, **kwargs)
/u/home/j/jamesdc1/.conda/envs/hpc-pi/lib/python3.11/site-packages/pandas/core/arraylike.py:399: RuntimeWarning: divide by zero encountered in log
  result = getattr(ufunc, method)(*inputs, **kwargs)
/u/home/j/jamesdc1/.conda/envs/hpc-pi/lib/python3.11/site-packages/pandas/core/arraylike.py:399: RuntimeWarning: divide by zero encountered in log
  result = getattr(ufunc, method)(*inputs, **kwargs)
/u/home/j/jamesdc1/.conda/envs/hpc-pi/lib/python3.11/site-packages/pandas/core/arraylike.py:399: RuntimeWarning: divide by zero encountered in log
  result = getattr(ufunc, method)(*inputs, **kwargs)
/u/home/j/jamesdc1/.conda/envs/hpc-pi/lib/python3.11/site-packages/pandas/core/arraylike.py:399: RuntimeWarning: divide by zero encountered in log
  result = getattr(ufunc, method)(*inputs, **kwargs)
/u/home/j/jamesdc1/.conda/envs/hpc-pi/lib/python3.11/site-packages/pandas/core/arraylike.py:399: RuntimeWarning: divide by zero encountered in log
  result = getattr(ufunc, method)(*inputs, **kwargs)
/u/home/j/jamesdc1/.conda/envs/hpc-pi/lib/python3.11/site-packages/pandas/core/arraylike.py:399: RuntimeWarning: divide by zero encountered in log
  result = getattr(ufunc, method)(*inputs, **kwargs)
/u/home/j/jamesdc1/.conda/envs/hpc-pi/lib/python3.11/site-packages/pandas/core/arraylike.py:399: RuntimeWarning: divide by zero encountered in log
  result = getattr(ufunc, method)(*inputs, **kwargs)
/u/home/j/jamesdc1/.conda/envs/hpc-pi/lib/python3.11/site-packages/pandas/core/arraylike.py:399: RuntimeWarning: divide by zero encountered in log
  result = getattr(ufunc, method)(*inputs, **kwargs)
/u/home/j/jamesdc1/.conda/envs/hpc-pi/lib/python3.11/site-packages/pandas/core/arraylike.py:399: RuntimeWarning: divide by zero encountered in log
  result = getattr(ufunc, method)(*inputs, **kwargs)
/u/home/j/jamesdc1/.conda/envs/hpc-pi/lib/python3.11/site-packages/pandas/core/arraylike.py:399: RuntimeWarning: divide by zero encountered in log
  result = getattr(ufunc, method)(*inputs, **kwargs)
/u/home/j/jamesdc1/.conda/envs/hpc-pi/lib/python3.11/site-packages/pandas/core/arraylike.py:399: RuntimeWarning: divide by zero encountered in log
  result = getattr(ufunc, method)(*inputs, **kwargs)
/u/home/j/jamesdc1/.conda/envs/hpc-pi/lib/python3.11/site-packages/pandas/core/arraylike.py:399: RuntimeWarning: divide by zero encountered in log
  result = getattr(ufunc, method)(*inputs, **kwargs)
/u/home/j/jamesdc1/.conda/envs/hpc-pi/lib/python3.11/site-packages/pandas/core/arraylike.py:399: RuntimeWarning: divide by zero encountered in log
  result = getattr(ufunc, method)(*inputs, **kwargs)
/u/home/j/jamesdc1/.conda/envs/hpc-pi/lib/python3.11/site-packages/pandas/core/arraylike.py:399: RuntimeWarning: divide by zero encountered in log
  result = getattr(ufunc, method)(*inputs, **kwargs)
/u/home/j/jamesdc1/.conda/envs/hpc-pi/lib/python3.11/site-packages/pandas/core/arraylike.py:399: RuntimeWarning: divide by zero encountered in log
  result = getattr(ufunc, method)(*inputs, **kwargs)
/u/home/j/jamesdc1/.conda/envs/hpc-pi/lib/python3.11/site-packages/pandas/core/arraylike.py:399: RuntimeWarning: divide by zero encountered in log
  result = getattr(ufunc, method)(*inputs, **kwargs)
/u/home/j/jamesdc1/.conda/envs/hpc-pi/lib/python3.11/site-packages/pandas/core/arraylike.py:399: RuntimeWarning: divide by zero encountered in log
  result = getattr(ufunc, method)(*inputs, **kwargs)
/u/home/j/jamesdc1/.conda/envs/hpc-pi/lib/python3.11/site-packages/pandas/core/arraylike.py:399: RuntimeWarning: divide by zero encountered in log
  result = getattr(ufunc, method)(*inputs, **kwargs)
/u/home/j/jamesdc1/.conda/envs/hpc-pi/lib/python3.11/site-packages/pandas/core/arraylike.py:399: RuntimeWarning: divide by zero encountered in log
  result = getattr(ufunc, method)(*inputs, **kwargs)
/u/home/j/jamesdc1/.conda/envs/hpc-pi/lib/python3.11/site-packages/pandas/core/arraylike.py:399: RuntimeWarning: divide by zero encountered in log
  result = getattr(ufunc, method)(*inputs, **kwargs)
/u/home/j/jamesdc1/.conda/envs/hpc-pi/lib/python3.11/site-packages/pandas/core/arraylike.py:399: RuntimeWarning: divide by zero encountered in log
  result = getattr(ufunc, method)(*inputs, **kwargs)
/u/home/j/jamesdc1/.conda/envs/hpc-pi/lib/python3.11/site-packages/pandas/core/arraylike.py:399: RuntimeWarning: divide by zero encountered in log
  result = getattr(ufunc, method)(*inputs, **kwargs)
/u/home/j/jamesdc1/.conda/envs/hpc-pi/lib/python3.11/site-packages/pandas/core/arraylike.py:399: RuntimeWarning: divide by zero encountered in log
  result = getattr(ufunc, method)(*inputs, **kwargs)
/u/home/j/jamesdc1/.conda/envs/hpc-pi/lib/python3.11/site-packages/pandas/core/arraylike.py:399: RuntimeWarning: divide by zero encountered in log
  result = getattr(ufunc, method)(*inputs, **kwargs)
/u/home/j/jamesdc1/.conda/envs/hpc-pi/lib/python3.11/site-packages/pandas/core/arraylike.py:399: RuntimeWarning: divide by zero encountered in log
  result = getattr(ufunc, method)(*inputs, **kwargs)
/u/home/j/jamesdc1/.conda/envs/hpc-pi/lib/python3.11/site-packages/pandas/core/arraylike.py:399: RuntimeWarning: divide by zero encountered in log
  result = getattr(ufunc, method)(*inputs, **kwargs)
/u/home/j/jamesdc1/.conda/envs/hpc-pi/lib/python3.11/site-packages/pandas/core/arraylike.py:399: RuntimeWarning: divide by zero encountered in log
  result = getattr(ufunc, method)(*inputs, **kwargs)
/u/home/j/jamesdc1/.conda/envs/hpc-pi/lib/python3.11/site-packages/pandas/core/arraylike.py:399: RuntimeWarning: divide by zero encountered in log
  result = getattr(ufunc, method)(*inputs, **kwargs)
    segment estimator  train_win  pooled_train_win  bar_end      sample     n      first  QLIKE_subsection  QLIKE_pooled     diff       pct    ci_lo    ci_hi   dm_stat  improves
    bar1000  reclasso        500               500 all bars      common  3119 2012-03-23           0.13991       0.11474  0.02518  21.94195 -0.01243  0.10225   0.86169     False
    bar1000  reclasso        500               500 all bars deck period  1116 2020-01-03           0.20358       0.11633  0.08725  75.00022 -0.01592  0.28677   1.13549     False
    bar1000  reclasso        500               500    10:00      common  3119 2012-03-23           0.13991       0.11474  0.02518  21.94195 -0.01243  0.10225   0.86169     False
    bar1000  reclasso        500               500    10:00 deck period  1116 2020-01-03           0.20358       0.11633  0.08725  75.00022 -0.01592  0.28677   1.13549     False
    bar1000  reclasso       2000               500 all bars      common  1619 2018-01-19           0.11420       0.12271 -0.00852  -6.93956 -0.01508 -0.00204  -2.59877      True
    bar1000  reclasso       2000               500 all bars deck period  1116 2020-01-03           0.11114       0.11633 -0.00519  -4.46180 -0.01260  0.00229  -1.38752     False
    bar1000  reclasso       2000               500    10:00      common  1619 2018-01-19           0.11420       0.12271 -0.00852  -6.93956 -0.01508 -0.00204  -2.59877      True
    bar1000  reclasso       2000               500    10:00 deck period  1116 2020-01-03           0.11114       0.11633 -0.00519  -4.46180 -0.01260  0.00229  -1.38752     False
    bar1000  reclasso       2000              2000 all bars      common  1619 2018-01-19           0.11420       0.11772 -0.00353  -2.99502 -0.00874  0.00228  -1.26615     False
    bar1000  reclasso       2000              2000 all bars deck period  1116 2020-01-03           0.11114       0.11310 -0.00196  -1.73202 -0.00878  0.00488  -0.57202     False
    bar1000  reclasso       2000              2000    10:00      common  1619 2018-01-19           0.11420       0.11772 -0.00353  -2.99502 -0.00874  0.00228  -1.26615     False
    bar1000  reclasso       2000              2000    10:00 deck period  1116 2020-01-03           0.11114       0.11310 -0.00196  -1.73202 -0.00878  0.00488  -0.57202     False
    bar1030  reclasso        500               500 all bars      common  3119 2012-03-23           0.13578       0.14161 -0.00583  -4.11439 -0.01013 -0.00117  -2.74844      True
    bar1030  reclasso        500               500 all bars deck period  1116 2020-01-03           0.14431       0.15190 -0.00759  -4.99702 -0.01644  0.00367  -1.83097     False
    bar1030  reclasso        500               500    10:30      common  3119 2012-03-23           0.13578       0.14161 -0.00583  -4.11439 -0.01013 -0.00117  -2.74844      True
    bar1030  reclasso        500               500    10:30 deck period  1116 2020-01-03           0.14431       0.15190 -0.00759  -4.99702 -0.01644  0.00367  -1.83097     False
    bar1030  reclasso       2000               500 all bars      common  1619 2018-01-19           0.14951       0.15340 -0.00389  -2.53584 -0.01046  0.00203  -1.18934     False
    bar1030  reclasso       2000               500 all bars deck period  1116 2020-01-03           0.14556       0.15190 -0.00634  -4.17133 -0.01532  0.00110  -1.59323     False
    bar1030  reclasso       2000               500    10:30      common  1619 2018-01-19           0.14951       0.15340 -0.00389  -2.53584 -0.01046  0.00203  -1.18934     False
    bar1030  reclasso       2000               500    10:30 deck period  1116 2020-01-03           0.14556       0.15190 -0.00634  -4.17133 -0.01532  0.00110  -1.59323     False
    bar1030  reclasso       2000              2000 all bars      common  1619 2018-01-19           0.14951       0.15302 -0.00352  -2.29724 -0.00870  0.00168  -1.27871     False
    bar1030  reclasso       2000              2000 all bars deck period  1116 2020-01-03           0.14556       0.15113 -0.00557  -3.68620 -0.01164  0.00052  -1.73473     False
    bar1030  reclasso       2000              2000    10:30      common  1619 2018-01-19           0.14951       0.15302 -0.00352  -2.29724 -0.00870  0.00168  -1.27871     False
    bar1030  reclasso       2000              2000    10:30 deck period  1116 2020-01-03           0.14556       0.15113 -0.00557  -3.68620 -0.01164  0.00052  -1.73473     False
    bar1100  reclasso        500               500 all bars      common  3119 2012-03-23           0.11780       0.12297 -0.00517  -4.20339 -0.00856 -0.00156  -2.87800      True
    bar1100  reclasso        500               500 all bars deck period  1116 2020-01-03           0.13245       0.13741 -0.00496  -3.60680 -0.01199  0.00233  -1.36861     False
    bar1100  reclasso        500               500    11:00      common  3119 2012-03-23           0.11780       0.12297 -0.00517  -4.20339 -0.00856 -0.00156  -2.87800      True
    bar1100  reclasso        500               500    11:00 deck period  1116 2020-01-03           0.13245       0.13741 -0.00496  -3.60680 -0.01199  0.00233  -1.36861     False
    bar1100  reclasso       2000               500 all bars      common  1619 2018-01-19           0.12968       0.13071 -0.00103  -0.78901 -0.00552  0.00321  -0.46205     False
    bar1100  reclasso       2000               500 all bars deck period  1116 2020-01-03           0.13851       0.13741  0.00111   0.80660 -0.00436  0.00680   0.37519     False
    bar1100  reclasso       2000               500    11:00      common  1619 2018-01-19           0.12968       0.13071 -0.00103  -0.78901 -0.00552  0.00321  -0.46205     False
    bar1100  reclasso       2000               500    11:00 deck period  1116 2020-01-03           0.13851       0.13741  0.00111   0.80660 -0.00436  0.00680   0.37519     False
    bar1100  reclasso       2000              2000 all bars      common  1619 2018-01-19           0.12968       0.12951  0.00017   0.13354 -0.00368  0.00398   0.08503     False
    bar1100  reclasso       2000              2000 all bars deck period  1116 2020-01-03           0.13851       0.13759  0.00093   0.67486 -0.00391  0.00610   0.33948     False
    bar1100  reclasso       2000              2000    11:00      common  1619 2018-01-19           0.12968       0.12951  0.00017   0.13354 -0.00368  0.00398   0.08503     False
    bar1100  reclasso       2000              2000    11:00 deck period  1116 2020-01-03           0.13851       0.13759  0.00093   0.67486 -0.00391  0.00610   0.33948     False
    bar1130  reclasso        500               500 all bars      common  3121 2012-03-21           0.12053       0.12796 -0.00743  -5.80830 -0.01191 -0.00345  -3.69911      True
    bar1130  reclasso        500               500 all bars deck period  1116 2020-01-03           0.12591       0.13730 -0.01138  -8.28936 -0.01745 -0.00602  -3.80646      True
    bar1130  reclasso        500               500    11:30      common  3121 2012-03-21           0.12053       0.12796 -0.00743  -5.80830 -0.01191 -0.00345  -3.69911      True
    bar1130  reclasso        500               500    11:30 deck period  1116 2020-01-03           0.12591       0.13730 -0.01138  -8.28936 -0.01745 -0.00602  -3.80646      True
    bar1130  reclasso       2000               500 all bars      common  1621 2018-01-17           0.12898       0.13120 -0.00222  -1.68932 -0.00627  0.00186  -1.05504     False
    bar1130  reclasso       2000               500 all bars deck period  1116 2020-01-03           0.13443       0.13730 -0.00287  -2.09029 -0.00795  0.00203  -1.09920     False
    bar1130  reclasso       2000               500    11:30      common  1621 2018-01-17           0.12898       0.13120 -0.00222  -1.68932 -0.00627  0.00186  -1.05504     False
    bar1130  reclasso       2000               500    11:30 deck period  1116 2020-01-03           0.13443       0.13730 -0.00287  -2.09029 -0.00795  0.00203  -1.09920     False
    bar1130  reclasso       2000              2000 all bars      common  1621 2018-01-17           0.12898       0.13188 -0.00290  -2.19689 -0.00670  0.00072  -1.48718     False
    bar1130  reclasso       2000              2000 all bars deck period  1116 2020-01-03           0.13443       0.14057 -0.00614  -4.36811 -0.01053 -0.00177  -2.59271      True
    bar1130  reclasso       2000              2000    11:30      common  1621 2018-01-17           0.12898       0.13188 -0.00290  -2.19689 -0.00670  0.00072  -1.48718     False
    bar1130  reclasso       2000              2000    11:30 deck period  1116 2020-01-03           0.13443       0.14057 -0.00614  -4.36811 -0.01053 -0.00177  -2.59271      True
    bar1200  reclasso        500               500 all bars      common  3060 2012-05-31           0.12970       0.13244 -0.00274  -2.07098 -0.00754  0.00205  -1.12685     False
    bar1200  reclasso        500               500 all bars deck period  1116 2020-01-03           0.12467       0.13292 -0.00825  -6.20601 -0.01556 -0.00052  -2.12408      True
    bar1200  reclasso        500               500    12:00      common  3060 2012-05-31           0.12970       0.13244 -0.00274  -2.07098 -0.00754  0.00205  -1.12685     False
    bar1200  reclasso        500               500    12:00 deck period  1116 2020-01-03           0.12467       0.13292 -0.00825  -6.20601 -0.01556 -0.00052  -2.12408      True
    bar1200  reclasso       2000               500 all bars      common  1560 2018-04-13           0.14709       0.14626  0.00083   0.56491 -0.00977  0.01425   0.14018     False
    bar1200  reclasso       2000               500 all bars deck period  1116 2020-01-03           0.13167       0.13292 -0.00125  -0.94139 -0.01024  0.01106  -0.25211     False
    bar1200  reclasso       2000               500    12:00      common  1560 2018-04-13           0.14709       0.14626  0.00083   0.56491 -0.00977  0.01425   0.14018     False
    bar1200  reclasso       2000               500    12:00 deck period  1116 2020-01-03           0.13167       0.13292 -0.00125  -0.94139 -0.01024  0.01106  -0.25211     False
    bar1200  reclasso       2000              2000 all bars      common  1560 2018-04-13           0.14709       0.14697  0.00012   0.08315 -0.00784  0.01077   0.02782     False
    bar1200  reclasso       2000              2000 all bars deck period  1116 2020-01-03           0.13167       0.13241 -0.00074  -0.55631 -0.00886  0.01041  -0.15952     False
    bar1200  reclasso       2000              2000    12:00      common  1560 2018-04-13           0.14709       0.14697  0.00012   0.08315 -0.00784  0.01077   0.02782     False
    bar1200  reclasso       2000              2000    12:00 deck period  1116 2020-01-03           0.13167       0.13241 -0.00074  -0.55631 -0.00886  0.01041  -0.15952     False
    bar1230  reclasso        500               500 all bars      common  3060 2012-05-31           0.13443       0.13712 -0.00269  -1.96125 -0.00655  0.00123  -1.38191     False
    bar1230  reclasso        500               500 all bars deck period  1116 2020-01-03           0.13581       0.13815 -0.00234  -1.69117 -0.00963  0.00520  -0.67197     False
    bar1230  reclasso        500               500    12:30      common  3060 2012-05-31           0.13443       0.13712 -0.00269  -1.96125 -0.00655  0.00123  -1.38191     False
    bar1230  reclasso        500               500    12:30 deck period  1116 2020-01-03           0.13581       0.13815 -0.00234  -1.69117 -0.00963  0.00520  -0.67197     False
    bar1230  reclasso       2000               500 all bars      common  1560 2018-04-13           0.14812       0.14434  0.00378   2.61651 -0.00105  0.00878   1.55551     False
    bar1230  reclasso       2000               500 all bars deck period  1116 2020-01-03           0.14367       0.13815  0.00552   3.99531 -0.00027  0.01144   1.98485     False
    bar1230  reclasso       2000               500    12:30      common  1560 2018-04-13           0.14812       0.14434  0.00378   2.61651 -0.00105  0.00878   1.55551     False
    bar1230  reclasso       2000               500    12:30 deck period  1116 2020-01-03           0.14367       0.13815  0.00552   3.99531 -0.00027  0.01144   1.98485     False
    bar1230  reclasso       2000              2000 all bars      common  1560 2018-04-13           0.14812       0.14788  0.00023   0.15883 -0.00429  0.00446   0.10646     False
    bar1230  reclasso       2000              2000 all bars deck period  1116 2020-01-03           0.14367       0.14324  0.00042   0.29662 -0.00473  0.00577   0.17058     False
    bar1230  reclasso       2000              2000    12:30      common  1560 2018-04-13           0.14812       0.14788  0.00023   0.15883 -0.00429  0.00446   0.10646     False
    bar1230  reclasso       2000              2000    12:30 deck period  1116 2020-01-03           0.14367       0.14324  0.00042   0.29662 -0.00473  0.00577   0.17058     False
    bar1300  reclasso        500               500 all bars      common  3060 2012-05-31           0.15880       0.15550  0.00330   2.12278 -0.00347  0.01115   0.85113     False
    bar1300  reclasso        500               500 all bars deck period  1116 2020-01-03           0.16834       0.16602  0.00232   1.40016 -0.01193  0.02306   0.25323     False
    bar1300  reclasso        500               500    13:00      common  3060 2012-05-31           0.15880       0.15550  0.00330   2.12278 -0.00347  0.01115   0.85113     False
    bar1300  reclasso        500               500    13:00 deck period  1116 2020-01-03           0.16834       0.16602  0.00232   1.40016 -0.01193  0.02306   0.25323     False
    bar1300  reclasso       2000               500 all bars      common  1560 2018-04-13           0.17565       0.17412  0.00153   0.87728 -0.00408  0.00714   0.52569     False
    bar1300  reclasso       2000               500 all bars deck period  1116 2020-01-03           0.16564       0.16602 -0.00038  -0.22645 -0.00736  0.00671  -0.10074     False
    bar1300  reclasso       2000               500    13:00      common  1560 2018-04-13           0.17565       0.17412  0.00153   0.87728 -0.00408  0.00714   0.52569     False
    bar1300  reclasso       2000               500    13:00 deck period  1116 2020-01-03           0.16564       0.16602 -0.00038  -0.22645 -0.00736  0.00671  -0.10074     False
    bar1300  reclasso       2000              2000 all bars      common  1560 2018-04-13           0.17565       0.17522  0.00043   0.24730 -0.00475  0.00572   0.17648     False
    bar1300  reclasso       2000              2000 all bars deck period  1116 2020-01-03           0.16564       0.16792 -0.00228  -1.35828 -0.00862  0.00413  -0.73322     False
    bar1300  reclasso       2000              2000    13:00      common  1560 2018-04-13           0.17565       0.17522  0.00043   0.24730 -0.00475  0.00572   0.17648     False
    bar1300  reclasso       2000              2000    13:00 deck period  1116 2020-01-03           0.16564       0.16792 -0.00228  -1.35828 -0.00862  0.00413  -0.73322     False
    bar1330  reclasso        500               500 all bars      common  2999 2012-05-31           0.16377       0.16376  0.00001   0.00783 -0.00464  0.00480   0.00524     False
    bar1330  reclasso        500               500 all bars deck period  1088 2020-01-03           0.17170       0.16674  0.00496   2.97471 -0.00315  0.01299   1.15230     False
    bar1330  reclasso        500               500    13:30      common  2999 2012-05-31           0.16377       0.16376  0.00001   0.00783 -0.00464  0.00480   0.00524     False
    bar1330  reclasso        500               500    13:30 deck period  1088 2020-01-03           0.17170       0.16674  0.00496   2.97471 -0.00315  0.01299   1.15230     False
    bar1330  reclasso       2000               500 all bars      common  1499 2018-05-17           0.17230       0.17509 -0.00279  -1.59271 -0.00905  0.00317  -0.88814     False
    bar1330  reclasso       2000               500 all bars deck period  1088 2020-01-03           0.16737       0.16674  0.00062   0.37216 -0.00721  0.00784   0.16675     False
    bar1330  reclasso       2000               500    13:30      common  1499 2018-05-17           0.17230       0.17509 -0.00279  -1.59271 -0.00905  0.00317  -0.88814     False
    bar1330  reclasso       2000               500    13:30 deck period  1088 2020-01-03           0.16737       0.16674  0.00062   0.37216 -0.00721  0.00784   0.16675     False
    bar1330  reclasso       2000              2000 all bars      common  1499 2018-05-17           0.17230       0.17338 -0.00108  -0.62497 -0.00667  0.00426  -0.39490     False
    bar1330  reclasso       2000              2000 all bars deck period  1088 2020-01-03           0.16737       0.16729  0.00007   0.04296 -0.00739  0.00669   0.02136     False
    bar1330  reclasso       2000              2000    13:30      common  1499 2018-05-17           0.17230       0.17338 -0.00108  -0.62497 -0.00667  0.00426  -0.39490     False
    bar1330  reclasso       2000              2000    13:30 deck period  1088 2020-01-03           0.16737       0.16729  0.00007   0.04296 -0.00739  0.00669   0.02136     False
    bar1400  reclasso        500               500 all bars      common  2987 2012-06-13           0.15796       0.15032  0.00764   5.08361  0.00110  0.01488   2.33493     False
    bar1400  reclasso        500               500 all bars deck period  1088 2020-01-03           0.18704       0.16683  0.02022  12.11883  0.00613  0.03659   2.77081     False
    bar1400  reclasso        500               500    14:00      common  2987 2012-06-13           0.15796       0.15032  0.00764   5.08361  0.00110  0.01488   2.33493     False
    bar1400  reclasso        500               500    14:00 deck period  1088 2020-01-03           0.18704       0.16683  0.02022  12.11883  0.00613  0.03659   2.77081     False
    bar1400  reclasso       2000               500 all bars      common  1487 2018-06-01           0.17829       0.17149  0.00680   3.96788 -0.00122  0.01550   1.65063     False
    bar1400  reclasso       2000               500 all bars deck period  1088 2020-01-03           0.17610       0.16683  0.00927   5.55763 -0.00074  0.02160   1.77642     False
    bar1400  reclasso       2000               500    14:00      common  1487 2018-06-01           0.17829       0.17149  0.00680   3.96788 -0.00122  0.01550   1.65063     False
    bar1400  reclasso       2000               500    14:00 deck period  1088 2020-01-03           0.17610       0.16683  0.00927   5.55763 -0.00074  0.02160   1.77642     False
    bar1400  reclasso       2000              2000 all bars      common  1487 2018-06-01           0.17829       0.17460  0.00369   2.11485 -0.00456  0.01270   0.88308     False
    bar1400  reclasso       2000              2000 all bars deck period  1088 2020-01-03           0.17610       0.17228  0.00381   2.21244 -0.00583  0.01584   0.71496     False
    bar1400  reclasso       2000              2000    14:00      common  1487 2018-06-01           0.17829       0.17460  0.00369   2.11485 -0.00456  0.01270   0.88308     False
    bar1400  reclasso       2000              2000    14:00 deck period  1088 2020-01-03           0.17610       0.17228  0.00381   2.21244 -0.00583  0.01584   0.71496     False
    bar1430  reclasso        500               500 all bars      common  2979 2012-06-20           0.20515       0.27552 -0.07037 -25.54233 -0.09038 -0.05272  -7.29536      True
    bar1430  reclasso        500               500 all bars deck period  1087 2020-01-03           0.22480       0.31125 -0.08646 -27.77679 -0.13234 -0.04878  -3.94356      True
    bar1430  reclasso        500               500    14:30      common  2979 2012-06-20           0.20515       0.27552 -0.07037 -25.54233 -0.09038 -0.05272  -7.29536      True
    bar1430  reclasso        500               500    14:30 deck period  1087 2020-01-03           0.22480       0.31125 -0.08646 -27.77679 -0.13234 -0.04878  -3.94356      True
    bar1430  reclasso       2000               500 all bars      common  1479 2018-06-11           0.21919       0.29458 -0.07538 -25.59034 -0.10913 -0.04665  -4.51906      True
    bar1430  reclasso       2000               500 all bars deck period  1087 2020-01-03           0.22836       0.31125 -0.08289 -26.63134 -0.12776 -0.04551  -3.78937      True
    bar1430  reclasso       2000               500    14:30      common  1479 2018-06-11           0.21919       0.29458 -0.07538 -25.59034 -0.10913 -0.04665  -4.51906      True
    bar1430  reclasso       2000               500    14:30 deck period  1087 2020-01-03           0.22836       0.31125 -0.08289 -26.63134 -0.12776 -0.04551  -3.78937      True
    bar1430  reclasso       2000              2000 all bars      common  1479 2018-06-11           0.21919       0.27416 -0.05497 -20.04915 -0.08219 -0.03182  -4.16809      True
    bar1430  reclasso       2000              2000 all bars deck period  1087 2020-01-03           0.22836       0.29274 -0.06438 -21.99293 -0.10266 -0.03390  -3.68578      True
    bar1430  reclasso       2000              2000    14:30      common  1479 2018-06-11           0.21919       0.27416 -0.05497 -20.04915 -0.08219 -0.03182  -4.16809      True
    bar1430  reclasso       2000              2000    14:30 deck period  1087 2020-01-03           0.22836       0.29274 -0.06438 -21.99293 -0.10266 -0.03390  -3.68578      True
    bar1500  reclasso        500               500 all bars      common  2977 2012-06-21           0.15465       0.16247 -0.00781  -4.80966 -0.01456 -0.00000  -2.29543      True
    bar1500  reclasso        500               500 all bars deck period  1087 2020-01-03           0.16986       0.18791 -0.01805  -9.60680 -0.02996 -0.00609  -2.99510      True
    bar1500  reclasso        500               500    15:00      common  2977 2012-06-21           0.15465       0.16247 -0.00781  -4.80966 -0.01456 -0.00000  -2.29543      True
    bar1500  reclasso        500               500    15:00 deck period  1087 2020-01-03           0.16986       0.18791 -0.01805  -9.60680 -0.02996 -0.00609  -2.99510      True
    bar1500  reclasso       2000               500 all bars      common  1477 2018-06-13           0.20656       0.20627  0.00030   0.14332 -0.00613  0.00666   0.08430     False
    bar1500  reclasso       2000               500 all bars deck period  1087 2020-01-03           0.18934       0.18791  0.00143   0.75905 -0.00638  0.00967   0.33760     False
    bar1500  reclasso       2000               500    15:00      common  1477 2018-06-13           0.20656       0.20627  0.00030   0.14332 -0.00613  0.00666   0.08430     False
    bar1500  reclasso       2000               500    15:00 deck period  1087 2020-01-03           0.18934       0.18791  0.00143   0.75905 -0.00638  0.00967   0.33760     False
    bar1500  reclasso       2000              2000 all bars      common  1477 2018-06-13           0.20656       0.20806 -0.00150  -0.72107 -0.00890  0.00619  -0.37044     False
    bar1500  reclasso       2000              2000 all bars deck period  1087 2020-01-03           0.18934       0.19249 -0.00316  -1.64080 -0.01234  0.00719  -0.67336     False
    bar1500  reclasso       2000              2000    15:00      common  1477 2018-06-13           0.20656       0.20806 -0.00150  -0.72107 -0.00890  0.00619  -0.37044     False
    bar1500  reclasso       2000              2000    15:00 deck period  1087 2020-01-03           0.18934       0.19249 -0.00316  -1.64080 -0.01234  0.00719  -0.67336     False
    bar1530  reclasso        500               500 all bars      common  2975 2012-06-25           0.11884       0.12111 -0.00227  -1.87175 -0.00666  0.00206  -1.05962     False
    bar1530  reclasso        500               500 all bars deck period  1087 2020-01-03           0.12645       0.12050  0.00595   4.93569 -0.00303  0.01378   1.47405     False
    bar1530  reclasso        500               500    15:30      common  2975 2012-06-25           0.11884       0.12111 -0.00227  -1.87175 -0.00666  0.00206  -1.05962     False
    bar1530  reclasso        500               500    15:30 deck period  1087 2020-01-03           0.12645       0.12050  0.00595   4.93569 -0.00303  0.01378   1.47405     False
    bar1530  reclasso       2000               500 all bars      common  1475 2018-06-15           0.12618       0.12613  0.00005   0.04170 -0.00688  0.00766   0.01535     False
    bar1530  reclasso       2000               500 all bars deck period  1087 2020-01-03           0.12263       0.12050  0.00213   1.76837 -0.00664  0.01141   0.51186     False
    bar1530  reclasso       2000               500    15:30      common  1475 2018-06-15           0.12618       0.12613  0.00005   0.04170 -0.00688  0.00766   0.01535     False
    bar1530  reclasso       2000               500    15:30 deck period  1087 2020-01-03           0.12263       0.12050  0.00213   1.76837 -0.00664  0.01141   0.51186     False
    bar1530  reclasso       2000              2000 all bars      common  1475 2018-06-15           0.12618       0.12638 -0.00020  -0.16022 -0.00649  0.00677  -0.06429     False
    bar1530  reclasso       2000              2000 all bars deck period  1087 2020-01-03           0.12263       0.12039  0.00224   1.86246 -0.00548  0.01122   0.59581     False
    bar1530  reclasso       2000              2000    15:30      common  1475 2018-06-15           0.12618       0.12638 -0.00020  -0.16022 -0.00649  0.00677  -0.06429     False
    bar1530  reclasso       2000              2000    15:30 deck period  1087 2020-01-03           0.12263       0.12039  0.00224   1.86246 -0.00548  0.01122   0.59581     False
    bar1600  reclasso        500               500 all bars      common  2969 2012-07-03           0.11805       0.12011 -0.00206  -1.71664 -0.00624  0.00223  -0.97831     False
    bar1600  reclasso        500               500 all bars deck period  1087 2020-01-03           0.10623       0.11238 -0.00615  -5.47216 -0.01374  0.00002  -1.97588     False
    bar1600  reclasso        500               500    16:00      common  2969 2012-07-03           0.11805       0.12011 -0.00206  -1.71664 -0.00624  0.00223  -0.97831     False
    bar1600  reclasso        500               500    16:00 deck period  1087 2020-01-03           0.10623       0.11238 -0.00615  -5.47216 -0.01374  0.00002  -1.97588     False
    bar1600  reclasso       2000               500 all bars      common  1469 2018-06-25           0.11680       0.12445 -0.00765  -6.14359 -0.01286 -0.00215  -2.79511      True
    bar1600  reclasso       2000               500 all bars deck period  1087 2020-01-03           0.10361       0.11238 -0.00877  -7.80429 -0.01482 -0.00348  -3.26411      True
    bar1600  reclasso       2000               500    16:00      common  1469 2018-06-25           0.11680       0.12445 -0.00765  -6.14359 -0.01286 -0.00215  -2.79511      True
    bar1600  reclasso       2000               500    16:00 deck period  1087 2020-01-03           0.10361       0.11238 -0.00877  -7.80429 -0.01482 -0.00348  -3.26411      True
    bar1600  reclasso       2000              2000 all bars      common  1469 2018-06-25           0.11680       0.12422 -0.00742  -5.97634 -0.01166 -0.00329  -3.28799      True
    bar1600  reclasso       2000              2000 all bars deck period  1087 2020-01-03           0.10361       0.11086 -0.00725  -6.54030 -0.01182 -0.00310  -3.17239      True
    bar1600  reclasso       2000              2000    16:00      common  1469 2018-06-25           0.11680       0.12422 -0.00742  -5.97634 -0.01166 -0.00329  -3.28799      True
    bar1600  reclasso       2000              2000    16:00 deck period  1087 2020-01-03           0.10361       0.11086 -0.00725  -6.54030 -0.01182 -0.00310  -3.17239      True
  blk_close  reclasso        500               500 all bars      common  9069 2006-04-10           0.11523       0.11802 -0.00279  -2.36243 -0.00589  0.00034  -1.81009     False
  blk_close  reclasso        500               500 all bars deck period  2174 2020-01-03           0.11699       0.11644  0.00055   0.47414 -0.00577  0.00614   0.19312     False
  blk_close  reclasso        500               500    15:30      common  4535 2006-04-10           0.11979       0.12016 -0.00037  -0.30850 -0.00357  0.00264  -0.23578     False
  blk_close  reclasso        500               500    15:30 deck period  1087 2020-01-03           0.12461       0.12050  0.00411   3.41252 -0.00415  0.01176   1.01561     False
  blk_close  reclasso        500               500    16:00      common  4534 2006-04-10           0.11066       0.11587 -0.00521  -4.49296 -0.00981 -0.00003  -2.13307      True
  blk_close  reclasso        500               500    16:00 deck period  1087 2020-01-03           0.10937       0.11238 -0.00301  -2.67653 -0.01139  0.00413  -0.83933     False
  blk_close  reclasso       2000               500 all bars      common  6069 2012-03-29           0.11480       0.12057 -0.00577  -4.78470 -0.00920 -0.00221  -3.45299      True
  blk_close  reclasso       2000               500 all bars deck period  2174 2020-01-03           0.11388       0.11644 -0.00256  -2.20144 -0.00898  0.00367  -0.91237     False
  blk_close  reclasso       2000               500    15:30      common  3034 2012-03-30           0.11927       0.12160 -0.00233  -1.91850 -0.00666  0.00234  -1.03871     False
  blk_close  reclasso       2000               500    15:30 deck period  1087 2020-01-03           0.12480       0.12050  0.00430   3.57095 -0.00489  0.01398   0.92177     False
  blk_close  reclasso       2000               500    16:00      common  3035 2012-03-29           0.11033       0.11954 -0.00920  -7.69948 -0.01368 -0.00436  -3.90252      True
  blk_close  reclasso       2000               500    16:00 deck period  1087 2020-01-03           0.10295       0.11238 -0.00943  -8.39087 -0.01678 -0.00362  -3.08730      True
  blk_close  reclasso       2000              2000 all bars      common  6069 2012-03-29           0.11480       0.11987 -0.00507  -4.23102 -0.00839 -0.00158  -3.16320      True
  blk_close  reclasso       2000              2000 all bars deck period  2174 2020-01-03           0.11388       0.11563 -0.00175  -1.51159 -0.00727  0.00404  -0.66721     False
  blk_close  reclasso       2000              2000    15:30      common  3034 2012-03-30           0.11927       0.12036 -0.00109  -0.90551 -0.00533  0.00327  -0.51793     False
  blk_close  reclasso       2000              2000    15:30 deck period  1087 2020-01-03           0.12480       0.12039  0.00441   3.66671 -0.00387  0.01356   1.00568     False
  blk_close  reclasso       2000              2000    16:00      common  3035 2012-03-29           0.11033       0.11939 -0.00905  -7.58256 -0.01350 -0.00407  -3.83391      True
  blk_close  reclasso       2000              2000    16:00 deck period  1087 2020-01-03           0.10295       0.11086 -0.00791  -7.13493 -0.01366 -0.00283  -2.96880      True
   blk_core  reclasso        500               500 all bars      common 40156 2001-10-11           0.12394       0.13068 -0.00674  -5.15621 -0.00855 -0.00591 -11.49907      True
   blk_core  reclasso        500               500 all bars deck period  7756 2020-01-03           0.14111       0.14921 -0.00810  -5.43075 -0.01283 -0.00629  -4.79646      True
   blk_core  reclasso        500               500    11:00      common  5797 2001-10-11           0.10759       0.11255 -0.00495  -4.40210 -0.00690 -0.00304  -4.82328      True
   blk_core  reclasso        500               500    11:00 deck period  1116 2020-01-03           0.13022       0.13741 -0.00718  -5.22745 -0.01317 -0.00158  -2.21128      True
   blk_core  reclasso        500               500    11:30      common  5799 2001-10-11           0.11237       0.11901 -0.00663  -5.57258 -0.00902 -0.00438  -5.77990      True
   blk_core  reclasso        500               500    11:30 deck period  1116 2020-01-03           0.12478       0.13730 -0.01252  -9.11877 -0.01774 -0.00708  -4.44286      True
   blk_core  reclasso        500               500    12:00      common  5738 2001-10-11           0.11601       0.12410 -0.00809  -6.51532 -0.01064 -0.00555  -6.10850      True
   blk_core  reclasso        500               500    12:00 deck period  1116 2020-01-03           0.11782       0.13292 -0.01510 -11.35928 -0.02006 -0.00981  -5.47719      True
   blk_core  reclasso        500               500    12:30      common  5738 2001-10-11           0.12993       0.13784 -0.00791  -5.73992 -0.01051 -0.00526  -5.91515      True
   blk_core  reclasso        500               500    12:30 deck period  1116 2020-01-03           0.12378       0.13815 -0.01437 -10.39856 -0.01988 -0.00886  -4.96700      True
   blk_core  reclasso        500               500    13:00      common  5738 2001-10-11           0.13315       0.13966 -0.00650  -4.65703 -0.00934 -0.00388  -4.82494      True
   blk_core  reclasso        500               500    13:00 deck period  1116 2020-01-03           0.15845       0.16602 -0.00756  -4.55524 -0.01624  0.00057  -1.68482     False
   blk_core  reclasso        500               500    13:30      common  5677 2001-10-11           0.13916       0.14541 -0.00625  -4.29974 -0.00867 -0.00362  -4.83304      True
   blk_core  reclasso        500               500    13:30 deck period  1088 2020-01-03           0.16807       0.16674  0.00132   0.79355 -0.00472  0.00763   0.39120     False
   blk_core  reclasso        500               500    14:00      common  5669 2001-10-11           0.12990       0.13674 -0.00684  -5.00431 -0.00991 -0.00373  -4.37398      True
   blk_core  reclasso        500               500    14:00 deck period  1088 2020-01-03           0.16593       0.16683 -0.00090  -0.53915 -0.01009  0.01055  -0.17138     False
   blk_core  reclasso       2000               500 all bars      common 29656 2007-09-19           0.12568       0.13401 -0.00833  -6.21625 -0.01017 -0.00678 -11.56779      True
   blk_core  reclasso       2000               500 all bars deck period  7756 2020-01-03           0.14137       0.14921 -0.00784  -5.25291 -0.01193 -0.00509  -4.71597      True
   blk_core  reclasso       2000               500    11:00      common  4282 2007-09-20           0.10979       0.11608 -0.00629  -5.42028 -0.00922 -0.00346  -4.35578      True
   blk_core  reclasso       2000               500    11:00 deck period  1116 2020-01-03           0.13169       0.13741 -0.00571  -4.15697 -0.01189  0.00107  -1.79221     False
   blk_core  reclasso       2000               500    11:30      common  4282 2007-09-20           0.11440       0.12247 -0.00807  -6.58708 -0.01058 -0.00558  -6.29805      True
   blk_core  reclasso       2000               500    11:30 deck period  1116 2020-01-03           0.12630       0.13730 -0.01099  -8.00712 -0.01680 -0.00547  -4.27065      True
   blk_core  reclasso       2000               500    12:00      common  4243 2007-09-20           0.11552       0.12497 -0.00946  -7.56580 -0.01264 -0.00650  -5.97274      True
   blk_core  reclasso       2000               500    12:00 deck period  1116 2020-01-03           0.12002       0.13292 -0.01290  -9.70264 -0.01833 -0.00779  -5.27723      True
   blk_core  reclasso       2000               500    12:30      common  4244 2007-09-19           0.12452       0.13350 -0.00898  -6.72746 -0.01244 -0.00583  -5.44336      True
   blk_core  reclasso       2000               500    12:30 deck period  1116 2020-01-03           0.13150       0.13815 -0.00665  -4.81565 -0.01319 -0.00029  -2.14412      True
   blk_core  reclasso       2000               500    13:00      common  4244 2007-09-19           0.14326       0.14868 -0.00542  -3.64411 -0.00949 -0.00053  -2.38150      True
   blk_core  reclasso       2000               500    13:00 deck period  1116 2020-01-03           0.16267       0.16602 -0.00334  -2.01451 -0.01386  0.01222  -0.46562     False
   blk_core  reclasso       2000               500    13:30      common  4183 2007-09-19           0.14299       0.15186 -0.00887  -5.83944 -0.01171 -0.00598  -5.83922      True
   blk_core  reclasso       2000               500    13:30 deck period  1088 2020-01-03           0.16088       0.16674 -0.00587  -3.51800 -0.01308  0.00051  -1.68016     False
   blk_core  reclasso       2000               500    14:00      common  4178 2007-09-19           0.12983       0.14114 -0.01131  -8.01084 -0.01451 -0.00809  -7.07897      True
   blk_core  reclasso       2000               500    14:00 deck period  1088 2020-01-03           0.15744       0.16683 -0.00939  -5.62825 -0.01565 -0.00296  -3.17978      True
   blk_core  reclasso       2000              2000 all bars      common 29195 2007-12-21           0.12606       0.13381 -0.00775  -5.79092 -0.01004 -0.00657 -11.18961      True
   blk_core  reclasso       2000              2000 all bars deck period  7756 2020-01-03           0.14137       0.15148 -0.01011  -6.67419 -0.01492 -0.00766  -5.82852      True
   blk_core  reclasso       2000              2000    11:00      common  4216 2007-12-21           0.11015       0.11527 -0.00512  -4.44302 -0.00785 -0.00228  -3.55452      True
   blk_core  reclasso       2000              2000    11:00 deck period  1116 2020-01-03           0.13169       0.13759 -0.00589  -4.28223 -0.01185  0.00114  -1.88277     False
   blk_core  reclasso       2000              2000    11:30      common  4216 2007-12-21           0.11457       0.12257 -0.00801  -6.53245 -0.01077 -0.00527  -6.18364      True
   blk_core  reclasso       2000              2000    11:30 deck period  1116 2020-01-03           0.12630       0.14057 -0.01426 -10.14729 -0.01909 -0.00958  -6.08075      True
   blk_core  reclasso       2000              2000    12:00      common  4178 2007-12-21           0.11577       0.12489 -0.00912  -7.30097 -0.01146 -0.00676  -7.56488      True
   blk_core  reclasso       2000              2000    12:00 deck period  1116 2020-01-03           0.12002       0.13241 -0.01238  -9.35163 -0.01716 -0.00755  -5.22790      True
   blk_core  reclasso       2000              2000    12:30      common  4178 2007-12-21           0.12523       0.13322 -0.00800  -6.00185 -0.01063 -0.00521  -5.86812      True
   blk_core  reclasso       2000              2000    12:30 deck period  1116 2020-01-03           0.13150       0.14324 -0.01175  -8.20097 -0.01764 -0.00585  -4.26997      True
   blk_core  reclasso       2000              2000    13:00      common  4178 2007-12-21           0.14329       0.14855 -0.00527  -3.54648 -0.00927 -0.00048  -2.23014      True
   blk_core  reclasso       2000              2000    13:00 deck period  1116 2020-01-03           0.16267       0.16792 -0.00525  -3.12605 -0.01653  0.01147  -0.66784     False
   blk_core  reclasso       2000              2000    13:30      common  4117 2007-12-21           0.14337       0.15012 -0.00675  -4.49658 -0.00979 -0.00373  -4.45497      True
   blk_core  reclasso       2000              2000    13:30 deck period  1088 2020-01-03           0.16088       0.16729 -0.00641  -3.83444 -0.01398  0.00046  -1.85495     False
   blk_core  reclasso       2000              2000    14:00      common  4112 2007-12-21           0.13064       0.14269 -0.01206  -8.44881 -0.01528 -0.00897  -7.65285      True
   blk_core  reclasso       2000              2000    14:00 deck period  1088 2020-01-03           0.15744       0.17228 -0.01485  -8.61895 -0.02186 -0.00801  -4.65358      True
   blk_open  reclasso        500               500 all bars      common  9363 2006-03-02           0.11954       0.12485 -0.00531  -4.25095 -0.00775 -0.00288  -4.47618      True
   blk_open  reclasso        500               500 all bars deck period  2232 2020-01-03           0.12483       0.13411 -0.00928  -6.91972 -0.01547 -0.00294  -3.35050      True
   blk_open  reclasso        500               500    10:00      common  4681 2006-03-03           0.10024       0.10878 -0.00853  -7.84421 -0.01140 -0.00577  -5.79826      True
   blk_open  reclasso        500               500    10:00 deck period  1116 2020-01-03           0.10396       0.11633 -0.01237 -10.63652 -0.01789 -0.00626  -3.96879      True
   blk_open  reclasso        500               500    10:30      common  4682 2006-03-02           0.13884       0.14092 -0.00208  -1.47802 -0.00528  0.00105  -1.33521     False
   blk_open  reclasso        500               500    10:30 deck period  1116 2020-01-03           0.14571       0.15190 -0.00619  -4.07313 -0.01508  0.00204  -1.59861     False
   blk_open  reclasso       2000               500 all bars      common  6363 2011-12-23           0.11803       0.12747 -0.00944  -7.40601 -0.01226 -0.00631  -6.26481      True
   blk_open  reclasso       2000               500 all bars deck period  2232 2020-01-03           0.12632       0.13411 -0.00780  -5.81505 -0.01311 -0.00282  -2.93607      True
   blk_open  reclasso       2000               500    10:00      common  3181 2011-12-27           0.09985       0.11360 -0.01374 -12.09885 -0.01765 -0.01020  -7.36885      True
   blk_open  reclasso       2000               500    10:00 deck period  1116 2020-01-03           0.10402       0.11633 -0.01231 -10.58414 -0.01852 -0.00658  -4.10597      True
   blk_open  reclasso       2000               500    10:30      common  3182 2011-12-23           0.13619       0.14133 -0.00514  -3.63532 -0.00880 -0.00142  -2.70658      True
   blk_open  reclasso       2000               500    10:30 deck period  1116 2020-01-03           0.14861       0.15190 -0.00328  -2.16254 -0.01051  0.00327  -0.92123     False
   blk_open  reclasso       2000              2000 all bars      common  6363 2011-12-23           0.11803       0.12435 -0.00632  -5.08508 -0.00894 -0.00364  -4.81128      True
   blk_open  reclasso       2000              2000 all bars deck period  2232 2020-01-03           0.12632       0.13212 -0.00580  -4.39044 -0.01012 -0.00150  -2.57432      True
   blk_open  reclasso       2000              2000    10:00      common  3181 2011-12-27           0.09985       0.10945 -0.00960  -8.77049 -0.01283 -0.00649  -5.93451      True
   blk_open  reclasso       2000              2000    10:00 deck period  1116 2020-01-03           0.10402       0.11310 -0.00908  -8.02930 -0.01487 -0.00364  -3.31613      True
   blk_open  reclasso       2000              2000    10:30      common  3182 2011-12-23           0.13619       0.13924 -0.00305  -2.18908 -0.00617  0.00025  -1.83875     False
   blk_open  reclasso       2000              2000    10:30 deck period  1116 2020-01-03           0.14861       0.15113 -0.00252  -1.66724 -0.00726  0.00243  -0.91064     False
blk_release  reclasso        500               500 all bars      common  9081 2006-04-04           0.17025       0.20661 -0.03636 -17.59908 -0.04468 -0.02913  -8.93630      True
blk_release  reclasso        500               500 all bars deck period  2174 2020-01-03           0.20456       0.24958 -0.04503 -18.04043 -0.06984 -0.02428  -3.87682      True
blk_release  reclasso        500               500    14:30      common  4541 2006-04-05           0.19376       0.25900 -0.06524 -25.19049 -0.07973 -0.05198  -8.92042      True
blk_release  reclasso        500               500    14:30 deck period  1087 2020-01-03           0.23626       0.31125 -0.07499 -24.09276 -0.11960 -0.03821  -3.51762      True
blk_release  reclasso        500               500    15:00      common  4540 2006-04-04           0.14674       0.15421 -0.00747  -4.84611 -0.01201 -0.00347  -3.40910      True
blk_release  reclasso        500               500    15:00 deck period  1087 2020-01-03           0.17285       0.18791 -0.01506  -8.01539 -0.02556 -0.00462  -2.84526      True
blk_release  reclasso       2000               500 all bars      common  6081 2012-03-22           0.18181       0.21711 -0.03529 -16.25595 -0.04562 -0.02666  -7.00659      True
blk_release  reclasso       2000               500 all bars deck period  2174 2020-01-03           0.20562       0.24958 -0.04396 -17.61205 -0.06504 -0.02502  -3.79883      True
blk_release  reclasso       2000               500    14:30      common  3041 2012-03-22           0.20442       0.27319 -0.06877 -25.17332 -0.08717 -0.05262  -7.45548      True
blk_release  reclasso       2000               500    14:30 deck period  1087 2020-01-03           0.22960       0.31125 -0.08165 -26.23211 -0.12291 -0.04571  -3.75115      True
blk_release  reclasso       2000               500    15:00      common  3040 2012-03-22           0.15920       0.16101 -0.00180  -1.12066 -0.00622  0.00264  -0.73410     False
blk_release  reclasso       2000               500    15:00 deck period  1087 2020-01-03           0.18165       0.18791 -0.00626  -3.33383 -0.01446  0.00205  -1.33499     False
blk_release  reclasso       2000              2000 all bars      common  6081 2012-03-22           0.18181       0.21289 -0.03108 -14.59724 -0.03947 -0.02306  -7.00280      True
blk_release  reclasso       2000              2000 all bars deck period  2174 2020-01-03           0.20562       0.24262 -0.03699 -15.24813 -0.05722 -0.02000  -3.84893      True
blk_release  reclasso       2000              2000    14:30      common  3041 2012-03-22           0.20442       0.26477 -0.06035 -22.79420 -0.07539 -0.04641  -7.61369      True
blk_release  reclasso       2000              2000    14:30 deck period  1087 2020-01-03           0.22960       0.29274 -0.06314 -21.56846 -0.09803 -0.03387  -3.62164      True
blk_release  reclasso       2000              2000    15:00      common  3040 2012-03-22           0.15920       0.16100 -0.00179  -1.11226 -0.00637  0.00287  -0.73054     False
blk_release  reclasso       2000              2000    15:00 deck period  1087 2020-01-03           0.18165       0.19249 -0.01085  -5.63621 -0.01847 -0.00320  -2.61750      True

wrote /u/scratch/j/jamesdc1/harxhar-subsection/results/linear_subsection_lassofix/all_features/subsection_vs_pooled.csv

15:30 sign(s) trade with each arm's forecast (deck ridge: 1.338 mid / 0.870 crossed)
  segment estimator  train_win  deck_days  pct_buy  Sharpe_mid  Sharpe_crossed  ridge_Sharpe_mid_same_days
  bar1600  reclasso        500        866  34.7575      1.3691          0.8945                      1.3383
  bar1600  reclasso       2000        866  39.9538      1.1638          0.6962                      1.3383
blk_close  reclasso        500        866  34.8730      1.0459          0.5748                      1.3383
blk_close  reclasso       2000        866  36.3741      1.4652          0.9957                      1.3383
     none  reclasso        500        866  37.4134      0.4417         -0.0324                      1.3383
     none  reclasso       2000        866  38.5681      1.1908          0.7194                      1.3383
