GATE  rerun pooled blk2_user vs published yhat_blk2.parquet: 276317 of 276317 rows matched, max |yhat diff| 2.73e-12
/u/scratch/j/jamesdc1/harxhar-subsection/experiments/score_blockridge_clock.py:49: RuntimeWarning: divide by zero encountered in log
  return r - np.log(r) - 1.0
                arm                bar_end      sample     n  QLIKE_clock  QLIKE_pooled     diff       pct    ci_lo    ci_hi  improves  worse
   blk2_clockhar_a1 all regular-hours bars       whole 67462      0.16702       0.16586  0.00115   0.69588 -0.00026  0.00258     False  False
   blk2_clockhar_a1 all regular-hours bars deck period 12984      0.19480       0.19694 -0.00214  -1.08780 -0.00578  0.00111     False  False
   blk2_clockhar_a1                  10:30       whole  5621      0.13882       0.13548  0.00334   2.46510  0.00131  0.00552     False   True
   blk2_clockhar_a1                  10:30 deck period  1082      0.16749       0.15954  0.00796   4.98833  0.00322  0.01334     False   True
   blk2_clockhar_a1                  11:00       whole  5621      0.11547       0.11373  0.00174   1.53348  0.00022  0.00325     False   True
   blk2_clockhar_a1                  11:00 deck period  1082      0.13978       0.13676  0.00301   2.20157 -0.00045  0.00666     False  False
   blk2_clockhar_a1                  11:30       whole  5622      0.13432       0.13320  0.00111   0.83666 -0.00070  0.00306     False  False
   blk2_clockhar_a1                  11:30 deck period  1082      0.15335       0.15212  0.00123   0.80884 -0.00271  0.00617     False  False
   blk2_clockhar_a1                  12:00       whole  5622      0.13663       0.13254  0.00409   3.08948 -0.00057  0.01159     False  False
   blk2_clockhar_a1                  12:00 deck period  1082      0.13667       0.13680 -0.00012  -0.09058 -0.00447  0.00465     False  False
   blk2_clockhar_a1                  12:30       whole  5622      0.15274       0.14887  0.00387   2.59919  0.00186  0.00599     False   True
   blk2_clockhar_a1                  12:30 deck period  1082      0.15511       0.15101  0.00410   2.71365 -0.00042  0.00904     False  False
   blk2_clockhar_a1                  13:00       whole  5622      0.16225       0.16119  0.00106   0.65736 -0.00153  0.00363     False  False
   blk2_clockhar_a1                  13:00 deck period  1082      0.19571       0.19687 -0.00116  -0.58771 -0.00725  0.00548     False  False
   blk2_clockhar_a1                  13:30       whole  5622      0.19134       0.18409  0.00725   3.93780  0.00112  0.01624     False   True
   blk2_clockhar_a1                  13:30 deck period  1082      0.20870       0.20245  0.00625   3.08601 -0.00045  0.01429     False  False
   blk2_clockhar_a1                  14:00       whole  5622      0.14925       0.14618  0.00307   2.09970  0.00107  0.00512     False   True
   blk2_clockhar_a1                  14:00 deck period  1082      0.20423       0.19979  0.00444   2.22028 -0.00186  0.01160     False  False
   blk2_clockhar_a1                  14:30       whole  5622      0.40648       0.40593  0.00055   0.13523 -0.00960  0.01095     False  False
   blk2_clockhar_a1                  14:30 deck period  1082      0.49410       0.51339 -0.01929  -3.75666 -0.04709  0.00373     False  False
   blk2_clockhar_a1                  15:00       whole  5622      0.17692       0.18956 -0.01264  -6.66690 -0.01918 -0.00734      True  False
   blk2_clockhar_a1                  15:00 deck period  1082      0.23415       0.27154 -0.03739 -13.76926 -0.05760 -0.01993      True  False
   blk2_clockhar_a1                  15:30       whole  5622      0.12902       0.12494  0.00408   3.26432  0.00186  0.00631     False   True
   blk2_clockhar_a1                  15:30 deck period  1082      0.13372       0.12825  0.00547   4.26477 -0.00029  0.01118     False  False
   blk2_clockhar_a1                  16:00       whole  5622      0.11095       0.11463 -0.00368  -3.20909 -0.00575 -0.00169      True  False
   blk2_clockhar_a1                  16:00 deck period  1082      0.11457       0.11477 -0.00020  -0.17674 -0.00554  0.00409     False  False
 blk2_clockhar_a100 all regular-hours bars       whole 67462      0.16425       0.16586 -0.00161  -0.97001 -0.00258 -0.00062      True  False
 blk2_clockhar_a100 all regular-hours bars deck period 12984      0.19300       0.19694 -0.00394  -1.99961 -0.00645 -0.00163      True  False
 blk2_clockhar_a100                  10:30       whole  5621      0.13609       0.13548  0.00062   0.45445 -0.00060  0.00185     False  False
 blk2_clockhar_a100                  10:30 deck period  1082      0.16106       0.15954  0.00153   0.95728 -0.00071  0.00379     False  False
 blk2_clockhar_a100                  11:00       whole  5621      0.11434       0.11373  0.00061   0.53919 -0.00035  0.00173     False  False
 blk2_clockhar_a100                  11:00 deck period  1082      0.13730       0.13676  0.00054   0.39484 -0.00133  0.00252     False  False
 blk2_clockhar_a100                  11:30       whole  5622      0.13235       0.13320 -0.00085  -0.63744 -0.00211  0.00045     False  False
 blk2_clockhar_a100                  11:30 deck period  1082      0.14946       0.15212 -0.00267  -1.75282 -0.00491 -0.00044      True  False
 blk2_clockhar_a100                  12:00       whole  5622      0.13207       0.13254 -0.00046  -0.34794 -0.00154  0.00065     False  False
 blk2_clockhar_a100                  12:00 deck period  1082      0.13575       0.13680 -0.00105  -0.76410 -0.00312  0.00114     False  False
 blk2_clockhar_a100                  12:30       whole  5622      0.14955       0.14887  0.00068   0.45663 -0.00069  0.00198     False  False
 blk2_clockhar_a100                  12:30 deck period  1082      0.15249       0.15101  0.00148   0.98071 -0.00122  0.00457     False  False
 blk2_clockhar_a100                  13:00       whole  5622      0.15992       0.16119 -0.00128  -0.79161 -0.00311  0.00043     False  False
 blk2_clockhar_a100                  13:00 deck period  1082      0.19449       0.19687 -0.00238  -1.21027 -0.00645  0.00217     False  False
 blk2_clockhar_a100                  13:30       whole  5622      0.18651       0.18409  0.00242   1.31463 -0.00147  0.00780     False  False
 blk2_clockhar_a100                  13:30 deck period  1082      0.20618       0.20245  0.00373   1.84187 -0.00308  0.01432     False  False
 blk2_clockhar_a100                  14:00       whole  5622      0.14564       0.14618 -0.00054  -0.36903 -0.00185  0.00079     False  False
 blk2_clockhar_a100                  14:00 deck period  1082      0.19770       0.19979 -0.00209  -1.04546 -0.00648  0.00280     False  False
 blk2_clockhar_a100                  14:30       whole  5622      0.40371       0.40593 -0.00221  -0.54533 -0.01086  0.00664     False  False
 blk2_clockhar_a100                  14:30 deck period  1082      0.49916       0.51339 -0.01422  -2.77068 -0.03262  0.00069     False  False
 blk2_clockhar_a100                  15:00       whole  5622      0.17648       0.18956 -0.01309  -6.90285 -0.01848 -0.00866      True  False
 blk2_clockhar_a100                  15:00 deck period  1082      0.24005       0.27154 -0.03149 -11.59551 -0.04714 -0.01826      True  False
 blk2_clockhar_a100                  15:30       whole  5622      0.12528       0.12494  0.00034   0.26979 -0.00132  0.00184     False  False
 blk2_clockhar_a100                  15:30 deck period  1082      0.12997       0.12825  0.00172   1.34493 -0.00226  0.00557     False  False
 blk2_clockhar_a100                  16:00       whole  5622      0.10908       0.11463 -0.00555  -4.83907 -0.00739 -0.00382      True  False
 blk2_clockhar_a100                  16:00 deck period  1082      0.11241       0.11477 -0.00237  -2.06069 -0.00656  0.00063     False  False
blk2_clockhar_a1000 all regular-hours bars       whole 67462      0.16406       0.16586 -0.00180  -1.08802 -0.00239 -0.00126      True  False
blk2_clockhar_a1000 all regular-hours bars deck period 12984      0.19450       0.19694 -0.00244  -1.23752 -0.00367 -0.00132      True  False
blk2_clockhar_a1000                  10:30       whole  5621      0.13557       0.13548  0.00009   0.06801 -0.00048  0.00069     False  False
blk2_clockhar_a1000                  10:30 deck period  1082      0.15939       0.15954 -0.00015  -0.09127 -0.00106  0.00068     False  False
blk2_clockhar_a1000                  11:00       whole  5621      0.11400       0.11373  0.00027   0.23734 -0.00024  0.00079     False  False
blk2_clockhar_a1000                  11:00 deck period  1082      0.13674       0.13676 -0.00003  -0.01999 -0.00096  0.00085     False  False
blk2_clockhar_a1000                  11:30       whole  5622      0.13238       0.13320 -0.00082  -0.61576 -0.00146 -0.00023      True  False
blk2_clockhar_a1000                  11:30 deck period  1082      0.14992       0.15212 -0.00220  -1.44885 -0.00350 -0.00102      True  False
blk2_clockhar_a1000                  12:00       whole  5622      0.13227       0.13254 -0.00027  -0.20368 -0.00074  0.00022     False  False
blk2_clockhar_a1000                  12:00 deck period  1082      0.13652       0.13680 -0.00028  -0.20313 -0.00120  0.00068     False  False
blk2_clockhar_a1000                  12:30       whole  5622      0.14912       0.14887  0.00025   0.16819 -0.00040  0.00094     False  False
blk2_clockhar_a1000                  12:30 deck period  1082      0.15157       0.15101  0.00056   0.36791 -0.00057  0.00190     False  False
blk2_clockhar_a1000                  13:00       whole  5622      0.16010       0.16119 -0.00109  -0.67551 -0.00205 -0.00018      True  False
blk2_clockhar_a1000                  13:00 deck period  1082      0.19586       0.19687 -0.00101  -0.51350 -0.00290  0.00138     False  False
blk2_clockhar_a1000                  13:30       whole  5622      0.18403       0.18409 -0.00006  -0.03232 -0.00165  0.00212     False  False
blk2_clockhar_a1000                  13:30 deck period  1082      0.20314       0.20245  0.00069   0.34172 -0.00209  0.00481     False  False
blk2_clockhar_a1000                  14:00       whole  5622      0.14521       0.14618 -0.00097  -0.66329 -0.00156 -0.00041      True  False
blk2_clockhar_a1000                  14:00 deck period  1082      0.19794       0.19979 -0.00185  -0.92790 -0.00370  0.00010     False  False
blk2_clockhar_a1000                  14:30       whole  5622      0.39918       0.40593 -0.00675  -1.66181 -0.01260 -0.00173      True  False
blk2_clockhar_a1000                  14:30 deck period  1082      0.50363       0.51339 -0.00976  -1.90038 -0.01934 -0.00161      True  False
blk2_clockhar_a1000                  15:00       whole  5622      0.18312       0.18956 -0.00644  -3.39635 -0.00953 -0.00424      True  False
blk2_clockhar_a1000                  15:00 deck period  1082      0.25921       0.27154 -0.01233  -4.53940 -0.01874 -0.00688      True  False
blk2_clockhar_a1000                  15:30       whole  5622      0.12396       0.12494 -0.00098  -0.78407 -0.00192 -0.00012      True  False
blk2_clockhar_a1000                  15:30 deck period  1082      0.12759       0.12825 -0.00066  -0.51389 -0.00218  0.00081     False  False
blk2_clockhar_a1000                  16:00       whole  5622      0.10974       0.11463 -0.00490  -4.27062 -0.00632 -0.00351      True  False
blk2_clockhar_a1000                  16:00 deck period  1082      0.11254       0.11477 -0.00223  -1.94506 -0.00525 -0.00008      True  False

15:30 sign(s) trade, mid / crossed Sharpe
                arm  deck_days  pct_buy  Sharpe_mid  Sharpe_crossed
          blk2_user        866  40.9931      1.2707          0.8046
   blk2_clockhar_a1        866  45.3811      1.3213          0.8585
 blk2_clockhar_a100        866  42.6097      1.2244          0.7572
blk2_clockhar_a1000        866  41.8014      1.2854          0.8178
