b2 rungs [1, 2, 4, 8, 16, 32, 64, 128, 256, 512, 1024, 2048]
sq2 rungs [1, 2, 3, 4, 6, 8, 11, 16, 23, 32, 45, 64, 91, 128, 181, 256, 362, 512, 724, 1024, 1448, 2048, 2896]

[b2 ] full-window sv: [0.676 0.475 0.376 0.25  0.19  0.161 0.104 0.086 0.066 0.06 ]
[b2 ] half-A sv: [0.869 0.701 0.431 0.406 0.323 0.24  0.167 0.123 0.099 0.06 ]
[b2 ] split-half max principal angle of top-K subspace (deg):
    K=1  max= 82.7  all=[83.]
    K=2  max= 84.3  all=[39. 84.]
    K=3  max= 53.9  all=[12. 52. 54.]
    K=4  max= 72.2  all=[12. 29. 39. 72.]
    K=5  max= 65.9  all=[ 7. 19. 29. 34. 66.]
    K=6  max= 61.0  all=[ 1.  3. 13. 22. 50. 61.]
    K=7  max= 67.4  all=[ 0.  0.  2. 12. 28. 41. 67.]
    K=8  max= 79.0  all=[ 0.  0.  0.  0.  6. 17. 40. 79.]
    K=9  max= 77.1  all=[ 0.  0.  0.  0.  0.  0. 13. 71. 77.]
    K=10 max= 79.4  all=[ 0.  0.  0.  0.  0.  0.  0.  0. 39. 79.]
[b2 ] per-channel ladder-gram min eigenvalue: median=2.63e-02 min=1.83e-05

[sq2] full-window sv: [0.965 0.832 0.697 0.589 0.487 0.439 0.356 0.331 0.253 0.238]
[sq2] half-A sv: [1.18  1.056 1.005 0.935 0.81  0.622 0.551 0.456 0.408 0.404]
[sq2] split-half max principal angle of top-K subspace (deg):
    K=1  max= 86.9  all=[87.]
    K=2  max= 89.6  all=[59. 90.]
    K=3  max= 87.1  all=[21. 72. 87.]
    K=4  max= 73.9  all=[18. 34. 62. 74.]
    K=5  max= 87.7  all=[18. 31. 42. 62. 88.]
    K=6  max= 87.7  all=[12. 25. 31. 41. 63. 88.]
    K=7  max= 85.3  all=[11. 15. 28. 31. 45. 65. 85.]
    K=8  max= 77.9  all=[10. 11. 16. 17. 32. 44. 57. 78.]
    K=9  max= 89.5  all=[ 5. 10. 11. 15. 20. 40. 46. 53. 90.]
    K=10 max= 80.0  all=[ 2.  6. 10. 11. 13. 21. 34. 48. 57. 80.]
[sq2] per-channel ladder-gram min eigenvalue: median=6.03e-03 min=3.25e-06

cross-grid: angles(interp(b2 top-5) , sq2 top-5) = [18.7 30.7 57.3 66.4 77.3]
  K=1: max angle= 82.7  all=[83.]
  K=2: max angle= 65.4  all=[35. 65.]
  K=3: max angle= 65.2  all=[32. 57. 65.]
  K=4: max angle= 77.0  all=[27. 31. 64. 77.]
  K=5: max angle= 77.3  all=[19. 31. 57. 66. 77.]
  K=6: max angle= 82.0  all=[18. 21. 38. 62. 75. 82.]
  K=7: max angle= 88.0  all=[17. 20. 34. 49. 75. 82. 88.]
  K=8: max angle= 88.1  all=[17. 17. 20. 45. 58. 80. 86. 88.]
