/u/home/j/jamesdc1/.conda/envs/hpc-pi/lib/python3.11/site-packages/pandas/core/arraylike.py:399: RuntimeWarning: divide by zero encountered in log
  result = getattr(ufunc, method)(*inputs, **kwargs)
/u/home/j/jamesdc1/.conda/envs/hpc-pi/lib/python3.11/site-packages/pandas/core/arraylike.py:399: RuntimeWarning: divide by zero encountered in log
  result = getattr(ufunc, method)(*inputs, **kwargs)
/u/home/j/jamesdc1/.conda/envs/hpc-pi/lib/python3.11/site-packages/pandas/core/arraylike.py:399: RuntimeWarning: divide by zero encountered in log
  result = getattr(ufunc, method)(*inputs, **kwargs)
/u/home/j/jamesdc1/.conda/envs/hpc-pi/lib/python3.11/site-packages/pandas/core/arraylike.py:399: RuntimeWarning: divide by zero encountered in log
  result = getattr(ufunc, method)(*inputs, **kwargs)
/u/home/j/jamesdc1/.conda/envs/hpc-pi/lib/python3.11/site-packages/pandas/core/arraylike.py:399: RuntimeWarning: divide by zero encountered in log
  result = getattr(ufunc, method)(*inputs, **kwargs)
/u/home/j/jamesdc1/.conda/envs/hpc-pi/lib/python3.11/site-packages/pandas/core/arraylike.py:399: RuntimeWarning: divide by zero encountered in log
  result = getattr(ufunc, method)(*inputs, **kwargs)
/u/home/j/jamesdc1/.conda/envs/hpc-pi/lib/python3.11/site-packages/pandas/core/arraylike.py:399: RuntimeWarning: divide by zero encountered in log
  result = getattr(ufunc, method)(*inputs, **kwargs)
/u/home/j/jamesdc1/.conda/envs/hpc-pi/lib/python3.11/site-packages/pandas/core/arraylike.py:399: RuntimeWarning: divide by zero encountered in log
  result = getattr(ufunc, method)(*inputs, **kwargs)
/u/home/j/jamesdc1/.conda/envs/hpc-pi/lib/python3.11/site-packages/pandas/core/arraylike.py:399: RuntimeWarning: divide by zero encountered in log
  result = getattr(ufunc, method)(*inputs, **kwargs)
/u/home/j/jamesdc1/.conda/envs/hpc-pi/lib/python3.11/site-packages/pandas/core/arraylike.py:399: RuntimeWarning: divide by zero encountered in log
  result = getattr(ufunc, method)(*inputs, **kwargs)
/u/home/j/jamesdc1/.conda/envs/hpc-pi/lib/python3.11/site-packages/pandas/core/arraylike.py:399: RuntimeWarning: divide by zero encountered in log
  result = getattr(ufunc, method)(*inputs, **kwargs)
/u/home/j/jamesdc1/.conda/envs/hpc-pi/lib/python3.11/site-packages/pandas/core/arraylike.py:399: RuntimeWarning: divide by zero encountered in log
  result = getattr(ufunc, method)(*inputs, **kwargs)
/u/home/j/jamesdc1/.conda/envs/hpc-pi/lib/python3.11/site-packages/pandas/core/arraylike.py:399: RuntimeWarning: divide by zero encountered in log
  result = getattr(ufunc, method)(*inputs, **kwargs)
/u/home/j/jamesdc1/.conda/envs/hpc-pi/lib/python3.11/site-packages/pandas/core/arraylike.py:399: RuntimeWarning: divide by zero encountered in log
  result = getattr(ufunc, method)(*inputs, **kwargs)
/u/home/j/jamesdc1/.conda/envs/hpc-pi/lib/python3.11/site-packages/pandas/core/arraylike.py:399: RuntimeWarning: divide by zero encountered in log
  result = getattr(ufunc, method)(*inputs, **kwargs)
/u/home/j/jamesdc1/.conda/envs/hpc-pi/lib/python3.11/site-packages/pandas/core/arraylike.py:399: RuntimeWarning: divide by zero encountered in log
  result = getattr(ufunc, method)(*inputs, **kwargs)
/u/home/j/jamesdc1/.conda/envs/hpc-pi/lib/python3.11/site-packages/pandas/core/arraylike.py:399: RuntimeWarning: divide by zero encountered in log
  result = getattr(ufunc, method)(*inputs, **kwargs)
/u/home/j/jamesdc1/.conda/envs/hpc-pi/lib/python3.11/site-packages/pandas/core/arraylike.py:399: RuntimeWarning: divide by zero encountered in log
  result = getattr(ufunc, method)(*inputs, **kwargs)
/u/home/j/jamesdc1/.conda/envs/hpc-pi/lib/python3.11/site-packages/pandas/core/arraylike.py:399: RuntimeWarning: divide by zero encountered in log
  result = getattr(ufunc, method)(*inputs, **kwargs)
/u/home/j/jamesdc1/.conda/envs/hpc-pi/lib/python3.11/site-packages/pandas/core/arraylike.py:399: RuntimeWarning: divide by zero encountered in log
  result = getattr(ufunc, method)(*inputs, **kwargs)
/u/home/j/jamesdc1/.conda/envs/hpc-pi/lib/python3.11/site-packages/pandas/core/arraylike.py:399: RuntimeWarning: divide by zero encountered in log
  result = getattr(ufunc, method)(*inputs, **kwargs)
/u/home/j/jamesdc1/.conda/envs/hpc-pi/lib/python3.11/site-packages/pandas/core/arraylike.py:399: RuntimeWarning: divide by zero encountered in log
  result = getattr(ufunc, method)(*inputs, **kwargs)
/u/home/j/jamesdc1/.conda/envs/hpc-pi/lib/python3.11/site-packages/pandas/core/arraylike.py:399: RuntimeWarning: divide by zero encountered in log
  result = getattr(ufunc, method)(*inputs, **kwargs)
/u/home/j/jamesdc1/.conda/envs/hpc-pi/lib/python3.11/site-packages/pandas/core/arraylike.py:399: RuntimeWarning: divide by zero encountered in log
  result = getattr(ufunc, method)(*inputs, **kwargs)
/u/home/j/jamesdc1/.conda/envs/hpc-pi/lib/python3.11/site-packages/pandas/core/arraylike.py:399: RuntimeWarning: divide by zero encountered in log
  result = getattr(ufunc, method)(*inputs, **kwargs)
/u/home/j/jamesdc1/.conda/envs/hpc-pi/lib/python3.11/site-packages/pandas/core/arraylike.py:399: RuntimeWarning: divide by zero encountered in log
  result = getattr(ufunc, method)(*inputs, **kwargs)
/u/home/j/jamesdc1/.conda/envs/hpc-pi/lib/python3.11/site-packages/pandas/core/arraylike.py:399: RuntimeWarning: divide by zero encountered in log
  result = getattr(ufunc, method)(*inputs, **kwargs)
/u/home/j/jamesdc1/.conda/envs/hpc-pi/lib/python3.11/site-packages/pandas/core/arraylike.py:399: RuntimeWarning: divide by zero encountered in log
  result = getattr(ufunc, method)(*inputs, **kwargs)
/u/home/j/jamesdc1/.conda/envs/hpc-pi/lib/python3.11/site-packages/pandas/core/arraylike.py:399: RuntimeWarning: divide by zero encountered in log
  result = getattr(ufunc, method)(*inputs, **kwargs)
/u/home/j/jamesdc1/.conda/envs/hpc-pi/lib/python3.11/site-packages/pandas/core/arraylike.py:399: RuntimeWarning: divide by zero encountered in log
  result = getattr(ufunc, method)(*inputs, **kwargs)
/u/home/j/jamesdc1/.conda/envs/hpc-pi/lib/python3.11/site-packages/pandas/core/arraylike.py:399: RuntimeWarning: divide by zero encountered in log
  result = getattr(ufunc, method)(*inputs, **kwargs)
/u/home/j/jamesdc1/.conda/envs/hpc-pi/lib/python3.11/site-packages/pandas/core/arraylike.py:399: RuntimeWarning: divide by zero encountered in log
  result = getattr(ufunc, method)(*inputs, **kwargs)
/u/home/j/jamesdc1/.conda/envs/hpc-pi/lib/python3.11/site-packages/pandas/core/arraylike.py:399: RuntimeWarning: divide by zero encountered in log
  result = getattr(ufunc, method)(*inputs, **kwargs)
/u/home/j/jamesdc1/.conda/envs/hpc-pi/lib/python3.11/site-packages/pandas/core/arraylike.py:399: RuntimeWarning: divide by zero encountered in log
  result = getattr(ufunc, method)(*inputs, **kwargs)
/u/home/j/jamesdc1/.conda/envs/hpc-pi/lib/python3.11/site-packages/pandas/core/arraylike.py:399: RuntimeWarning: divide by zero encountered in log
  result = getattr(ufunc, method)(*inputs, **kwargs)
/u/home/j/jamesdc1/.conda/envs/hpc-pi/lib/python3.11/site-packages/pandas/core/arraylike.py:399: RuntimeWarning: divide by zero encountered in log
  result = getattr(ufunc, method)(*inputs, **kwargs)
/u/home/j/jamesdc1/.conda/envs/hpc-pi/lib/python3.11/site-packages/pandas/core/arraylike.py:399: RuntimeWarning: divide by zero encountered in log
  result = getattr(ufunc, method)(*inputs, **kwargs)
/u/home/j/jamesdc1/.conda/envs/hpc-pi/lib/python3.11/site-packages/pandas/core/arraylike.py:399: RuntimeWarning: divide by zero encountered in log
  result = getattr(ufunc, method)(*inputs, **kwargs)
/u/home/j/jamesdc1/.conda/envs/hpc-pi/lib/python3.11/site-packages/pandas/core/arraylike.py:399: RuntimeWarning: divide by zero encountered in log
  result = getattr(ufunc, method)(*inputs, **kwargs)
/u/home/j/jamesdc1/.conda/envs/hpc-pi/lib/python3.11/site-packages/pandas/core/arraylike.py:399: RuntimeWarning: divide by zero encountered in log
  result = getattr(ufunc, method)(*inputs, **kwargs)
/u/home/j/jamesdc1/.conda/envs/hpc-pi/lib/python3.11/site-packages/pandas/core/arraylike.py:399: RuntimeWarning: divide by zero encountered in log
  result = getattr(ufunc, method)(*inputs, **kwargs)
/u/home/j/jamesdc1/.conda/envs/hpc-pi/lib/python3.11/site-packages/pandas/core/arraylike.py:399: RuntimeWarning: divide by zero encountered in log
  result = getattr(ufunc, method)(*inputs, **kwargs)
/u/home/j/jamesdc1/.conda/envs/hpc-pi/lib/python3.11/site-packages/pandas/core/arraylike.py:399: RuntimeWarning: divide by zero encountered in log
  result = getattr(ufunc, method)(*inputs, **kwargs)
/u/home/j/jamesdc1/.conda/envs/hpc-pi/lib/python3.11/site-packages/pandas/core/arraylike.py:399: RuntimeWarning: divide by zero encountered in log
  result = getattr(ufunc, method)(*inputs, **kwargs)
/u/home/j/jamesdc1/.conda/envs/hpc-pi/lib/python3.11/site-packages/pandas/core/arraylike.py:399: RuntimeWarning: divide by zero encountered in log
  result = getattr(ufunc, method)(*inputs, **kwargs)
/u/home/j/jamesdc1/.conda/envs/hpc-pi/lib/python3.11/site-packages/pandas/core/arraylike.py:399: RuntimeWarning: divide by zero encountered in log
  result = getattr(ufunc, method)(*inputs, **kwargs)
/u/home/j/jamesdc1/.conda/envs/hpc-pi/lib/python3.11/site-packages/pandas/core/arraylike.py:399: RuntimeWarning: divide by zero encountered in log
  result = getattr(ufunc, method)(*inputs, **kwargs)
/u/home/j/jamesdc1/.conda/envs/hpc-pi/lib/python3.11/site-packages/pandas/core/arraylike.py:399: RuntimeWarning: divide by zero encountered in log
  result = getattr(ufunc, method)(*inputs, **kwargs)
/u/home/j/jamesdc1/.conda/envs/hpc-pi/lib/python3.11/site-packages/pandas/core/arraylike.py:399: RuntimeWarning: divide by zero encountered in log
  result = getattr(ufunc, method)(*inputs, **kwargs)
/u/home/j/jamesdc1/.conda/envs/hpc-pi/lib/python3.11/site-packages/pandas/core/arraylike.py:399: RuntimeWarning: divide by zero encountered in log
  result = getattr(ufunc, method)(*inputs, **kwargs)
/u/home/j/jamesdc1/.conda/envs/hpc-pi/lib/python3.11/site-packages/pandas/core/arraylike.py:399: RuntimeWarning: divide by zero encountered in log
  result = getattr(ufunc, method)(*inputs, **kwargs)
/u/home/j/jamesdc1/.conda/envs/hpc-pi/lib/python3.11/site-packages/pandas/core/arraylike.py:399: RuntimeWarning: divide by zero encountered in log
  result = getattr(ufunc, method)(*inputs, **kwargs)
/u/home/j/jamesdc1/.conda/envs/hpc-pi/lib/python3.11/site-packages/pandas/core/arraylike.py:399: RuntimeWarning: divide by zero encountered in log
  result = getattr(ufunc, method)(*inputs, **kwargs)
    segment estimator  train_win  pooled_train_win  bar_end      sample     n      first  QLIKE_subsection  QLIKE_pooled     diff       pct    ci_lo    ci_hi   dm_stat  improves
    bar1000  reclasso        500               500 all bars      common  3119 2012-03-23           0.11729       0.11907 -0.00179  -1.49963 -0.00503  0.00134  -1.11948     False
    bar1000  reclasso        500               500 all bars deck period  1116 2020-01-03           0.12064       0.11802  0.00262   2.21908 -0.00251  0.00830   1.06761     False
    bar1000  reclasso        500               500    10:00      common  3119 2012-03-23           0.11729       0.11907 -0.00179  -1.49963 -0.00503  0.00134  -1.11948     False
    bar1000  reclasso        500               500    10:00 deck period  1116 2020-01-03           0.12064       0.11802  0.00262   2.21908 -0.00251  0.00830   1.06761     False
    bar1000  reclasso       2000               500 all bars      common  1619 2018-01-19           0.12422       0.12658 -0.00236  -1.86296 -0.00804  0.00273  -0.92719     False
    bar1000  reclasso       2000               500 all bars deck period  1116 2020-01-03           0.12216       0.11802  0.00413   3.50361 -0.00167  0.00982   1.52094     False
    bar1000  reclasso       2000               500    10:00      common  1619 2018-01-19           0.12422       0.12658 -0.00236  -1.86296 -0.00804  0.00273  -0.92719     False
    bar1000  reclasso       2000               500    10:00 deck period  1116 2020-01-03           0.12216       0.11802  0.00413   3.50361 -0.00167  0.00982   1.52094     False
    bar1000  reclasso       2000              2000 all bars      common  1619 2018-01-19           0.12422       0.12531 -0.00108  -0.86488 -0.00455  0.00219  -0.67779     False
    bar1000  reclasso       2000              2000 all bars deck period  1116 2020-01-03           0.12216       0.12061  0.00154   1.27723 -0.00195  0.00516   0.93428     False
    bar1000  reclasso       2000              2000    10:00      common  1619 2018-01-19           0.12422       0.12531 -0.00108  -0.86488 -0.00455  0.00219  -0.67779     False
    bar1000  reclasso       2000              2000    10:00 deck period  1116 2020-01-03           0.12216       0.12061  0.00154   1.27723 -0.00195  0.00516   0.93428     False
    bar1030  reclasso        500               500 all bars      common  3119 2012-03-23           0.14688       0.15031 -0.00343  -2.28087 -0.00608 -0.00094  -2.77009      True
    bar1030  reclasso        500               500 all bars deck period  1116 2020-01-03           0.15671       0.15794 -0.00123  -0.77957 -0.00481  0.00226  -0.63179     False
    bar1030  reclasso        500               500    10:30      common  3119 2012-03-23           0.14688       0.15031 -0.00343  -2.28087 -0.00608 -0.00094  -2.77009      True
    bar1030  reclasso        500               500    10:30 deck period  1116 2020-01-03           0.15671       0.15794 -0.00123  -0.77957 -0.00481  0.00226  -0.63179     False
    bar1030  reclasso       2000               500 all bars      common  1619 2018-01-19           0.16117       0.16356 -0.00239  -1.46367 -0.00715  0.00221  -0.95396     False
    bar1030  reclasso       2000               500 all bars deck period  1116 2020-01-03           0.15831       0.15794  0.00036   0.22999 -0.00625  0.00615   0.10893     False
    bar1030  reclasso       2000               500    10:30      common  1619 2018-01-19           0.16117       0.16356 -0.00239  -1.46367 -0.00715  0.00221  -0.95396     False
    bar1030  reclasso       2000               500    10:30 deck period  1116 2020-01-03           0.15831       0.15794  0.00036   0.22999 -0.00625  0.00615   0.10893     False
    bar1030  reclasso       2000              2000 all bars      common  1619 2018-01-19           0.16117       0.16424 -0.00307  -1.86996 -0.00594 -0.00024  -2.09064      True
    bar1030  reclasso       2000              2000 all bars deck period  1116 2020-01-03           0.15831       0.16050 -0.00219  -1.36397 -0.00597  0.00131  -1.22055     False
    bar1030  reclasso       2000              2000    10:30      common  1619 2018-01-19           0.16117       0.16424 -0.00307  -1.86996 -0.00594 -0.00024  -2.09064      True
    bar1030  reclasso       2000              2000    10:30 deck period  1116 2020-01-03           0.15831       0.16050 -0.00219  -1.36397 -0.00597  0.00131  -1.22055     False
    bar1100  reclasso        500               500 all bars      common  3119 2012-03-23           0.12946       0.13310 -0.00364  -2.73555 -0.00545 -0.00194  -4.07995      True
    bar1100  reclasso        500               500 all bars deck period  1116 2020-01-03           0.14803       0.14914 -0.00111  -0.74539 -0.00485  0.00231  -0.65379     False
    bar1100  reclasso        500               500    11:00      common  3119 2012-03-23           0.12946       0.13310 -0.00364  -2.73555 -0.00545 -0.00194  -4.07995      True
    bar1100  reclasso        500               500    11:00 deck period  1116 2020-01-03           0.14803       0.14914 -0.00111  -0.74539 -0.00485  0.00231  -0.65379     False
    bar1100  reclasso       2000               500 all bars      common  1619 2018-01-19           0.14424       0.14182  0.00241   1.70199 -0.00130  0.00609   1.35188     False
    bar1100  reclasso       2000               500 all bars deck period  1116 2020-01-03           0.15342       0.14914  0.00429   2.87416  0.00053  0.00799   2.45663     False
    bar1100  reclasso       2000               500    11:00      common  1619 2018-01-19           0.14424       0.14182  0.00241   1.70199 -0.00130  0.00609   1.35188     False
    bar1100  reclasso       2000               500    11:00 deck period  1116 2020-01-03           0.15342       0.14914  0.00429   2.87416  0.00053  0.00799   2.45663     False
    bar1100  reclasso       2000              2000 all bars      common  1619 2018-01-19           0.14424       0.14628 -0.00204  -1.39727 -0.00414  0.00028  -1.90392     False
    bar1100  reclasso       2000              2000 all bars deck period  1116 2020-01-03           0.15342       0.15633 -0.00290  -1.85594 -0.00492 -0.00092  -2.94465      True
    bar1100  reclasso       2000              2000    11:00      common  1619 2018-01-19           0.14424       0.14628 -0.00204  -1.39727 -0.00414  0.00028  -1.90392     False
    bar1100  reclasso       2000              2000    11:00 deck period  1116 2020-01-03           0.15342       0.15633 -0.00290  -1.85594 -0.00492 -0.00092  -2.94465      True
    bar1130  reclasso        500               500 all bars      common  3121 2012-03-21           0.13004       0.13617 -0.00613  -4.49994 -0.00927 -0.00292  -4.14309      True
    bar1130  reclasso        500               500 all bars deck period  1116 2020-01-03           0.13740       0.14439 -0.00699  -4.84389 -0.01085 -0.00298  -3.70703      True
    bar1130  reclasso        500               500    11:30      common  3121 2012-03-21           0.13004       0.13617 -0.00613  -4.49994 -0.00927 -0.00292  -4.14309      True
    bar1130  reclasso        500               500    11:30 deck period  1116 2020-01-03           0.13740       0.14439 -0.00699  -4.84389 -0.01085 -0.00298  -3.70703      True
    bar1130  reclasso       2000               500 all bars      common  1621 2018-01-17           0.13423       0.13914 -0.00491  -3.52614 -0.00931 -0.00100  -2.60224      True
    bar1130  reclasso       2000               500 all bars deck period  1116 2020-01-03           0.14109       0.14439 -0.00330  -2.28777 -0.00824  0.00139  -1.61119     False
    bar1130  reclasso       2000               500    11:30      common  1621 2018-01-17           0.13423       0.13914 -0.00491  -3.52614 -0.00931 -0.00100  -2.60224      True
    bar1130  reclasso       2000               500    11:30 deck period  1116 2020-01-03           0.14109       0.14439 -0.00330  -2.28777 -0.00824  0.00139  -1.61119     False
    bar1130  reclasso       2000              2000 all bars      common  1621 2018-01-17           0.13423       0.14474 -0.01051  -7.25954 -0.01389 -0.00723  -6.50871      True
    bar1130  reclasso       2000              2000 all bars deck period  1116 2020-01-03           0.14109       0.15494 -0.01385  -8.93768 -0.01748 -0.01018  -7.66253      True
    bar1130  reclasso       2000              2000    11:30      common  1621 2018-01-17           0.13423       0.14474 -0.01051  -7.25954 -0.01389 -0.00723  -6.50871      True
    bar1130  reclasso       2000              2000    11:30 deck period  1116 2020-01-03           0.14109       0.15494 -0.01385  -8.93768 -0.01748 -0.01018  -7.66253      True
    bar1200  reclasso        500               500 all bars      common  3060 2012-05-31           0.13516       0.14220 -0.00704  -4.95008 -0.00952 -0.00453  -5.74052      True
    bar1200  reclasso        500               500 all bars deck period  1116 2020-01-03           0.13089       0.14083 -0.00994  -7.05922 -0.01436 -0.00559  -4.18471      True
    bar1200  reclasso        500               500    12:00      common  3060 2012-05-31           0.13516       0.14220 -0.00704  -4.95008 -0.00952 -0.00453  -5.74052      True
    bar1200  reclasso        500               500    12:00 deck period  1116 2020-01-03           0.13089       0.14083 -0.00994  -7.05922 -0.01436 -0.00559  -4.18471      True
    bar1200  reclasso       2000               500 all bars      common  1560 2018-04-13           0.15114       0.15680 -0.00566  -3.60878 -0.00946 -0.00177  -2.86873      True
    bar1200  reclasso       2000               500 all bars deck period  1116 2020-01-03           0.13576       0.14083 -0.00507  -3.59957 -0.00936 -0.00105  -3.02934      True
    bar1200  reclasso       2000               500    12:00      common  1560 2018-04-13           0.15114       0.15680 -0.00566  -3.60878 -0.00946 -0.00177  -2.86873      True
    bar1200  reclasso       2000               500    12:00 deck period  1116 2020-01-03           0.13576       0.14083 -0.00507  -3.59957 -0.00936 -0.00105  -3.02934      True
    bar1200  reclasso       2000              2000 all bars      common  1560 2018-04-13           0.15114       0.16454 -0.01340  -8.14329 -0.01657 -0.01000  -7.85422      True
    bar1200  reclasso       2000              2000 all bars deck period  1116 2020-01-03           0.13576       0.15123 -0.01547 -10.22952 -0.01839 -0.01245  -9.38667      True
    bar1200  reclasso       2000              2000    12:00      common  1560 2018-04-13           0.15114       0.16454 -0.01340  -8.14329 -0.01657 -0.01000  -7.85422      True
    bar1200  reclasso       2000              2000    12:00 deck period  1116 2020-01-03           0.13576       0.15123 -0.01547 -10.22952 -0.01839 -0.01245  -9.38667      True
    bar1230  reclasso        500               500 all bars      common  3060 2012-05-31           0.14250       0.14968 -0.00719  -4.80073 -0.00995 -0.00442  -5.43834      True
    bar1230  reclasso        500               500 all bars deck period  1116 2020-01-03           0.14665       0.15381 -0.00716  -4.65324 -0.01223 -0.00277  -3.09038      True
    bar1230  reclasso        500               500    12:30      common  3060 2012-05-31           0.14250       0.14968 -0.00719  -4.80073 -0.00995 -0.00442  -5.43834      True
    bar1230  reclasso        500               500    12:30 deck period  1116 2020-01-03           0.14665       0.15381 -0.00716  -4.65324 -0.01223 -0.00277  -3.09038      True
    bar1230  reclasso       2000               500 all bars      common  1560 2018-04-13           0.16045       0.16282 -0.00237  -1.45349 -0.00629  0.00174  -1.37813     False
    bar1230  reclasso       2000               500 all bars deck period  1116 2020-01-03           0.15600       0.15381  0.00219   1.42493 -0.00200  0.00679   1.21417     False
    bar1230  reclasso       2000               500    12:30      common  1560 2018-04-13           0.16045       0.16282 -0.00237  -1.45349 -0.00629  0.00174  -1.37813     False
    bar1230  reclasso       2000               500    12:30 deck period  1116 2020-01-03           0.15600       0.15381  0.00219   1.42493 -0.00200  0.00679   1.21417     False
    bar1230  reclasso       2000              2000 all bars      common  1560 2018-04-13           0.16045       0.17151 -0.01106  -6.44848 -0.01362 -0.00842  -7.46306      True
    bar1230  reclasso       2000              2000 all bars deck period  1116 2020-01-03           0.15600       0.16612 -0.01012  -6.09215 -0.01260 -0.00771  -7.29960      True
    bar1230  reclasso       2000              2000    12:30      common  1560 2018-04-13           0.16045       0.17151 -0.01106  -6.44848 -0.01362 -0.00842  -7.46306      True
    bar1230  reclasso       2000              2000    12:30 deck period  1116 2020-01-03           0.15600       0.16612 -0.01012  -6.09215 -0.01260 -0.00771  -7.29960      True
    bar1300  reclasso        500               500 all bars      common  3060 2012-05-31           0.15917       0.16460 -0.00543  -3.30004 -0.00958 -0.00050  -2.35919      True
    bar1300  reclasso        500               500 all bars deck period  1116 2020-01-03           0.16390       0.17048 -0.00657  -3.85609 -0.01703  0.00598  -1.17170     False
    bar1300  reclasso        500               500    13:00      common  3060 2012-05-31           0.15917       0.16460 -0.00543  -3.30004 -0.00958 -0.00050  -2.35919      True
    bar1300  reclasso        500               500    13:00 deck period  1116 2020-01-03           0.16390       0.17048 -0.00657  -3.85609 -0.01703  0.00598  -1.17170     False
    bar1300  reclasso       2000               500 all bars      common  1560 2018-04-13           0.17694       0.18344 -0.00650  -3.54482 -0.01109 -0.00174  -3.28427      True
    bar1300  reclasso       2000               500 all bars deck period  1116 2020-01-03           0.16717       0.17048 -0.00331  -1.93955 -0.00856  0.00184  -1.67605     False
    bar1300  reclasso       2000               500    13:00      common  1560 2018-04-13           0.17694       0.18344 -0.00650  -3.54482 -0.01109 -0.00174  -3.28427      True
    bar1300  reclasso       2000               500    13:00 deck period  1116 2020-01-03           0.16717       0.17048 -0.00331  -1.93955 -0.00856  0.00184  -1.67605     False
    bar1300  reclasso       2000              2000 all bars      common  1560 2018-04-13           0.17694       0.18929 -0.01235  -6.52642 -0.01631 -0.00749  -5.39975      True
    bar1300  reclasso       2000              2000 all bars deck period  1116 2020-01-03           0.16717       0.17872 -0.01155  -6.46412 -0.01678 -0.00553  -4.13288      True
    bar1300  reclasso       2000              2000    13:00      common  1560 2018-04-13           0.17694       0.18929 -0.01235  -6.52642 -0.01631 -0.00749  -5.39975      True
    bar1300  reclasso       2000              2000    13:00 deck period  1116 2020-01-03           0.16717       0.17872 -0.01155  -6.46412 -0.01678 -0.00553  -4.13288      True
    bar1330  reclasso        500               500 all bars      common  2999 2012-05-31           0.16675       0.17360 -0.00686  -3.94895 -0.01140 -0.00200  -2.95773      True
    bar1330  reclasso        500               500 all bars deck period  1088 2020-01-03           0.17386       0.17772 -0.00386  -2.16973 -0.01402  0.00608  -0.87490     False
    bar1330  reclasso        500               500    13:30      common  2999 2012-05-31           0.16675       0.17360 -0.00686  -3.94895 -0.01140 -0.00200  -2.95773      True
    bar1330  reclasso        500               500    13:30 deck period  1088 2020-01-03           0.17386       0.17772 -0.00386  -2.16973 -0.01402  0.00608  -0.87490     False
    bar1330  reclasso       2000               500 all bars      common  1499 2018-05-17           0.17548       0.18732 -0.01183  -6.31778 -0.01901 -0.00551  -3.63074      True
    bar1330  reclasso       2000               500 all bars deck period  1088 2020-01-03           0.16770       0.17772 -0.01002  -5.63765 -0.01798 -0.00363  -3.36750      True
    bar1330  reclasso       2000               500    13:30      common  1499 2018-05-17           0.17548       0.18732 -0.01183  -6.31778 -0.01901 -0.00551  -3.63074      True
    bar1330  reclasso       2000               500    13:30 deck period  1088 2020-01-03           0.16770       0.17772 -0.01002  -5.63765 -0.01798 -0.00363  -3.36750      True
    bar1330  reclasso       2000              2000 all bars      common  1499 2018-05-17           0.17548       0.18914 -0.01366  -7.22047 -0.01920 -0.00797  -4.96010      True
    bar1330  reclasso       2000              2000 all bars deck period  1088 2020-01-03           0.16770       0.18096 -0.01327  -7.33106 -0.02014 -0.00726  -4.94486      True
    bar1330  reclasso       2000              2000    13:30      common  1499 2018-05-17           0.17548       0.18914 -0.01366  -7.22047 -0.01920 -0.00797  -4.96010      True
    bar1330  reclasso       2000              2000    13:30 deck period  1088 2020-01-03           0.16770       0.18096 -0.01327  -7.33106 -0.02014 -0.00726  -4.94486      True
    bar1400  reclasso        500               500 all bars      common  2987 2012-06-13           0.15835       0.16160 -0.00325  -2.00898 -0.00619 -0.00031  -2.16799      True
    bar1400  reclasso        500               500 all bars deck period  1088 2020-01-03           0.17878       0.17910 -0.00032  -0.18137 -0.00620  0.00562  -0.10175     False
    bar1400  reclasso        500               500    14:00      common  2987 2012-06-13           0.15835       0.16160 -0.00325  -2.00898 -0.00619 -0.00031  -2.16799      True
    bar1400  reclasso        500               500    14:00 deck period  1088 2020-01-03           0.17878       0.17910 -0.00032  -0.18137 -0.00620  0.00562  -0.10175     False
    bar1400  reclasso       2000               500 all bars      common  1487 2018-06-01           0.18579       0.18598 -0.00019  -0.10234 -0.00495  0.00491  -0.08127     False
    bar1400  reclasso       2000               500 all bars deck period  1088 2020-01-03           0.18409       0.17910  0.00499   2.78549 -0.00047  0.01114   1.79980     False
    bar1400  reclasso       2000               500    14:00      common  1487 2018-06-01           0.18579       0.18598 -0.00019  -0.10234 -0.00495  0.00491  -0.08127     False
    bar1400  reclasso       2000               500    14:00 deck period  1088 2020-01-03           0.18409       0.17910  0.00499   2.78549 -0.00047  0.01114   1.79980     False
    bar1400  reclasso       2000              2000 all bars      common  1487 2018-06-01           0.18579       0.19278 -0.00699  -3.62837 -0.01048 -0.00338  -4.07992      True
    bar1400  reclasso       2000              2000 all bars deck period  1088 2020-01-03           0.18409       0.18939 -0.00530  -2.79800 -0.00944 -0.00068  -2.59742      True
    bar1400  reclasso       2000              2000    14:00      common  1487 2018-06-01           0.18579       0.19278 -0.00699  -3.62837 -0.01048 -0.00338  -4.07992      True
    bar1400  reclasso       2000              2000    14:00 deck period  1088 2020-01-03           0.18409       0.18939 -0.00530  -2.79800 -0.00944 -0.00068  -2.59742      True
    bar1430  reclasso        500               500 all bars      common  2979 2012-06-20           0.25251       0.31059 -0.05808 -18.70027 -0.07094 -0.04583  -8.90977      True
    bar1430  reclasso        500               500 all bars deck period  1087 2020-01-03           0.27117       0.34819 -0.07703 -22.12233 -0.10890 -0.05095  -5.22972      True
    bar1430  reclasso        500               500    14:30      common  2979 2012-06-20           0.25251       0.31059 -0.05808 -18.70027 -0.07094 -0.04583  -8.90977      True
    bar1430  reclasso        500               500    14:30 deck period  1087 2020-01-03           0.27117       0.34819 -0.07703 -22.12233 -0.10890 -0.05095  -5.22972      True
    bar1430  reclasso       2000               500 all bars      common  1479 2018-06-11           0.26796       0.33046 -0.06250 -18.91397 -0.08452 -0.04305  -5.26446      True
    bar1430  reclasso       2000               500 all bars deck period  1087 2020-01-03           0.27839       0.34819 -0.06980 -20.04695 -0.10044 -0.04448  -4.43205      True
    bar1430  reclasso       2000               500    14:30      common  1479 2018-06-11           0.26796       0.33046 -0.06250 -18.91397 -0.08452 -0.04305  -5.26446      True
    bar1430  reclasso       2000               500    14:30 deck period  1087 2020-01-03           0.27839       0.34819 -0.06980 -20.04695 -0.10044 -0.04448  -4.43205      True
    bar1430  reclasso       2000              2000 all bars      common  1479 2018-06-11           0.26796       0.32578 -0.05782 -17.74863 -0.07451 -0.04212  -6.86277      True
    bar1430  reclasso       2000              2000 all bars deck period  1087 2020-01-03           0.27839       0.34318 -0.06478 -18.87789 -0.08626 -0.04547  -6.08782      True
    bar1430  reclasso       2000              2000    14:30      common  1479 2018-06-11           0.26796       0.32578 -0.05782 -17.74863 -0.07451 -0.04212  -6.86277      True
    bar1430  reclasso       2000              2000    14:30 deck period  1087 2020-01-03           0.27839       0.34318 -0.06478 -18.87789 -0.08626 -0.04547  -6.08782      True
    bar1500  reclasso        500               500 all bars      common  2977 2012-06-21           0.16716       0.18129 -0.01413  -7.79457 -0.01917 -0.00894  -5.54041      True
    bar1500  reclasso        500               500 all bars deck period  1087 2020-01-03           0.19342       0.21009 -0.01667  -7.93323 -0.02743 -0.00497  -2.82138      True
    bar1500  reclasso        500               500    15:00      common  2977 2012-06-21           0.16716       0.18129 -0.01413  -7.79457 -0.01917 -0.00894  -5.54041      True
    bar1500  reclasso        500               500    15:00 deck period  1087 2020-01-03           0.19342       0.21009 -0.01667  -7.93323 -0.02743 -0.00497  -2.82138      True
    bar1500  reclasso       2000               500 all bars      common  1477 2018-06-13           0.22318       0.22800 -0.00482  -2.11544 -0.01008  0.00058  -1.71242     False
    bar1500  reclasso       2000               500 all bars deck period  1087 2020-01-03           0.20831       0.21009 -0.00178  -0.84499 -0.00720  0.00394  -0.55617     False
    bar1500  reclasso       2000               500    15:00      common  1477 2018-06-13           0.22318       0.22800 -0.00482  -2.11544 -0.01008  0.00058  -1.71242     False
    bar1500  reclasso       2000               500    15:00 deck period  1087 2020-01-03           0.20831       0.21009 -0.00178  -0.84499 -0.00720  0.00394  -0.55617     False
    bar1500  reclasso       2000              2000 all bars      common  1477 2018-06-13           0.22318       0.23882 -0.01564  -6.54845 -0.02029 -0.01113  -6.62500      True
    bar1500  reclasso       2000              2000 all bars deck period  1087 2020-01-03           0.20831       0.22666 -0.01834  -8.09262 -0.02411 -0.01290  -6.44606      True
    bar1500  reclasso       2000              2000    15:00      common  1477 2018-06-13           0.22318       0.23882 -0.01564  -6.54845 -0.02029 -0.01113  -6.62500      True
    bar1500  reclasso       2000              2000    15:00 deck period  1087 2020-01-03           0.20831       0.22666 -0.01834  -8.09262 -0.02411 -0.01290  -6.44606      True
    bar1530  reclasso        500               500 all bars      common  2975 2012-06-25           0.13054       0.13512 -0.00458  -3.38987 -0.00800 -0.00108  -2.80595      True
    bar1530  reclasso        500               500 all bars deck period  1087 2020-01-03           0.13827       0.13607  0.00221   1.62336 -0.00288  0.00748   0.93413     False
    bar1530  reclasso        500               500    15:30      common  2975 2012-06-25           0.13054       0.13512 -0.00458  -3.38987 -0.00800 -0.00108  -2.80595      True
    bar1530  reclasso        500               500    15:30 deck period  1087 2020-01-03           0.13827       0.13607  0.00221   1.62336 -0.00288  0.00748   0.93413     False
    bar1530  reclasso       2000               500 all bars      common  1475 2018-06-15           0.13744       0.14369 -0.00625  -4.34956 -0.01150 -0.00131  -2.63050      True
    bar1530  reclasso       2000               500 all bars deck period  1087 2020-01-03           0.13201       0.13607 -0.00406  -2.98026 -0.00888  0.00114  -1.55635     False
    bar1530  reclasso       2000               500    15:30      common  1475 2018-06-15           0.13744       0.14369 -0.00625  -4.34956 -0.01150 -0.00131  -2.63050      True
    bar1530  reclasso       2000               500    15:30 deck period  1087 2020-01-03           0.13201       0.13607 -0.00406  -2.98026 -0.00888  0.00114  -1.55635     False
    bar1530  reclasso       2000              2000 all bars      common  1475 2018-06-15           0.13744       0.14810 -0.01066  -7.19601 -0.01493 -0.00665  -5.71139      True
    bar1530  reclasso       2000              2000 all bars deck period  1087 2020-01-03           0.13201       0.14347 -0.01146  -7.98644 -0.01585 -0.00715  -5.89599      True
    bar1530  reclasso       2000              2000    15:30      common  1475 2018-06-15           0.13744       0.14810 -0.01066  -7.19601 -0.01493 -0.00665  -5.71139      True
    bar1530  reclasso       2000              2000    15:30 deck period  1087 2020-01-03           0.13201       0.14347 -0.01146  -7.98644 -0.01585 -0.00715  -5.89599      True
    bar1600  reclasso        500               500 all bars      common  2969 2012-07-03           0.12183       0.13017 -0.00833  -6.40136 -0.01215 -0.00454  -4.54227      True
    bar1600  reclasso        500               500 all bars deck period  1087 2020-01-03           0.11126       0.11792 -0.00666  -5.64695 -0.01268 -0.00138  -2.34376      True
    bar1600  reclasso        500               500    16:00      common  2969 2012-07-03           0.12183       0.13017 -0.00833  -6.40136 -0.01215 -0.00454  -4.54227      True
    bar1600  reclasso        500               500    16:00 deck period  1087 2020-01-03           0.11126       0.11792 -0.00666  -5.64695 -0.01268 -0.00138  -2.34376      True
    bar1600  reclasso       2000               500 all bars      common  1469 2018-06-25           0.11745       0.13269 -0.01525 -11.49025 -0.02254 -0.00910  -5.02224      True
    bar1600  reclasso       2000               500 all bars deck period  1087 2020-01-03           0.10369       0.11792 -0.01422 -12.06178 -0.02093 -0.00795  -4.32082      True
    bar1600  reclasso       2000               500    16:00      common  1469 2018-06-25           0.11745       0.13269 -0.01525 -11.49025 -0.02254 -0.00910  -5.02224      True
    bar1600  reclasso       2000               500    16:00 deck period  1087 2020-01-03           0.10369       0.11792 -0.01422 -12.06178 -0.02093 -0.00795  -4.32082      True
    bar1600  reclasso       2000              2000 all bars      common  1469 2018-06-25           0.11745       0.13278 -0.01534 -11.55110 -0.02089 -0.01028  -6.22757      True
    bar1600  reclasso       2000              2000 all bars deck period  1087 2020-01-03           0.10369       0.11888 -0.01518 -12.77349 -0.01979 -0.01064  -6.27136      True
    bar1600  reclasso       2000              2000    16:00      common  1469 2018-06-25           0.11745       0.13278 -0.01534 -11.55110 -0.02089 -0.01028  -6.22757      True
    bar1600  reclasso       2000              2000    16:00 deck period  1087 2020-01-03           0.10369       0.11888 -0.01518 -12.77349 -0.01979 -0.01064  -6.27136      True
  blk_close  reclasso        500               500 all bars      common  9069 2006-04-10           0.12234       0.12853 -0.00619  -4.81688 -0.00828 -0.00409  -6.95918      True
  blk_close  reclasso        500               500 all bars deck period  2174 2020-01-03           0.12473       0.12699 -0.00226  -1.77728 -0.00573  0.00159  -1.50584     False
  blk_close  reclasso        500               500    15:30      common  4535 2006-04-10           0.12788       0.13196 -0.00409  -3.09675 -0.00662 -0.00147  -3.34073      True
  blk_close  reclasso        500               500    15:30 deck period  1087 2020-01-03           0.13729       0.13607  0.00123   0.90189 -0.00360  0.00693   0.52554     False
  blk_close  reclasso        500               500    16:00      common  4534 2006-04-10           0.11681       0.12510 -0.00830  -6.63172 -0.01094 -0.00576  -6.77241      True
  blk_close  reclasso        500               500    16:00 deck period  1087 2020-01-03           0.11218       0.11792 -0.00574  -4.86881 -0.00966 -0.00185  -2.91226      True
  blk_close  reclasso       2000               500 all bars      common  6069 2012-03-29           0.12246       0.13261 -0.01015  -7.65580 -0.01280 -0.00754  -9.31499      True
  blk_close  reclasso       2000               500 all bars deck period  2174 2020-01-03           0.12018       0.12699 -0.00681  -5.36149 -0.01054 -0.00296  -3.62896      True
  blk_close  reclasso       2000               500    15:30      common  3034 2012-03-30           0.12753       0.13573 -0.00820  -6.04138 -0.01126 -0.00518  -5.55555      True
  blk_close  reclasso       2000               500    15:30 deck period  1087 2020-01-03           0.13272       0.13607 -0.00335  -2.45956 -0.00821  0.00138  -1.37233     False
  blk_close  reclasso       2000               500    16:00      common  3035 2012-03-29           0.11739       0.12949 -0.01210  -9.34745 -0.01547 -0.00886  -7.59920      True
  blk_close  reclasso       2000               500    16:00 deck period  1087 2020-01-03           0.10765       0.11792 -0.01027  -8.71007 -0.01645 -0.00457  -3.48321      True
  blk_close  reclasso       2000              2000 all bars      common  6069 2012-03-29           0.12246       0.13342 -0.01096  -8.21201 -0.01301 -0.00900 -12.27308      True
  blk_close  reclasso       2000              2000 all bars deck period  2174 2020-01-03           0.12018       0.13117 -0.01099  -8.37907 -0.01429 -0.00741  -7.27299      True
  blk_close  reclasso       2000              2000    15:30      common  3034 2012-03-30           0.12753       0.13795 -0.01042  -7.55326 -0.01291 -0.00791  -8.55476      True
  blk_close  reclasso       2000              2000    15:30 deck period  1087 2020-01-03           0.13272       0.14347 -0.01075  -7.49260 -0.01583 -0.00562  -4.92496      True
  blk_close  reclasso       2000              2000    16:00      common  3035 2012-03-29           0.11739       0.12888 -0.01149  -8.91690 -0.01408 -0.00903  -9.31015      True
  blk_close  reclasso       2000              2000    16:00 deck period  1087 2020-01-03           0.10765       0.11888 -0.01123  -9.44891 -0.01494 -0.00740  -5.51372      True
   blk_core  reclasso        500               500 all bars      common 40156 2001-10-11           0.13074       0.13814 -0.00740  -5.35373 -0.00946 -0.00713 -17.81346      True
   blk_core  reclasso        500               500 all bars deck period  7756 2020-01-03           0.15115       0.15922 -0.00807  -5.06681 -0.01337 -0.00547  -6.26589      True
   blk_core  reclasso        500               500    11:00      common  5797 2001-10-11           0.11476       0.12024 -0.00549  -4.56478 -0.00704 -0.00397  -7.25809      True
   blk_core  reclasso        500               500    11:00 deck period  1116 2020-01-03           0.14314       0.14914 -0.00600  -4.02217 -0.01056 -0.00106  -2.68057      True
   blk_core  reclasso        500               500    11:30      common  5799 2001-10-11           0.11931       0.12608 -0.00677  -5.37070 -0.00834 -0.00510  -8.90043      True
   blk_core  reclasso        500               500    11:30 deck period  1116 2020-01-03           0.13538       0.14439 -0.00902  -6.24420 -0.01358 -0.00359  -4.03344      True
   blk_core  reclasso        500               500    12:00      common  5738 2001-10-11           0.12286       0.13070 -0.00784  -5.99822 -0.00937 -0.00632 -10.44387      True
   blk_core  reclasso        500               500    12:00 deck period  1116 2020-01-03           0.12884       0.14083 -0.01199  -8.51666 -0.01606 -0.00770  -5.62155      True
   blk_core  reclasso        500               500    12:30      common  5738 2001-10-11           0.13853       0.14670 -0.00817  -5.56832 -0.00987 -0.00654 -10.22824      True
   blk_core  reclasso        500               500    12:30 deck period  1116 2020-01-03           0.14159       0.15381 -0.01222  -7.94457 -0.01669 -0.00819  -5.58403      True
   blk_core  reclasso        500               500    13:00      common  5738 2001-10-11           0.13916       0.14684 -0.00768  -5.22813 -0.00971 -0.00557  -7.65085      True
   blk_core  reclasso        500               500    13:00 deck period  1116 2020-01-03           0.16380       0.17048 -0.00667  -3.91544 -0.01377  0.00099  -1.88603     False
   blk_core  reclasso        500               500    13:30      common  5677 2001-10-11           0.14475       0.15305 -0.00830  -5.42315 -0.01039 -0.00617  -8.17619      True
   blk_core  reclasso        500               500    13:30 deck period  1088 2020-01-03           0.17400       0.17772 -0.00372  -2.09292 -0.01109  0.00366  -1.15014     False
   blk_core  reclasso        500               500    14:00      common  5669 2001-10-11           0.13635       0.14391 -0.00756  -5.25450 -0.00982 -0.00520  -7.04693      True
   blk_core  reclasso        500               500    14:00 deck period  1088 2020-01-03           0.17240       0.17910 -0.00670  -3.74296 -0.01384  0.00086  -1.91367     False
   blk_core  reclasso       2000               500 all bars      common 29656 2007-09-19           0.13849       0.14331 -0.00482  -3.36431 -0.00655 -0.00366 -11.20582      True
   blk_core  reclasso       2000               500 all bars deck period  7756 2020-01-03           0.15770       0.15922 -0.00151  -0.94954 -0.00510  0.00159  -1.69599     False
   blk_core  reclasso       2000               500    11:00      common  4282 2007-09-20           0.12159       0.12551 -0.00392  -3.11961 -0.00552 -0.00244  -5.16835      True
   blk_core  reclasso       2000               500    11:00 deck period  1116 2020-01-03           0.14789       0.14914 -0.00125  -0.84009 -0.00443  0.00180  -0.90403     False
   blk_core  reclasso       2000               500    11:30      common  4282 2007-09-20           0.12757       0.13148 -0.00390  -2.96929 -0.00574 -0.00199  -4.64445      True
   blk_core  reclasso       2000               500    11:30 deck period  1116 2020-01-03           0.14423       0.14439 -0.00016  -0.11279 -0.00360  0.00314  -0.10748     False
   blk_core  reclasso       2000               500    12:00      common  4243 2007-09-20           0.12977       0.13395 -0.00417  -3.11531 -0.00599 -0.00250  -5.23610      True
   blk_core  reclasso       2000               500    12:00 deck period  1116 2020-01-03           0.13784       0.14083 -0.00299  -2.12198 -0.00680  0.00061  -1.94695     False
   blk_core  reclasso       2000               500    12:30      common  4244 2007-09-19           0.14004       0.14407 -0.00403  -2.79676 -0.00591 -0.00218  -4.85153      True
   blk_core  reclasso       2000               500    12:30 deck period  1116 2020-01-03           0.15382       0.15381  0.00001   0.00753 -0.00383  0.00418   0.00724     False
   blk_core  reclasso       2000               500    13:00      common  4244 2007-09-19           0.15132       0.15719 -0.00587  -3.73331 -0.00772 -0.00406  -6.71947      True
   blk_core  reclasso       2000               500    13:00 deck period  1116 2020-01-03           0.16786       0.17048 -0.00261  -1.53359 -0.00649  0.00119  -1.48086     False
   blk_core  reclasso       2000               500    13:30      common  4183 2007-09-19           0.15437       0.16105 -0.00668  -4.14864 -0.00871 -0.00463  -6.76015      True
   blk_core  reclasso       2000               500    13:30 deck period  1088 2020-01-03           0.17379       0.17772 -0.00392  -2.20800 -0.00833  0.00066  -1.80600     False
   blk_core  reclasso       2000               500    14:00      common  4178 2007-09-19           0.14536       0.15059 -0.00523  -3.47222 -0.00761 -0.00264  -4.30031      True
   blk_core  reclasso       2000               500    14:00 deck period  1088 2020-01-03           0.17944       0.17910  0.00033   0.18650 -0.00640  0.00876   0.09538     False
   blk_core  reclasso       2000              2000 all bars      common 29195 2007-12-21           0.13891       0.14590 -0.00699  -4.79235 -0.00855 -0.00660 -19.35939      True
   blk_core  reclasso       2000              2000 all bars deck period  7756 2020-01-03           0.15770       0.16812 -0.01042  -6.19602 -0.01362 -0.00902 -11.31874      True
   blk_core  reclasso       2000              2000    11:00      common  4216 2007-12-21           0.12201       0.12707 -0.00505  -3.97675 -0.00612 -0.00398  -9.15314      True
   blk_core  reclasso       2000              2000    11:00 deck period  1116 2020-01-03           0.14789       0.15633 -0.00844  -5.39940 -0.01088 -0.00592  -6.67859      True
   blk_core  reclasso       2000              2000    11:30      common  4216 2007-12-21           0.12766       0.13376 -0.00609  -4.55504 -0.00737 -0.00477  -9.67860      True
   blk_core  reclasso       2000              2000    11:30 deck period  1116 2020-01-03           0.14423       0.15494 -0.01071  -6.91072 -0.01335 -0.00795  -7.71127      True
   blk_core  reclasso       2000              2000    12:00      common  4178 2007-12-21           0.13017       0.13769 -0.00752  -5.45993 -0.00885 -0.00626 -12.13134      True
   blk_core  reclasso       2000              2000    12:00 deck period  1116 2020-01-03           0.13784       0.15123 -0.01339  -8.85356 -0.01583 -0.01098 -10.08171      True
   blk_core  reclasso       2000              2000    12:30      common  4178 2007-12-21           0.14077       0.14825 -0.00748  -5.04355 -0.00878 -0.00630 -12.26519      True
   blk_core  reclasso       2000              2000    12:30 deck period  1116 2020-01-03           0.15382       0.16612 -0.01230  -7.40449 -0.01482 -0.00988  -8.71410      True
   blk_core  reclasso       2000              2000    13:00      common  4178 2007-12-21           0.15130       0.15892 -0.00762  -4.79355 -0.00924 -0.00599  -9.58126      True
   blk_core  reclasso       2000              2000    13:00 deck period  1116 2020-01-03           0.16786       0.17872 -0.01086  -6.07688 -0.01451 -0.00691  -5.20067      True
   blk_core  reclasso       2000              2000    13:30      common  4117 2007-12-21           0.15462       0.16173 -0.00711  -4.39708 -0.00874 -0.00540  -8.63722      True
   blk_core  reclasso       2000              2000    13:30 deck period  1088 2020-01-03           0.17379       0.18096 -0.00717  -3.96296 -0.01165 -0.00286  -3.60143      True
   blk_core  reclasso       2000              2000    14:00      common  4112 2007-12-21           0.14640       0.15452 -0.00812  -5.25428 -0.01012 -0.00597  -8.10408      True
   blk_core  reclasso       2000              2000    14:00 deck period  1088 2020-01-03           0.17944       0.18939 -0.00995  -5.25581 -0.01495 -0.00325  -3.50116      True
   blk_open  reclasso        500               500 all bars      common  9363 2006-03-02           0.13023       0.13115 -0.00091  -0.69744 -0.00230  0.00047  -1.30387     False
   blk_open  reclasso        500               500 all bars deck period  2232 2020-01-03           0.13768       0.13798 -0.00030  -0.21691 -0.00327  0.00250  -0.20380     False
   blk_open  reclasso        500               500    10:00      common  4681 2006-03-03           0.10925       0.11383 -0.00458  -4.02150 -0.00641 -0.00267  -4.82569      True
   blk_open  reclasso        500               500    10:00 deck period  1116 2020-01-03           0.11512       0.11802 -0.00290  -2.45600 -0.00667  0.00094  -1.61075     False
   blk_open  reclasso        500               500    10:30      common  4682 2006-03-02           0.15121       0.14846  0.00275   1.85060  0.00073  0.00462   2.86068     False
   blk_open  reclasso        500               500    10:30 deck period  1116 2020-01-03           0.16024       0.15794  0.00230   1.45619 -0.00230  0.00633   1.03405     False
   blk_open  reclasso       2000               500 all bars      common  6363 2011-12-23           0.13312       0.13390 -0.00078  -0.58475 -0.00289  0.00127  -0.73814     False
   blk_open  reclasso       2000               500 all bars deck period  2232 2020-01-03           0.14129       0.13798  0.00331   2.39909 -0.00113  0.00764   1.45017     False
   blk_open  reclasso       2000               500    10:00      common  3181 2011-12-27           0.11355       0.11791 -0.00436  -3.69986 -0.00715 -0.00157  -3.28398      True
   blk_open  reclasso       2000               500    10:00 deck period  1116 2020-01-03           0.11961       0.11802  0.00159   1.34402 -0.00338  0.00642   0.65360     False
   blk_open  reclasso       2000               500    10:30      common  3182 2011-12-23           0.15268       0.14989  0.00280   1.86502 -0.00015  0.00547   1.84589     False
   blk_open  reclasso       2000               500    10:30 deck period  1116 2020-01-03           0.16298       0.15794  0.00503   3.18747 -0.00242  0.01114   1.37770     False
   blk_open  reclasso       2000              2000 all bars      common  6363 2011-12-23           0.13312       0.13271  0.00042   0.31292 -0.00074  0.00163   0.71637     False
   blk_open  reclasso       2000              2000 all bars deck period  2232 2020-01-03           0.14129       0.14056  0.00074   0.52428 -0.00133  0.00277   0.70738     False
   blk_open  reclasso       2000              2000    10:00      common  3181 2011-12-27           0.11355       0.11607 -0.00252  -2.17521 -0.00414 -0.00090  -3.23006      True
   blk_open  reclasso       2000              2000    10:00 deck period  1116 2020-01-03           0.11961       0.12061 -0.00101  -0.83591 -0.00364  0.00170  -0.75540     False
   blk_open  reclasso       2000              2000    10:30      common  3182 2011-12-23           0.15268       0.14933  0.00335   2.24634  0.00178  0.00498   4.31913     False
   blk_open  reclasso       2000              2000    10:30 deck period  1116 2020-01-03           0.16298       0.16050  0.00248   1.54647 -0.00061  0.00536   1.71253     False
blk_release  reclasso        500               500 all bars      common  9081 2006-04-04           0.21200       0.22999 -0.01799  -7.82390 -0.02213 -0.01408  -9.31801      True
blk_release  reclasso        500               500 all bars deck period  2174 2020-01-03           0.24359       0.27914 -0.03555 -12.73707 -0.04734 -0.02585  -6.53096      True
blk_release  reclasso        500               500    14:30      common  4541 2006-04-05           0.25497       0.28978 -0.03481 -12.01208 -0.04147 -0.02852 -11.04885      True
blk_release  reclasso        500               500    14:30 deck period  1087 2020-01-03           0.28870       0.34819 -0.05949 -17.08623 -0.07779 -0.04326  -7.05953      True
blk_release  reclasso        500               500    15:00      common  4540 2006-04-04           0.16902       0.17019 -0.00118  -0.69135 -0.00444  0.00204  -0.72233     False
blk_release  reclasso        500               500    15:00 deck period  1087 2020-01-03           0.19847       0.21009 -0.01162  -5.52892 -0.01960 -0.00346  -2.69738      True
blk_release  reclasso       2000               500 all bars      common  6081 2012-03-22           0.22951       0.24394 -0.01442  -5.91314 -0.01860 -0.01057  -5.63748      True
blk_release  reclasso       2000               500 all bars deck period  2174 2020-01-03           0.25966       0.27914 -0.01948  -6.97840 -0.02917 -0.01089  -3.22887      True
blk_release  reclasso       2000               500    14:30      common  3041 2012-03-22           0.26843       0.30804 -0.03961 -12.85748 -0.04705 -0.03285  -9.82899      True
blk_release  reclasso       2000               500    14:30 deck period  1087 2020-01-03           0.29280       0.34819 -0.05539 -15.90917 -0.07411 -0.03986  -5.62963      True
blk_release  reclasso       2000               500    15:00      common  3040 2012-03-22           0.19059       0.17982  0.01076   5.98644  0.00704  0.01459   5.33880     False
blk_release  reclasso       2000               500    15:00 deck period  1087 2020-01-03           0.22652       0.21009  0.01644   7.82316  0.00874  0.02384   4.08549     False
blk_release  reclasso       2000              2000 all bars      common  6081 2012-03-22           0.22951       0.24514 -0.01562  -6.37293 -0.01915 -0.01216  -8.86795      True
blk_release  reclasso       2000              2000 all bars deck period  2174 2020-01-03           0.25966       0.28492 -0.02525  -8.86375 -0.03243 -0.01857  -7.44900      True
blk_release  reclasso       2000              2000    14:30      common  3041 2012-03-22           0.26843       0.30576 -0.03733 -12.20961 -0.04285 -0.03216 -13.99889      True
blk_release  reclasso       2000              2000    14:30 deck period  1087 2020-01-03           0.29280       0.34318 -0.05038 -14.67961 -0.06131 -0.03983  -9.75247      True
blk_release  reclasso       2000              2000    15:00      common  3040 2012-03-22           0.19059       0.18449  0.00609   3.30348  0.00282  0.00931   3.70115     False
blk_release  reclasso       2000              2000    15:00 deck period  1087 2020-01-03           0.22652       0.22666 -0.00013  -0.05806 -0.00556  0.00577  -0.04542     False

wrote /u/scratch/j/jamesdc1/harxhar-subsection/results/linear_subsection_lassofix/baseline/subsection_vs_pooled.csv

15:30 sign(s) trade with each arm's forecast (deck ridge: 1.338 mid / 0.870 crossed)
  segment estimator  train_win  deck_days  pct_buy  Sharpe_mid  Sharpe_crossed  ridge_Sharpe_mid_same_days
  bar1600  reclasso        500        866  35.4503      0.8711          0.3972                      1.3383
  bar1600  reclasso       2000        866  37.5289      1.4618          0.9890                      1.3383
blk_close  reclasso        500        866  35.3349      1.0531          0.5805                      1.3383
blk_close  reclasso       2000        866  39.8383      0.9664          0.4947                      1.3383
     none  reclasso        500        866  32.1016      0.9099          0.4348                      1.3383
     none  reclasso       2000        866  40.8776      1.1151          0.6457                      1.3383
