/u/home/j/jamesdc1/.conda/envs/hpc-pi/lib/python3.11/site-packages/pandas/core/arraylike.py:399: RuntimeWarning: divide by zero encountered in log
  result = getattr(ufunc, method)(*inputs, **kwargs)
/u/home/j/jamesdc1/.conda/envs/hpc-pi/lib/python3.11/site-packages/pandas/core/arraylike.py:399: RuntimeWarning: divide by zero encountered in log
  result = getattr(ufunc, method)(*inputs, **kwargs)
/u/home/j/jamesdc1/.conda/envs/hpc-pi/lib/python3.11/site-packages/pandas/core/arraylike.py:399: RuntimeWarning: divide by zero encountered in log
  result = getattr(ufunc, method)(*inputs, **kwargs)
/u/home/j/jamesdc1/.conda/envs/hpc-pi/lib/python3.11/site-packages/pandas/core/arraylike.py:399: RuntimeWarning: divide by zero encountered in log
  result = getattr(ufunc, method)(*inputs, **kwargs)
/u/home/j/jamesdc1/.conda/envs/hpc-pi/lib/python3.11/site-packages/pandas/core/arraylike.py:399: RuntimeWarning: divide by zero encountered in log
  result = getattr(ufunc, method)(*inputs, **kwargs)
/u/home/j/jamesdc1/.conda/envs/hpc-pi/lib/python3.11/site-packages/pandas/core/arraylike.py:399: RuntimeWarning: divide by zero encountered in log
  result = getattr(ufunc, method)(*inputs, **kwargs)
/u/home/j/jamesdc1/.conda/envs/hpc-pi/lib/python3.11/site-packages/pandas/core/arraylike.py:399: RuntimeWarning: divide by zero encountered in log
  result = getattr(ufunc, method)(*inputs, **kwargs)
/u/home/j/jamesdc1/.conda/envs/hpc-pi/lib/python3.11/site-packages/pandas/core/arraylike.py:399: RuntimeWarning: divide by zero encountered in log
  result = getattr(ufunc, method)(*inputs, **kwargs)
/u/home/j/jamesdc1/.conda/envs/hpc-pi/lib/python3.11/site-packages/pandas/core/arraylike.py:399: RuntimeWarning: divide by zero encountered in log
  result = getattr(ufunc, method)(*inputs, **kwargs)
/u/home/j/jamesdc1/.conda/envs/hpc-pi/lib/python3.11/site-packages/pandas/core/arraylike.py:399: RuntimeWarning: divide by zero encountered in log
  result = getattr(ufunc, method)(*inputs, **kwargs)
/u/home/j/jamesdc1/.conda/envs/hpc-pi/lib/python3.11/site-packages/pandas/core/arraylike.py:399: RuntimeWarning: divide by zero encountered in log
  result = getattr(ufunc, method)(*inputs, **kwargs)
/u/home/j/jamesdc1/.conda/envs/hpc-pi/lib/python3.11/site-packages/pandas/core/arraylike.py:399: RuntimeWarning: divide by zero encountered in log
  result = getattr(ufunc, method)(*inputs, **kwargs)
/u/home/j/jamesdc1/.conda/envs/hpc-pi/lib/python3.11/site-packages/pandas/core/arraylike.py:399: RuntimeWarning: divide by zero encountered in log
  result = getattr(ufunc, method)(*inputs, **kwargs)
/u/home/j/jamesdc1/.conda/envs/hpc-pi/lib/python3.11/site-packages/pandas/core/arraylike.py:399: RuntimeWarning: divide by zero encountered in log
  result = getattr(ufunc, method)(*inputs, **kwargs)
/u/home/j/jamesdc1/.conda/envs/hpc-pi/lib/python3.11/site-packages/pandas/core/arraylike.py:399: RuntimeWarning: divide by zero encountered in log
  result = getattr(ufunc, method)(*inputs, **kwargs)
/u/home/j/jamesdc1/.conda/envs/hpc-pi/lib/python3.11/site-packages/pandas/core/arraylike.py:399: RuntimeWarning: divide by zero encountered in log
  result = getattr(ufunc, method)(*inputs, **kwargs)
/u/home/j/jamesdc1/.conda/envs/hpc-pi/lib/python3.11/site-packages/pandas/core/arraylike.py:399: RuntimeWarning: divide by zero encountered in log
  result = getattr(ufunc, method)(*inputs, **kwargs)
/u/home/j/jamesdc1/.conda/envs/hpc-pi/lib/python3.11/site-packages/pandas/core/arraylike.py:399: RuntimeWarning: divide by zero encountered in log
  result = getattr(ufunc, method)(*inputs, **kwargs)
/u/home/j/jamesdc1/.conda/envs/hpc-pi/lib/python3.11/site-packages/pandas/core/arraylike.py:399: RuntimeWarning: divide by zero encountered in log
  result = getattr(ufunc, method)(*inputs, **kwargs)
/u/home/j/jamesdc1/.conda/envs/hpc-pi/lib/python3.11/site-packages/pandas/core/arraylike.py:399: RuntimeWarning: divide by zero encountered in log
  result = getattr(ufunc, method)(*inputs, **kwargs)
/u/home/j/jamesdc1/.conda/envs/hpc-pi/lib/python3.11/site-packages/pandas/core/arraylike.py:399: RuntimeWarning: divide by zero encountered in log
  result = getattr(ufunc, method)(*inputs, **kwargs)
/u/home/j/jamesdc1/.conda/envs/hpc-pi/lib/python3.11/site-packages/pandas/core/arraylike.py:399: RuntimeWarning: divide by zero encountered in log
  result = getattr(ufunc, method)(*inputs, **kwargs)
/u/home/j/jamesdc1/.conda/envs/hpc-pi/lib/python3.11/site-packages/pandas/core/arraylike.py:399: RuntimeWarning: divide by zero encountered in log
  result = getattr(ufunc, method)(*inputs, **kwargs)
/u/home/j/jamesdc1/.conda/envs/hpc-pi/lib/python3.11/site-packages/pandas/core/arraylike.py:399: RuntimeWarning: divide by zero encountered in log
  result = getattr(ufunc, method)(*inputs, **kwargs)
/u/home/j/jamesdc1/.conda/envs/hpc-pi/lib/python3.11/site-packages/pandas/core/arraylike.py:399: RuntimeWarning: divide by zero encountered in log
  result = getattr(ufunc, method)(*inputs, **kwargs)
/u/home/j/jamesdc1/.conda/envs/hpc-pi/lib/python3.11/site-packages/pandas/core/arraylike.py:399: RuntimeWarning: divide by zero encountered in log
  result = getattr(ufunc, method)(*inputs, **kwargs)
/u/home/j/jamesdc1/.conda/envs/hpc-pi/lib/python3.11/site-packages/pandas/core/arraylike.py:399: RuntimeWarning: divide by zero encountered in log
  result = getattr(ufunc, method)(*inputs, **kwargs)
/u/home/j/jamesdc1/.conda/envs/hpc-pi/lib/python3.11/site-packages/pandas/core/arraylike.py:399: RuntimeWarning: divide by zero encountered in log
  result = getattr(ufunc, method)(*inputs, **kwargs)
/u/home/j/jamesdc1/.conda/envs/hpc-pi/lib/python3.11/site-packages/pandas/core/arraylike.py:399: RuntimeWarning: divide by zero encountered in log
  result = getattr(ufunc, method)(*inputs, **kwargs)
/u/home/j/jamesdc1/.conda/envs/hpc-pi/lib/python3.11/site-packages/pandas/core/arraylike.py:399: RuntimeWarning: divide by zero encountered in log
  result = getattr(ufunc, method)(*inputs, **kwargs)
/u/home/j/jamesdc1/.conda/envs/hpc-pi/lib/python3.11/site-packages/pandas/core/arraylike.py:399: RuntimeWarning: divide by zero encountered in log
  result = getattr(ufunc, method)(*inputs, **kwargs)
/u/home/j/jamesdc1/.conda/envs/hpc-pi/lib/python3.11/site-packages/pandas/core/arraylike.py:399: RuntimeWarning: divide by zero encountered in log
  result = getattr(ufunc, method)(*inputs, **kwargs)
/u/home/j/jamesdc1/.conda/envs/hpc-pi/lib/python3.11/site-packages/pandas/core/arraylike.py:399: RuntimeWarning: divide by zero encountered in log
  result = getattr(ufunc, method)(*inputs, **kwargs)
/u/home/j/jamesdc1/.conda/envs/hpc-pi/lib/python3.11/site-packages/pandas/core/arraylike.py:399: RuntimeWarning: divide by zero encountered in log
  result = getattr(ufunc, method)(*inputs, **kwargs)
/u/home/j/jamesdc1/.conda/envs/hpc-pi/lib/python3.11/site-packages/pandas/core/arraylike.py:399: RuntimeWarning: divide by zero encountered in log
  result = getattr(ufunc, method)(*inputs, **kwargs)
/u/home/j/jamesdc1/.conda/envs/hpc-pi/lib/python3.11/site-packages/pandas/core/arraylike.py:399: RuntimeWarning: divide by zero encountered in log
  result = getattr(ufunc, method)(*inputs, **kwargs)
/u/home/j/jamesdc1/.conda/envs/hpc-pi/lib/python3.11/site-packages/pandas/core/arraylike.py:399: RuntimeWarning: divide by zero encountered in log
  result = getattr(ufunc, method)(*inputs, **kwargs)
/u/home/j/jamesdc1/.conda/envs/hpc-pi/lib/python3.11/site-packages/pandas/core/arraylike.py:399: RuntimeWarning: divide by zero encountered in log
  result = getattr(ufunc, method)(*inputs, **kwargs)
/u/home/j/jamesdc1/.conda/envs/hpc-pi/lib/python3.11/site-packages/pandas/core/arraylike.py:399: RuntimeWarning: divide by zero encountered in log
  result = getattr(ufunc, method)(*inputs, **kwargs)
/u/home/j/jamesdc1/.conda/envs/hpc-pi/lib/python3.11/site-packages/pandas/core/arraylike.py:399: RuntimeWarning: divide by zero encountered in log
  result = getattr(ufunc, method)(*inputs, **kwargs)
/u/home/j/jamesdc1/.conda/envs/hpc-pi/lib/python3.11/site-packages/pandas/core/arraylike.py:399: RuntimeWarning: divide by zero encountered in log
  result = getattr(ufunc, method)(*inputs, **kwargs)
/u/home/j/jamesdc1/.conda/envs/hpc-pi/lib/python3.11/site-packages/pandas/core/arraylike.py:399: RuntimeWarning: divide by zero encountered in log
  result = getattr(ufunc, method)(*inputs, **kwargs)
/u/home/j/jamesdc1/.conda/envs/hpc-pi/lib/python3.11/site-packages/pandas/core/arraylike.py:399: RuntimeWarning: divide by zero encountered in log
  result = getattr(ufunc, method)(*inputs, **kwargs)
/u/home/j/jamesdc1/.conda/envs/hpc-pi/lib/python3.11/site-packages/pandas/core/arraylike.py:399: RuntimeWarning: divide by zero encountered in log
  result = getattr(ufunc, method)(*inputs, **kwargs)
/u/home/j/jamesdc1/.conda/envs/hpc-pi/lib/python3.11/site-packages/pandas/core/arraylike.py:399: RuntimeWarning: divide by zero encountered in log
  result = getattr(ufunc, method)(*inputs, **kwargs)
/u/home/j/jamesdc1/.conda/envs/hpc-pi/lib/python3.11/site-packages/pandas/core/arraylike.py:399: RuntimeWarning: divide by zero encountered in log
  result = getattr(ufunc, method)(*inputs, **kwargs)
/u/home/j/jamesdc1/.conda/envs/hpc-pi/lib/python3.11/site-packages/pandas/core/arraylike.py:399: RuntimeWarning: divide by zero encountered in log
  result = getattr(ufunc, method)(*inputs, **kwargs)
/u/home/j/jamesdc1/.conda/envs/hpc-pi/lib/python3.11/site-packages/pandas/core/arraylike.py:399: RuntimeWarning: divide by zero encountered in log
  result = getattr(ufunc, method)(*inputs, **kwargs)
/u/home/j/jamesdc1/.conda/envs/hpc-pi/lib/python3.11/site-packages/pandas/core/arraylike.py:399: RuntimeWarning: divide by zero encountered in log
  result = getattr(ufunc, method)(*inputs, **kwargs)
/u/home/j/jamesdc1/.conda/envs/hpc-pi/lib/python3.11/site-packages/pandas/core/arraylike.py:399: RuntimeWarning: divide by zero encountered in log
  result = getattr(ufunc, method)(*inputs, **kwargs)
/u/home/j/jamesdc1/.conda/envs/hpc-pi/lib/python3.11/site-packages/pandas/core/arraylike.py:399: RuntimeWarning: divide by zero encountered in log
  result = getattr(ufunc, method)(*inputs, **kwargs)
/u/home/j/jamesdc1/.conda/envs/hpc-pi/lib/python3.11/site-packages/pandas/core/arraylike.py:399: RuntimeWarning: divide by zero encountered in log
  result = getattr(ufunc, method)(*inputs, **kwargs)
/u/home/j/jamesdc1/.conda/envs/hpc-pi/lib/python3.11/site-packages/pandas/core/arraylike.py:399: RuntimeWarning: divide by zero encountered in log
  result = getattr(ufunc, method)(*inputs, **kwargs)
    segment estimator  train_win  pooled_train_win  bar_end      sample     n      first  QLIKE_subsection  QLIKE_pooled     diff       pct    ci_lo    ci_hi   dm_stat  improves
    bar1000  reclasso        500               500 all bars      common  3119 2012-03-23           0.11891       0.11890  0.00001   0.00688 -0.00343  0.00350   0.00462     False
    bar1000  reclasso        500               500 all bars deck period  1116 2020-01-03           0.12127       0.11850  0.00277   2.33569 -0.00282  0.00915   1.01506     False
    bar1000  reclasso        500               500    10:00      common  3119 2012-03-23           0.11891       0.11890  0.00001   0.00688 -0.00343  0.00350   0.00462     False
    bar1000  reclasso        500               500    10:00 deck period  1116 2020-01-03           0.12127       0.11850  0.00277   2.33569 -0.00282  0.00915   1.01506     False
    bar1000  reclasso       2000               500 all bars      common  1619 2018-01-19           0.12386       0.12660 -0.00274  -2.16445 -0.00881  0.00270  -1.00969     False
    bar1000  reclasso       2000               500 all bars deck period  1116 2020-01-03           0.12218       0.11850  0.00368   3.10507 -0.00244  0.01002   1.27212     False
    bar1000  reclasso       2000               500    10:00      common  1619 2018-01-19           0.12386       0.12660 -0.00274  -2.16445 -0.00881  0.00270  -1.00969     False
    bar1000  reclasso       2000               500    10:00 deck period  1116 2020-01-03           0.12218       0.11850  0.00368   3.10507 -0.00244  0.01002   1.27212     False
    bar1000  reclasso       2000              2000 all bars      common  1619 2018-01-19           0.12386       0.12470 -0.00084  -0.67754 -0.00460  0.00286  -0.47130     False
    bar1000  reclasso       2000              2000 all bars deck period  1116 2020-01-03           0.12218       0.12006  0.00212   1.76433 -0.00170  0.00614   1.13411     False
    bar1000  reclasso       2000              2000    10:00      common  1619 2018-01-19           0.12386       0.12470 -0.00084  -0.67754 -0.00460  0.00286  -0.47130     False
    bar1000  reclasso       2000              2000    10:00 deck period  1116 2020-01-03           0.12218       0.12006  0.00212   1.76433 -0.00170  0.00614   1.13411     False
    bar1030  reclasso        500               500 all bars      common  3119 2012-03-23           0.14767       0.14965 -0.00198  -1.32304 -0.00458  0.00049  -1.50141     False
    bar1030  reclasso        500               500 all bars deck period  1116 2020-01-03           0.15754       0.15665  0.00089   0.56913 -0.00291  0.00465   0.40468     False
    bar1030  reclasso        500               500    10:30      common  3119 2012-03-23           0.14767       0.14965 -0.00198  -1.32304 -0.00458  0.00049  -1.50141     False
    bar1030  reclasso        500               500    10:30 deck period  1116 2020-01-03           0.15754       0.15665  0.00089   0.56913 -0.00291  0.00465   0.40468     False
    bar1030  reclasso       2000               500 all bars      common  1619 2018-01-19           0.16429       0.16217  0.00212   1.30575 -0.00428  0.01009   0.58268     False
    bar1030  reclasso       2000               500 all bars deck period  1116 2020-01-03           0.16337       0.15665  0.00672   4.28945 -0.00309  0.01738   1.35250     False
    bar1030  reclasso       2000               500    10:30      common  1619 2018-01-19           0.16429       0.16217  0.00212   1.30575 -0.00428  0.01009   0.58268     False
    bar1030  reclasso       2000               500    10:30 deck period  1116 2020-01-03           0.16337       0.15665  0.00672   4.28945 -0.00309  0.01738   1.35250     False
    bar1030  reclasso       2000              2000 all bars      common  1619 2018-01-19           0.16429       0.16393  0.00035   0.21564 -0.00491  0.00740   0.11836     False
    bar1030  reclasso       2000              2000 all bars deck period  1116 2020-01-03           0.16337       0.16028  0.00309   1.92991 -0.00409  0.01268   0.75697     False
    bar1030  reclasso       2000              2000    10:30      common  1619 2018-01-19           0.16429       0.16393  0.00035   0.21564 -0.00491  0.00740   0.11836     False
    bar1030  reclasso       2000              2000    10:30 deck period  1116 2020-01-03           0.16337       0.16028  0.00309   1.92991 -0.00409  0.01268   0.75697     False
    bar1100  reclasso        500               500 all bars      common  3119 2012-03-23           0.13149       0.13188 -0.00039  -0.29573 -0.00259  0.00186  -0.35503     False
    bar1100  reclasso        500               500 all bars deck period  1116 2020-01-03           0.15096       0.14635  0.00461   3.15241 -0.00002  0.00919   2.08276     False
    bar1100  reclasso        500               500    11:00      common  3119 2012-03-23           0.13149       0.13188 -0.00039  -0.29573 -0.00259  0.00186  -0.35503     False
    bar1100  reclasso        500               500    11:00 deck period  1116 2020-01-03           0.15096       0.14635  0.00461   3.15241 -0.00002  0.00919   2.08276     False
    bar1100  reclasso       2000               500 all bars      common  1619 2018-01-19           0.14497       0.13966  0.00531   3.80124  0.00127  0.00949   2.61161     False
    bar1100  reclasso       2000               500 all bars deck period  1116 2020-01-03           0.15418       0.14635  0.00784   5.35413  0.00387  0.01187   3.99564     False
    bar1100  reclasso       2000               500    11:00      common  1619 2018-01-19           0.14497       0.13966  0.00531   3.80124  0.00127  0.00949   2.61161     False
    bar1100  reclasso       2000               500    11:00 deck period  1116 2020-01-03           0.15418       0.14635  0.00784   5.35413  0.00387  0.01187   3.99564     False
    bar1100  reclasso       2000              2000 all bars      common  1619 2018-01-19           0.14497       0.14484  0.00012   0.08474 -0.00245  0.00307   0.08536     False
    bar1100  reclasso       2000              2000 all bars deck period  1116 2020-01-03           0.15418       0.15469 -0.00050  -0.32545 -0.00314  0.00224  -0.34793     False
    bar1100  reclasso       2000              2000    11:00      common  1619 2018-01-19           0.14497       0.14484  0.00012   0.08474 -0.00245  0.00307   0.08536     False
    bar1100  reclasso       2000              2000    11:00 deck period  1116 2020-01-03           0.15418       0.15469 -0.00050  -0.32545 -0.00314  0.00224  -0.34793     False
    bar1130  reclasso        500               500 all bars      common  3121 2012-03-21           0.13116       0.13585 -0.00469  -3.45042 -0.00773 -0.00152  -3.18099      True
    bar1130  reclasso        500               500 all bars deck period  1116 2020-01-03           0.13896       0.14374 -0.00478  -3.32423 -0.00983  0.00038  -2.02633     False
    bar1130  reclasso        500               500    11:30      common  3121 2012-03-21           0.13116       0.13585 -0.00469  -3.45042 -0.00773 -0.00152  -3.18099      True
    bar1130  reclasso        500               500    11:30 deck period  1116 2020-01-03           0.13896       0.14374 -0.00478  -3.32423 -0.00983  0.00038  -2.02633     False
    bar1130  reclasso       2000               500 all bars      common  1621 2018-01-17           0.13383       0.13833 -0.00450  -3.25175 -0.00885 -0.00050  -2.21517      True
    bar1130  reclasso       2000               500 all bars deck period  1116 2020-01-03           0.14102       0.14374 -0.00272  -1.89331 -0.00767  0.00230  -1.22118     False
    bar1130  reclasso       2000               500    11:30      common  1621 2018-01-17           0.13383       0.13833 -0.00450  -3.25175 -0.00885 -0.00050  -2.21517      True
    bar1130  reclasso       2000               500    11:30 deck period  1116 2020-01-03           0.14102       0.14374 -0.00272  -1.89331 -0.00767  0.00230  -1.22118     False
    bar1130  reclasso       2000              2000 all bars      common  1621 2018-01-17           0.13383       0.14389 -0.01005  -6.98742 -0.01364 -0.00659  -5.94008      True
    bar1130  reclasso       2000              2000 all bars deck period  1116 2020-01-03           0.14102       0.15388 -0.01287  -8.36206 -0.01660 -0.00916  -7.14213      True
    bar1130  reclasso       2000              2000    11:30      common  1621 2018-01-17           0.13383       0.14389 -0.01005  -6.98742 -0.01364 -0.00659  -5.94008      True
    bar1130  reclasso       2000              2000    11:30 deck period  1116 2020-01-03           0.14102       0.15388 -0.01287  -8.36206 -0.01660 -0.00916  -7.14213      True
    bar1200  reclasso        500               500 all bars      common  3060 2012-05-31           0.13638       0.14078 -0.00441  -3.12897 -0.00744 -0.00131  -2.97494      True
    bar1200  reclasso        500               500 all bars deck period  1116 2020-01-03           0.13295       0.13872 -0.00577  -4.15860 -0.00988 -0.00174  -2.53099      True
    bar1200  reclasso        500               500    12:00      common  3060 2012-05-31           0.13638       0.14078 -0.00441  -3.12897 -0.00744 -0.00131  -2.97494      True
    bar1200  reclasso        500               500    12:00 deck period  1116 2020-01-03           0.13295       0.13872 -0.00577  -4.15860 -0.00988 -0.00174  -2.53099      True
    bar1200  reclasso       2000               500 all bars      common  1560 2018-04-13           0.15545       0.15438  0.00107   0.69435 -0.00416  0.00765   0.35534     False
    bar1200  reclasso       2000               500 all bars deck period  1116 2020-01-03           0.14110       0.13872  0.00239   1.72042 -0.00436  0.01072   0.64464     False
    bar1200  reclasso       2000               500    12:00      common  1560 2018-04-13           0.15545       0.15438  0.00107   0.69435 -0.00416  0.00765   0.35534     False
    bar1200  reclasso       2000               500    12:00 deck period  1116 2020-01-03           0.14110       0.13872  0.00239   1.72042 -0.00436  0.01072   0.64464     False
    bar1200  reclasso       2000              2000 all bars      common  1560 2018-04-13           0.15545       0.16282 -0.00737  -4.52656 -0.01208 -0.00120  -2.64317      True
    bar1200  reclasso       2000              2000 all bars deck period  1116 2020-01-03           0.14110       0.14940 -0.00830  -5.55516 -0.01445 -0.00014  -2.25093      True
    bar1200  reclasso       2000              2000    12:00      common  1560 2018-04-13           0.15545       0.16282 -0.00737  -4.52656 -0.01208 -0.00120  -2.64317      True
    bar1200  reclasso       2000              2000    12:00 deck period  1116 2020-01-03           0.14110       0.14940 -0.00830  -5.55516 -0.01445 -0.00014  -2.25093      True
    bar1230  reclasso        500               500 all bars      common  3060 2012-05-31           0.14313       0.14908 -0.00595  -3.98966 -0.00872 -0.00322  -4.36371      True
    bar1230  reclasso        500               500 all bars deck period  1116 2020-01-03           0.14829       0.15234 -0.00406  -2.66268 -0.00949  0.00114  -1.47986     False
    bar1230  reclasso        500               500    12:30      common  3060 2012-05-31           0.14313       0.14908 -0.00595  -3.98966 -0.00872 -0.00322  -4.36371      True
    bar1230  reclasso        500               500    12:30 deck period  1116 2020-01-03           0.14829       0.15234 -0.00406  -2.66268 -0.00949  0.00114  -1.47986     False
    bar1230  reclasso       2000               500 all bars      common  1560 2018-04-13           0.16365       0.16114  0.00252   1.56154 -0.00166  0.00716   1.04616     False
    bar1230  reclasso       2000               500 all bars deck period  1116 2020-01-03           0.15965       0.15234  0.00731   4.79835  0.00230  0.01315   2.39623     False
    bar1230  reclasso       2000               500    12:30      common  1560 2018-04-13           0.16365       0.16114  0.00252   1.56154 -0.00166  0.00716   1.04616     False
    bar1230  reclasso       2000               500    12:30 deck period  1116 2020-01-03           0.15965       0.15234  0.00731   4.79835  0.00230  0.01315   2.39623     False
    bar1230  reclasso       2000              2000 all bars      common  1560 2018-04-13           0.16365       0.16978 -0.00612  -3.60657 -0.01031 -0.00129  -2.52172      True
    bar1230  reclasso       2000              2000 all bars deck period  1116 2020-01-03           0.15965       0.16413 -0.00448  -2.72872 -0.00958  0.00152  -1.46101     False
    bar1230  reclasso       2000              2000    12:30      common  1560 2018-04-13           0.16365       0.16978 -0.00612  -3.60657 -0.01031 -0.00129  -2.52172      True
    bar1230  reclasso       2000              2000    12:30 deck period  1116 2020-01-03           0.15965       0.16413 -0.00448  -2.72872 -0.00958  0.00152  -1.46101     False
    bar1300  reclasso        500               500 all bars      common  3060 2012-05-31           0.15801       0.16475 -0.00674  -4.09327 -0.01030 -0.00290  -3.65142      True
    bar1300  reclasso        500               500 all bars deck period  1116 2020-01-03           0.16257       0.17077 -0.00820  -4.80285 -0.01574 -0.00110  -2.64839      True
    bar1300  reclasso        500               500    13:00      common  3060 2012-05-31           0.15801       0.16475 -0.00674  -4.09327 -0.01030 -0.00290  -3.65142      True
    bar1300  reclasso        500               500    13:00 deck period  1116 2020-01-03           0.16257       0.17077 -0.00820  -4.80285 -0.01574 -0.00110  -2.64839      True
    bar1300  reclasso       2000               500 all bars      common  1560 2018-04-13           0.17858       0.18350 -0.00492  -2.67867 -0.00911 -0.00046  -2.18608      True
    bar1300  reclasso       2000               500 all bars deck period  1116 2020-01-03           0.16880       0.17077 -0.00197  -1.15199 -0.00711  0.00285  -0.76359     False
    bar1300  reclasso       2000               500    13:00      common  1560 2018-04-13           0.17858       0.18350 -0.00492  -2.67867 -0.00911 -0.00046  -2.18608      True
    bar1300  reclasso       2000               500    13:00 deck period  1116 2020-01-03           0.16880       0.17077 -0.00197  -1.15199 -0.00711  0.00285  -0.76359     False
    bar1300  reclasso       2000              2000 all bars      common  1560 2018-04-13           0.17858       0.18825 -0.00967  -5.13756 -0.01346 -0.00566  -4.69457      True
    bar1300  reclasso       2000              2000 all bars deck period  1116 2020-01-03           0.16880       0.17757 -0.00877  -4.93790 -0.01330 -0.00393  -3.65680      True
    bar1300  reclasso       2000              2000    13:00      common  1560 2018-04-13           0.17858       0.18825 -0.00967  -5.13756 -0.01346 -0.00566  -4.69457      True
    bar1300  reclasso       2000              2000    13:00 deck period  1116 2020-01-03           0.16880       0.17757 -0.00877  -4.93790 -0.01330 -0.00393  -3.65680      True
    bar1330  reclasso        500               500 all bars      common  2999 2012-05-31           0.16612       0.17437 -0.00825  -4.73402 -0.01205 -0.00435  -4.33531      True
    bar1330  reclasso        500               500 all bars deck period  1088 2020-01-03           0.17363       0.17833 -0.00470  -2.63352 -0.01250  0.00342  -1.19864     False
    bar1330  reclasso        500               500    13:30      common  2999 2012-05-31           0.16612       0.17437 -0.00825  -4.73402 -0.01205 -0.00435  -4.33531      True
    bar1330  reclasso        500               500    13:30 deck period  1088 2020-01-03           0.17363       0.17833 -0.00470  -2.63352 -0.01250  0.00342  -1.19864     False
    bar1330  reclasso       2000               500 all bars      common  1499 2018-05-17           0.17479       0.18786 -0.01307  -6.95787 -0.01907 -0.00744  -4.87310      True
    bar1330  reclasso       2000               500 all bars deck period  1088 2020-01-03           0.16721       0.17833 -0.01111  -6.23150 -0.01810 -0.00544  -4.29967      True
    bar1330  reclasso       2000               500    13:30      common  1499 2018-05-17           0.17479       0.18786 -0.01307  -6.95787 -0.01907 -0.00744  -4.87310      True
    bar1330  reclasso       2000               500    13:30 deck period  1088 2020-01-03           0.16721       0.17833 -0.01111  -6.23150 -0.01810 -0.00544  -4.29967      True
    bar1330  reclasso       2000              2000 all bars      common  1499 2018-05-17           0.17479       0.18996 -0.01517  -7.98510 -0.02152 -0.00948  -5.55427      True
    bar1330  reclasso       2000              2000 all bars deck period  1088 2020-01-03           0.16721       0.18081 -0.01359  -7.51771 -0.02170 -0.00627  -4.21697      True
    bar1330  reclasso       2000              2000    13:30      common  1499 2018-05-17           0.17479       0.18996 -0.01517  -7.98510 -0.02152 -0.00948  -5.55427      True
    bar1330  reclasso       2000              2000    13:30 deck period  1088 2020-01-03           0.16721       0.18081 -0.01359  -7.51771 -0.02170 -0.00627  -4.21697      True
    bar1400  reclasso        500               500 all bars      common  2987 2012-06-13           0.15910       0.16116 -0.00206  -1.27695 -0.00608  0.00238  -1.03172     False
    bar1400  reclasso        500               500 all bars deck period  1088 2020-01-03           0.18059       0.17876  0.00183   1.02486 -0.00659  0.01160   0.40657     False
    bar1400  reclasso        500               500    14:00      common  2987 2012-06-13           0.15910       0.16116 -0.00206  -1.27695 -0.00608  0.00238  -1.03172     False
    bar1400  reclasso        500               500    14:00 deck period  1088 2020-01-03           0.18059       0.17876  0.00183   1.02486 -0.00659  0.01160   0.40657     False
    bar1400  reclasso       2000               500 all bars      common  1487 2018-06-01           0.18668       0.18473  0.00195   1.05413 -0.00336  0.00742   0.73849     False
    bar1400  reclasso       2000               500 all bars deck period  1088 2020-01-03           0.18537       0.17876  0.00661   3.69645  0.00055  0.01320   2.07166     False
    bar1400  reclasso       2000               500    14:00      common  1487 2018-06-01           0.18668       0.18473  0.00195   1.05413 -0.00336  0.00742   0.73849     False
    bar1400  reclasso       2000               500    14:00 deck period  1088 2020-01-03           0.18537       0.17876  0.00661   3.69645  0.00055  0.01320   2.07166     False
    bar1400  reclasso       2000              2000 all bars      common  1487 2018-06-01           0.18668       0.19308 -0.00640  -3.31627 -0.01018 -0.00265  -3.39796      True
    bar1400  reclasso       2000              2000 all bars deck period  1088 2020-01-03           0.18537       0.19035 -0.00498  -2.61647 -0.00938 -0.00030  -2.27165      True
    bar1400  reclasso       2000              2000    14:00      common  1487 2018-06-01           0.18668       0.19308 -0.00640  -3.31627 -0.01018 -0.00265  -3.39796      True
    bar1400  reclasso       2000              2000    14:00 deck period  1088 2020-01-03           0.18537       0.19035 -0.00498  -2.61647 -0.00938 -0.00030  -2.27165      True
    bar1430  reclasso        500               500 all bars      common  2979 2012-06-20           0.20327       0.28698 -0.08370 -29.16758 -0.10511 -0.06547  -8.34993      True
    bar1430  reclasso        500               500 all bars deck period  1087 2020-01-03           0.22533       0.32014 -0.09481 -29.61555 -0.14720 -0.05516  -4.19377      True
    bar1430  reclasso        500               500    14:30      common  2979 2012-06-20           0.20327       0.28698 -0.08370 -29.16758 -0.10511 -0.06547  -8.34993      True
    bar1430  reclasso        500               500    14:30 deck period  1087 2020-01-03           0.22533       0.32014 -0.09481 -29.61555 -0.14720 -0.05516  -4.19377      True
    bar1430  reclasso       2000               500 all bars      common  1479 2018-06-11           0.22849       0.30538 -0.07689 -25.17822 -0.11142 -0.04570  -4.36691      True
    bar1430  reclasso       2000               500 all bars deck period  1087 2020-01-03           0.24172       0.32014 -0.07842 -24.49681 -0.12679 -0.03782  -3.36738      True
    bar1430  reclasso       2000               500    14:30      common  1479 2018-06-11           0.22849       0.30538 -0.07689 -25.17822 -0.11142 -0.04570  -4.36691      True
    bar1430  reclasso       2000               500    14:30 deck period  1087 2020-01-03           0.24172       0.32014 -0.07842 -24.49681 -0.12679 -0.03782  -3.36738      True
    bar1430  reclasso       2000              2000 all bars      common  1479 2018-06-11           0.22849       0.30013 -0.07164 -23.87044 -0.09951 -0.04465  -5.20586      True
    bar1430  reclasso       2000              2000 all bars deck period  1087 2020-01-03           0.24172       0.31885 -0.07713 -24.18965 -0.11512 -0.04239  -4.29897      True
    bar1430  reclasso       2000              2000    14:30      common  1479 2018-06-11           0.22849       0.30013 -0.07164 -23.87044 -0.09951 -0.04465  -5.20586      True
    bar1430  reclasso       2000              2000    14:30 deck period  1087 2020-01-03           0.24172       0.31885 -0.07713 -24.18965 -0.11512 -0.04239  -4.29897      True
    bar1500  reclasso        500               500 all bars      common  2977 2012-06-21           0.16194       0.17638 -0.01444  -8.18588 -0.01972 -0.00879  -5.44352      True
    bar1500  reclasso        500               500 all bars deck period  1087 2020-01-03           0.18245       0.20254 -0.02010  -9.92264 -0.03204 -0.00697  -3.12747      True
    bar1500  reclasso        500               500    15:00      common  2977 2012-06-21           0.16194       0.17638 -0.01444  -8.18588 -0.01972 -0.00879  -5.44352      True
    bar1500  reclasso        500               500    15:00 deck period  1087 2020-01-03           0.18245       0.20254 -0.02010  -9.92264 -0.03204 -0.00697  -3.12747      True
    bar1500  reclasso       2000               500 all bars      common  1477 2018-06-13           0.21696       0.22115 -0.00419  -1.89656 -0.01042  0.00175  -1.39533     False
    bar1500  reclasso       2000               500 all bars deck period  1087 2020-01-03           0.20266       0.20254  0.00012   0.05739 -0.00612  0.00617   0.03434     False
    bar1500  reclasso       2000               500    15:00      common  1477 2018-06-13           0.21696       0.22115 -0.00419  -1.89656 -0.01042  0.00175  -1.39533     False
    bar1500  reclasso       2000               500    15:00 deck period  1087 2020-01-03           0.20266       0.20254  0.00012   0.05739 -0.00612  0.00617   0.03434     False
    bar1500  reclasso       2000              2000 all bars      common  1477 2018-06-13           0.21696       0.23175 -0.01479  -6.38388 -0.02038 -0.00923  -5.49334      True
    bar1500  reclasso       2000              2000 all bars deck period  1087 2020-01-03           0.20266       0.21965 -0.01699  -7.73334 -0.02387 -0.00993  -5.09733      True
    bar1500  reclasso       2000              2000    15:00      common  1477 2018-06-13           0.21696       0.23175 -0.01479  -6.38388 -0.02038 -0.00923  -5.49334      True
    bar1500  reclasso       2000              2000    15:00 deck period  1087 2020-01-03           0.20266       0.21965 -0.01699  -7.73334 -0.02387 -0.00993  -5.09733      True
    bar1530  reclasso        500               500 all bars      common  2975 2012-06-25           0.12972       0.13256 -0.00284  -2.14438 -0.00669  0.00094  -1.67055     False
    bar1530  reclasso        500               500 all bars deck period  1087 2020-01-03           0.13699       0.13198  0.00501   3.79481 -0.00089  0.01147   1.70507     False
    bar1530  reclasso        500               500    15:30      common  2975 2012-06-25           0.12972       0.13256 -0.00284  -2.14438 -0.00669  0.00094  -1.67055     False
    bar1530  reclasso        500               500    15:30 deck period  1087 2020-01-03           0.13699       0.13198  0.00501   3.79481 -0.00089  0.01147   1.70507     False
    bar1530  reclasso       2000               500 all bars      common  1475 2018-06-15           0.14729       0.14009  0.00719   5.13548 -0.00060  0.01661   1.67555     False
    bar1530  reclasso       2000               500 all bars deck period  1087 2020-01-03           0.14425       0.13198  0.01227   9.29608  0.00242  0.02547   2.19255     False
    bar1530  reclasso       2000               500    15:30      common  1475 2018-06-15           0.14729       0.14009  0.00719   5.13548 -0.00060  0.01661   1.67555     False
    bar1530  reclasso       2000               500    15:30 deck period  1087 2020-01-03           0.14425       0.13198  0.01227   9.29608  0.00242  0.02547   2.19255     False
    bar1530  reclasso       2000              2000 all bars      common  1475 2018-06-15           0.14729       0.14616  0.00113   0.77082 -0.00538  0.00953   0.29824     False
    bar1530  reclasso       2000              2000 all bars deck period  1087 2020-01-03           0.14425       0.14148  0.00277   1.95665 -0.00573  0.01415   0.54932     False
    bar1530  reclasso       2000              2000    15:30      common  1475 2018-06-15           0.14729       0.14616  0.00113   0.77082 -0.00538  0.00953   0.29824     False
    bar1530  reclasso       2000              2000    15:30 deck period  1087 2020-01-03           0.14425       0.14148  0.00277   1.95665 -0.00573  0.01415   0.54932     False
    bar1600  reclasso        500               500 all bars      common  2969 2012-07-03           0.12328       0.12999 -0.00671  -5.16552 -0.01002 -0.00344  -4.20961      True
    bar1600  reclasso        500               500 all bars deck period  1087 2020-01-03           0.11356       0.11715 -0.00359  -3.06614 -0.00730 -0.00009  -1.85885      True
    bar1600  reclasso        500               500    16:00      common  2969 2012-07-03           0.12328       0.12999 -0.00671  -5.16552 -0.01002 -0.00344  -4.20961      True
    bar1600  reclasso        500               500    16:00 deck period  1087 2020-01-03           0.11356       0.11715 -0.00359  -3.06614 -0.00730 -0.00009  -1.85885      True
    bar1600  reclasso       2000               500 all bars      common  1469 2018-06-25           0.11785       0.13235 -0.01451 -10.96223 -0.02167 -0.00841  -4.81845      True
    bar1600  reclasso       2000               500 all bars deck period  1087 2020-01-03           0.10392       0.11715 -0.01324 -11.29894 -0.01937 -0.00748  -4.23964      True
    bar1600  reclasso       2000               500    16:00      common  1469 2018-06-25           0.11785       0.13235 -0.01451 -10.96223 -0.02167 -0.00841  -4.81845      True
    bar1600  reclasso       2000               500    16:00 deck period  1087 2020-01-03           0.10392       0.11715 -0.01324 -11.29894 -0.01937 -0.00748  -4.23964      True
    bar1600  reclasso       2000              2000 all bars      common  1469 2018-06-25           0.11785       0.13278 -0.01493 -11.24661 -0.02063 -0.00970  -5.76776      True
    bar1600  reclasso       2000              2000 all bars deck period  1087 2020-01-03           0.10392       0.11863 -0.01472 -12.40488 -0.01922 -0.01032  -5.91010      True
    bar1600  reclasso       2000              2000    16:00      common  1469 2018-06-25           0.11785       0.13278 -0.01493 -11.24661 -0.02063 -0.00970  -5.76776      True
    bar1600  reclasso       2000              2000    16:00 deck period  1087 2020-01-03           0.10392       0.11863 -0.01472 -12.40488 -0.01922 -0.01032  -5.91010      True
  blk_close  reclasso        500               500 all bars      common  9069 2006-04-10           0.12194       0.12764 -0.00570  -4.46466 -0.00782 -0.00363  -6.34671      True
  blk_close  reclasso        500               500 all bars deck period  2174 2020-01-03           0.12310       0.12457 -0.00146  -1.17522 -0.00473  0.00180  -1.02029     False
  blk_close  reclasso        500               500    15:30      common  4535 2006-04-10           0.12681       0.12998 -0.00317  -2.44166 -0.00568 -0.00064  -2.64871      True
  blk_close  reclasso        500               500    15:30 deck period  1087 2020-01-03           0.13372       0.13198  0.00174   1.31790 -0.00284  0.00645   0.78759     False
  blk_close  reclasso        500               500    16:00      common  4534 2006-04-10           0.11708       0.12530 -0.00822  -6.56367 -0.01111 -0.00564  -6.44505      True
  blk_close  reclasso        500               500    16:00 deck period  1087 2020-01-03           0.11249       0.11715 -0.00467  -3.98378 -0.00946 -0.00036  -2.20027      True
  blk_close  reclasso       2000               500 all bars      common  6069 2012-03-29           0.12323       0.13132 -0.00810  -6.16445 -0.01070 -0.00546  -7.32355      True
  blk_close  reclasso       2000               500 all bars deck period  2174 2020-01-03           0.12176       0.12457 -0.00280  -2.24869 -0.00639  0.00101  -1.47529     False
  blk_close  reclasso       2000               500    15:30      common  3034 2012-03-30           0.12899       0.13324 -0.00424  -3.18558 -0.00759 -0.00073  -2.64350      True
  blk_close  reclasso       2000               500    15:30 deck period  1087 2020-01-03           0.13596       0.13198  0.00398   3.01833 -0.00126  0.01036   1.38813     False
  blk_close  reclasso       2000               500    16:00      common  3035 2012-03-29           0.11746       0.12941 -0.01195  -9.23043 -0.01529 -0.00863  -7.62943      True
  blk_close  reclasso       2000               500    16:00 deck period  1087 2020-01-03           0.10757       0.11715 -0.00959  -8.18210 -0.01492 -0.00421  -3.47931      True
  blk_close  reclasso       2000              2000 all bars      common  6069 2012-03-29           0.12323       0.13260 -0.00938  -7.07049 -0.01159 -0.00718  -9.66161      True
  blk_close  reclasso       2000              2000 all bars deck period  2174 2020-01-03           0.12176       0.13006 -0.00829  -6.37490 -0.01227 -0.00410  -4.54955      True
  blk_close  reclasso       2000              2000    15:30      common  3034 2012-03-30           0.12899       0.13630 -0.00731  -5.36129 -0.01012 -0.00437  -5.36683      True
  blk_close  reclasso       2000              2000    15:30 deck period  1087 2020-01-03           0.13596       0.14148 -0.00552  -3.89954 -0.01153  0.00111  -1.95538     False
  blk_close  reclasso       2000              2000    16:00      common  3035 2012-03-29           0.11746       0.12891 -0.01144  -8.87711 -0.01417 -0.00890  -8.74395      True
  blk_close  reclasso       2000              2000    16:00 deck period  1087 2020-01-03           0.10757       0.11863 -0.01106  -9.32691 -0.01500 -0.00723  -5.12466      True
   blk_core  reclasso        500               500 all bars      common 40156 2001-10-11           0.13068       0.13789 -0.00721  -5.22722 -0.00919 -0.00685 -16.42728      True
   blk_core  reclasso        500               500 all bars deck period  7756 2020-01-03           0.15097       0.15828 -0.00731  -4.61837 -0.01195 -0.00500  -5.96176      True
   blk_core  reclasso        500               500    11:00      common  5797 2001-10-11           0.11406       0.11952 -0.00547  -4.57421 -0.00691 -0.00406  -7.52294      True
   blk_core  reclasso        500               500    11:00 deck period  1116 2020-01-03           0.14150       0.14635 -0.00485  -3.31455 -0.00909 -0.00034  -2.28491      True
   blk_core  reclasso        500               500    11:30      common  5799 2001-10-11           0.11918       0.12572 -0.00654  -5.20122 -0.00817 -0.00486  -8.45857      True
   blk_core  reclasso        500               500    11:30 deck period  1116 2020-01-03           0.13642       0.14374 -0.00732  -5.09092 -0.01149 -0.00232  -3.43602      True
   blk_core  reclasso        500               500    12:00      common  5738 2001-10-11           0.12258       0.12983 -0.00725  -5.58133 -0.00878 -0.00569  -9.34998      True
   blk_core  reclasso        500               500    12:00 deck period  1116 2020-01-03           0.12863       0.13872 -0.01009  -7.27148 -0.01420 -0.00583  -4.93230      True
   blk_core  reclasso        500               500    12:30      common  5738 2001-10-11           0.13897       0.14629 -0.00732  -5.00278 -0.00915 -0.00550  -8.38383      True
   blk_core  reclasso        500               500    12:30 deck period  1116 2020-01-03           0.14099       0.15234 -0.01136  -7.45649 -0.01525 -0.00762  -5.70563      True
   blk_core  reclasso        500               500    13:00      common  5738 2001-10-11           0.13958       0.14655 -0.00697  -4.75906 -0.00902 -0.00496  -6.96298      True
   blk_core  reclasso        500               500    13:00 deck period  1116 2020-01-03           0.16396       0.17077 -0.00681  -3.98949 -0.01358 -0.00012  -2.27009      True
   blk_core  reclasso        500               500    13:30      common  5677 2001-10-11           0.14454       0.15364 -0.00910  -5.92546 -0.01133 -0.00688  -8.07655      True
   blk_core  reclasso        500               500    13:30 deck period  1088 2020-01-03           0.17332       0.17833 -0.00501  -2.80706 -0.01200  0.00235  -1.54213     False
   blk_core  reclasso        500               500    14:00      common  5669 2001-10-11           0.13635       0.14420 -0.00786  -5.44820 -0.01031 -0.00520  -6.42791      True
   blk_core  reclasso        500               500    14:00 deck period  1088 2020-01-03           0.17312       0.17876 -0.00564  -3.15387 -0.01280  0.00200  -1.47951     False
   blk_core  reclasso       2000               500 all bars      common 29656 2007-09-19           0.13844       0.14295 -0.00450  -3.15006 -0.00615 -0.00336  -9.70548      True
   blk_core  reclasso       2000               500 all bars deck period  7756 2020-01-03           0.15849       0.15828  0.00020   0.12727 -0.00246  0.00288   0.22183     False
   blk_core  reclasso       2000               500    11:00      common  4282 2007-09-20           0.12160       0.12455 -0.00295  -2.36709 -0.00456 -0.00133  -3.76459      True
   blk_core  reclasso       2000               500    11:00 deck period  1116 2020-01-03           0.14854       0.14635  0.00219   1.49417 -0.00087  0.00534   1.44250     False
   blk_core  reclasso       2000               500    11:30      common  4282 2007-09-20           0.12665       0.13113 -0.00448  -3.41690 -0.00618 -0.00265  -5.56433      True
   blk_core  reclasso       2000               500    11:30 deck period  1116 2020-01-03           0.14419       0.14374  0.00045   0.31516 -0.00283  0.00378   0.28659     False
   blk_core  reclasso       2000               500    12:00      common  4243 2007-09-20           0.12965       0.13280 -0.00314  -2.36823 -0.00497 -0.00147  -3.68903      True
   blk_core  reclasso       2000               500    12:00 deck period  1116 2020-01-03           0.13851       0.13872 -0.00021  -0.15123 -0.00351  0.00310  -0.13734     False
   blk_core  reclasso       2000               500    12:30      common  4244 2007-09-19           0.14006       0.14347 -0.00341  -2.37808 -0.00530 -0.00158  -4.02949      True
   blk_core  reclasso       2000               500    12:30 deck period  1116 2020-01-03           0.15491       0.15234  0.00257   1.68625 -0.00080  0.00597   1.64904     False
   blk_core  reclasso       2000               500    13:00      common  4244 2007-09-19           0.15262       0.15681 -0.00419  -2.67447 -0.00672 -0.00162  -3.43939      True
   blk_core  reclasso       2000               500    13:00 deck period  1116 2020-01-03           0.16929       0.17077 -0.00148  -0.86635 -0.00648  0.00261  -0.62358     False
   blk_core  reclasso       2000               500    13:30      common  4183 2007-09-19           0.15423       0.16180 -0.00757  -4.67985 -0.00976 -0.00545  -7.14461      True
   blk_core  reclasso       2000               500    13:30 deck period  1088 2020-01-03           0.17525       0.17833 -0.00308  -1.72594 -0.00659  0.00053  -1.65724     False
   blk_core  reclasso       2000               500    14:00      common  4178 2007-09-19           0.14489       0.15074 -0.00585  -3.87958 -0.00837 -0.00308  -4.34060      True
   blk_core  reclasso       2000               500    14:00 deck period  1088 2020-01-03           0.17966       0.17876  0.00090   0.50566 -0.00525  0.00887   0.25095     False
   blk_core  reclasso       2000              2000 all bars      common 29195 2007-12-21           0.13887       0.14538 -0.00650  -4.47193 -0.00799 -0.00604 -16.90593      True
   blk_core  reclasso       2000              2000 all bars deck period  7756 2020-01-03           0.15849       0.16713 -0.00864  -5.17225 -0.01171 -0.00699  -9.55428      True
   blk_core  reclasso       2000              2000    11:00      common  4216 2007-12-21           0.12204       0.12641 -0.00437  -3.45798 -0.00545 -0.00331  -7.52655      True
   blk_core  reclasso       2000              2000    11:00 deck period  1116 2020-01-03           0.14854       0.15469 -0.00615  -3.97733 -0.00875 -0.00350  -4.54018      True
   blk_core  reclasso       2000              2000    11:30      common  4216 2007-12-21           0.12678       0.13310 -0.00632  -4.74774 -0.00747 -0.00512 -10.58275      True
   blk_core  reclasso       2000              2000    11:30 deck period  1116 2020-01-03           0.14419       0.15388 -0.00969  -6.29921 -0.01241 -0.00676  -7.06133      True
   blk_core  reclasso       2000              2000    12:00      common  4178 2007-12-21           0.13007       0.13672 -0.00665  -4.86300 -0.00795 -0.00537 -10.77671      True
   blk_core  reclasso       2000              2000    12:00 deck period  1116 2020-01-03           0.13851       0.14940 -0.01090  -7.29294 -0.01380 -0.00799  -8.11302      True
   blk_core  reclasso       2000              2000    12:30      common  4178 2007-12-21           0.14081       0.14734 -0.00652  -4.42668 -0.00793 -0.00524  -9.63307      True
   blk_core  reclasso       2000              2000    12:30 deck period  1116 2020-01-03           0.15491       0.16413 -0.00922  -5.61730 -0.01185 -0.00645  -6.46382      True
   blk_core  reclasso       2000              2000    13:00      common  4178 2007-12-21           0.15267       0.15850 -0.00583  -3.67799 -0.00761 -0.00373  -6.26141      True
   blk_core  reclasso       2000              2000    13:00 deck period  1116 2020-01-03           0.16929       0.17757 -0.00828  -4.66320 -0.01155 -0.00466  -4.60686      True
   blk_core  reclasso       2000              2000    13:30      common  4117 2007-12-21           0.15451       0.16194 -0.00743  -4.59054 -0.00921 -0.00553  -8.24301      True
   blk_core  reclasso       2000              2000    13:30 deck period  1088 2020-01-03           0.17525       0.18081 -0.00556  -3.07395 -0.01033 -0.00105  -2.63895      True
   blk_core  reclasso       2000              2000    14:00      common  4112 2007-12-21           0.14585       0.15430 -0.00845  -5.47550 -0.01066 -0.00626  -7.69755      True
   blk_core  reclasso       2000              2000    14:00 deck period  1088 2020-01-03           0.17966       0.19035 -0.01068  -5.61301 -0.01553 -0.00464  -3.80488      True
   blk_open  reclasso        500               500 all bars      common  9363 2006-03-02           0.12932       0.13063 -0.00131  -1.00215 -0.00292  0.00024  -1.66438     False
   blk_open  reclasso        500               500 all bars deck period  2232 2020-01-03           0.13624       0.13757 -0.00134  -0.97061 -0.00484  0.00189  -0.85654     False
   blk_open  reclasso        500               500    10:00      common  4681 2006-03-03           0.10897       0.11345 -0.00448  -3.94944 -0.00657 -0.00234  -4.11676      True
   blk_open  reclasso        500               500    10:00 deck period  1116 2020-01-03           0.11373       0.11850 -0.00477  -4.02496 -0.00956 -0.00048  -2.40131      True
   blk_open  reclasso        500               500    10:30      common  4682 2006-03-02           0.14966       0.14780  0.00186   1.25975 -0.00027  0.00380   1.81007     False
   blk_open  reclasso        500               500    10:30 deck period  1116 2020-01-03           0.15875       0.15665  0.00210   1.33985 -0.00225  0.00583   0.95302     False
   blk_open  reclasso       2000               500 all bars      common  6363 2011-12-23           0.13266       0.13352 -0.00087  -0.64815 -0.00318  0.00136  -0.75461     False
   blk_open  reclasso       2000               500 all bars deck period  2232 2020-01-03           0.14092       0.13757  0.00334   2.43063 -0.00138  0.00791   1.40443     False
   blk_open  reclasso       2000               500    10:00      common  3181 2011-12-27           0.11275       0.11775 -0.00500  -4.24913 -0.00813 -0.00187  -3.38952      True
   blk_open  reclasso       2000               500    10:00 deck period  1116 2020-01-03           0.11804       0.11850 -0.00046  -0.38517 -0.00621  0.00497  -0.16799     False
   blk_open  reclasso       2000               500    10:30      common  3182 2011-12-23           0.15256       0.14929  0.00327   2.19121  0.00025  0.00607   2.12652     False
   blk_open  reclasso       2000               500    10:30 deck period  1116 2020-01-03           0.16380       0.15665  0.00714   4.56063 -0.00019  0.01324   2.01862     False
   blk_open  reclasso       2000              2000 all bars      common  6363 2011-12-23           0.13266       0.13236  0.00030   0.22489 -0.00117  0.00175   0.42395     False
   blk_open  reclasso       2000              2000 all bars deck period  2232 2020-01-03           0.14092       0.14017  0.00075   0.53520 -0.00181  0.00332   0.62226     False
   blk_open  reclasso       2000              2000    10:00      common  3181 2011-12-27           0.11275       0.11571 -0.00296  -2.56127 -0.00489 -0.00101  -3.17874      True
   blk_open  reclasso       2000              2000    10:00 deck period  1116 2020-01-03           0.11804       0.12006 -0.00202  -1.68052 -0.00546  0.00128  -1.27551     False
   blk_open  reclasso       2000              2000    10:30      common  3182 2011-12-23           0.15256       0.14900  0.00356   2.38786  0.00181  0.00532   3.93493     False
   blk_open  reclasso       2000              2000    10:30 deck period  1116 2020-01-03           0.16380       0.16028  0.00352   2.19495  0.00034  0.00659   2.19550     False
blk_release  reclasso        500               500 all bars      common  9081 2006-04-04           0.17519       0.21709 -0.04190 -19.30056 -0.05017 -0.03439 -10.27324      True
blk_release  reclasso        500               500 all bars deck period  2174 2020-01-03           0.20875       0.26134 -0.05260 -20.12591 -0.07916 -0.03245  -4.43374      True
blk_release  reclasso        500               500    14:30      common  4541 2006-04-05           0.19327       0.26902 -0.07575 -28.15841 -0.09146 -0.06261 -10.06955      True
blk_release  reclasso        500               500    14:30 deck period  1087 2020-01-03           0.23651       0.32014 -0.08363 -26.12268 -0.13145 -0.04806  -3.84870      True
blk_release  reclasso        500               500    15:00      common  4540 2006-04-04           0.15712       0.16516 -0.00804  -4.86945 -0.01177 -0.00443  -4.48099      True
blk_release  reclasso        500               500    15:00 deck period  1087 2020-01-03           0.18098       0.20254 -0.02157 -10.64733 -0.03111 -0.01213  -4.52424      True
blk_release  reclasso       2000               500 all bars      common  6081 2012-03-22           0.19513       0.22994 -0.03480 -15.13632 -0.04468 -0.02573  -6.78514      True
blk_release  reclasso       2000               500 all bars deck period  2174 2020-01-03           0.22427       0.26134 -0.03708 -14.18758 -0.06186 -0.01788  -3.06605      True
blk_release  reclasso       2000               500    14:30      common  3041 2012-03-22           0.21196       0.28487 -0.07291 -25.59404 -0.09117 -0.05587  -7.69826      True
blk_release  reclasso       2000               500    14:30 deck period  1087 2020-01-03           0.23756       0.32014 -0.08259 -25.79728 -0.12950 -0.04476  -3.67621      True
blk_release  reclasso       2000               500    15:00      common  3040 2012-03-22           0.17829       0.17498  0.00332   1.89490 -0.00038  0.00724   1.75453     False
blk_release  reclasso       2000               500    15:00 deck period  1087 2020-01-03           0.21098       0.20254  0.00843   4.16290  0.00138  0.01607   2.31745     False
blk_release  reclasso       2000              2000 all bars      common  6081 2012-03-22           0.19513       0.23296 -0.03783 -16.23712 -0.04694 -0.02926  -8.61819      True
blk_release  reclasso       2000              2000 all bars deck period  2174 2020-01-03           0.22427       0.26925 -0.04498 -16.70622 -0.06527 -0.02615  -4.80572      True
blk_release  reclasso       2000              2000    14:30      common  3041 2012-03-22           0.21196       0.28641 -0.07444 -25.99248 -0.09059 -0.05857  -9.16233      True
blk_release  reclasso       2000              2000    14:30 deck period  1087 2020-01-03           0.23756       0.31885 -0.08129 -25.49541 -0.11755 -0.04789  -4.71639      True
blk_release  reclasso       2000              2000    15:00      common  3040 2012-03-22           0.17829       0.17949 -0.00119  -0.66559 -0.00512  0.00272  -0.64833     False
blk_release  reclasso       2000              2000    15:00 deck period  1087 2020-01-03           0.21098       0.21965 -0.00867  -3.94750 -0.01666 -0.00002  -2.17869      True

wrote /u/scratch/j/jamesdc1/harxhar-subsection/results/linear_subsection_lassofix/fomc/subsection_vs_pooled.csv

15:30 sign(s) trade with each arm's forecast (deck ridge: 1.338 mid / 0.870 crossed)
  segment estimator  train_win  deck_days  pct_buy  Sharpe_mid  Sharpe_crossed  ridge_Sharpe_mid_same_days
  bar1600  reclasso        500        866  36.9515      0.5925          0.1189                      1.3383
  bar1600  reclasso       2000        866  37.7598      1.5322          1.0592                      1.3383
blk_close  reclasso        500        866  34.4111      1.4210          0.9465                      1.3383
blk_close  reclasso       2000        866  38.6836      1.0090          0.5384                      1.3383
     none  reclasso        500        866  31.9861      0.9263          0.4508                      1.3383
     none  reclasso       2000        866  40.7621      1.0994          0.6295                      1.3383
