/u/home/j/jamesdc1/.conda/envs/hpc-pi/lib/python3.11/site-packages/pandas/core/arraylike.py:399: RuntimeWarning: divide by zero encountered in log
  result = getattr(ufunc, method)(*inputs, **kwargs)
/u/home/j/jamesdc1/.conda/envs/hpc-pi/lib/python3.11/site-packages/pandas/core/arraylike.py:399: RuntimeWarning: divide by zero encountered in log
  result = getattr(ufunc, method)(*inputs, **kwargs)
/u/home/j/jamesdc1/.conda/envs/hpc-pi/lib/python3.11/site-packages/pandas/core/arraylike.py:399: RuntimeWarning: divide by zero encountered in log
  result = getattr(ufunc, method)(*inputs, **kwargs)
/u/home/j/jamesdc1/.conda/envs/hpc-pi/lib/python3.11/site-packages/pandas/core/arraylike.py:399: RuntimeWarning: divide by zero encountered in log
  result = getattr(ufunc, method)(*inputs, **kwargs)
/u/home/j/jamesdc1/.conda/envs/hpc-pi/lib/python3.11/site-packages/pandas/core/arraylike.py:399: RuntimeWarning: divide by zero encountered in log
  result = getattr(ufunc, method)(*inputs, **kwargs)
/u/home/j/jamesdc1/.conda/envs/hpc-pi/lib/python3.11/site-packages/pandas/core/arraylike.py:399: RuntimeWarning: divide by zero encountered in log
  result = getattr(ufunc, method)(*inputs, **kwargs)
/u/home/j/jamesdc1/.conda/envs/hpc-pi/lib/python3.11/site-packages/pandas/core/arraylike.py:399: RuntimeWarning: divide by zero encountered in log
  result = getattr(ufunc, method)(*inputs, **kwargs)
/u/home/j/jamesdc1/.conda/envs/hpc-pi/lib/python3.11/site-packages/pandas/core/arraylike.py:399: RuntimeWarning: divide by zero encountered in log
  result = getattr(ufunc, method)(*inputs, **kwargs)
/u/home/j/jamesdc1/.conda/envs/hpc-pi/lib/python3.11/site-packages/pandas/core/arraylike.py:399: RuntimeWarning: divide by zero encountered in log
  result = getattr(ufunc, method)(*inputs, **kwargs)
/u/home/j/jamesdc1/.conda/envs/hpc-pi/lib/python3.11/site-packages/pandas/core/arraylike.py:399: RuntimeWarning: divide by zero encountered in log
  result = getattr(ufunc, method)(*inputs, **kwargs)
/u/home/j/jamesdc1/.conda/envs/hpc-pi/lib/python3.11/site-packages/pandas/core/arraylike.py:399: RuntimeWarning: divide by zero encountered in log
  result = getattr(ufunc, method)(*inputs, **kwargs)
/u/home/j/jamesdc1/.conda/envs/hpc-pi/lib/python3.11/site-packages/pandas/core/arraylike.py:399: RuntimeWarning: divide by zero encountered in log
  result = getattr(ufunc, method)(*inputs, **kwargs)
/u/home/j/jamesdc1/.conda/envs/hpc-pi/lib/python3.11/site-packages/pandas/core/arraylike.py:399: RuntimeWarning: divide by zero encountered in log
  result = getattr(ufunc, method)(*inputs, **kwargs)
/u/home/j/jamesdc1/.conda/envs/hpc-pi/lib/python3.11/site-packages/pandas/core/arraylike.py:399: RuntimeWarning: divide by zero encountered in log
  result = getattr(ufunc, method)(*inputs, **kwargs)
/u/home/j/jamesdc1/.conda/envs/hpc-pi/lib/python3.11/site-packages/pandas/core/arraylike.py:399: RuntimeWarning: divide by zero encountered in log
  result = getattr(ufunc, method)(*inputs, **kwargs)
/u/home/j/jamesdc1/.conda/envs/hpc-pi/lib/python3.11/site-packages/pandas/core/arraylike.py:399: RuntimeWarning: divide by zero encountered in log
  result = getattr(ufunc, method)(*inputs, **kwargs)
/u/home/j/jamesdc1/.conda/envs/hpc-pi/lib/python3.11/site-packages/pandas/core/arraylike.py:399: RuntimeWarning: divide by zero encountered in log
  result = getattr(ufunc, method)(*inputs, **kwargs)
/u/home/j/jamesdc1/.conda/envs/hpc-pi/lib/python3.11/site-packages/pandas/core/arraylike.py:399: RuntimeWarning: divide by zero encountered in log
  result = getattr(ufunc, method)(*inputs, **kwargs)
/u/home/j/jamesdc1/.conda/envs/hpc-pi/lib/python3.11/site-packages/pandas/core/arraylike.py:399: RuntimeWarning: divide by zero encountered in log
  result = getattr(ufunc, method)(*inputs, **kwargs)
/u/home/j/jamesdc1/.conda/envs/hpc-pi/lib/python3.11/site-packages/pandas/core/arraylike.py:399: RuntimeWarning: divide by zero encountered in log
  result = getattr(ufunc, method)(*inputs, **kwargs)
/u/home/j/jamesdc1/.conda/envs/hpc-pi/lib/python3.11/site-packages/pandas/core/arraylike.py:399: RuntimeWarning: divide by zero encountered in log
  result = getattr(ufunc, method)(*inputs, **kwargs)
/u/home/j/jamesdc1/.conda/envs/hpc-pi/lib/python3.11/site-packages/pandas/core/arraylike.py:399: RuntimeWarning: divide by zero encountered in log
  result = getattr(ufunc, method)(*inputs, **kwargs)
/u/home/j/jamesdc1/.conda/envs/hpc-pi/lib/python3.11/site-packages/pandas/core/arraylike.py:399: RuntimeWarning: divide by zero encountered in log
  result = getattr(ufunc, method)(*inputs, **kwargs)
/u/home/j/jamesdc1/.conda/envs/hpc-pi/lib/python3.11/site-packages/pandas/core/arraylike.py:399: RuntimeWarning: divide by zero encountered in log
  result = getattr(ufunc, method)(*inputs, **kwargs)
/u/home/j/jamesdc1/.conda/envs/hpc-pi/lib/python3.11/site-packages/pandas/core/arraylike.py:399: RuntimeWarning: divide by zero encountered in log
  result = getattr(ufunc, method)(*inputs, **kwargs)
/u/home/j/jamesdc1/.conda/envs/hpc-pi/lib/python3.11/site-packages/pandas/core/arraylike.py:399: RuntimeWarning: divide by zero encountered in log
  result = getattr(ufunc, method)(*inputs, **kwargs)
/u/home/j/jamesdc1/.conda/envs/hpc-pi/lib/python3.11/site-packages/pandas/core/arraylike.py:399: RuntimeWarning: divide by zero encountered in log
  result = getattr(ufunc, method)(*inputs, **kwargs)
/u/home/j/jamesdc1/.conda/envs/hpc-pi/lib/python3.11/site-packages/pandas/core/arraylike.py:399: RuntimeWarning: divide by zero encountered in log
  result = getattr(ufunc, method)(*inputs, **kwargs)
/u/home/j/jamesdc1/.conda/envs/hpc-pi/lib/python3.11/site-packages/pandas/core/arraylike.py:399: RuntimeWarning: divide by zero encountered in log
  result = getattr(ufunc, method)(*inputs, **kwargs)
/u/home/j/jamesdc1/.conda/envs/hpc-pi/lib/python3.11/site-packages/pandas/core/arraylike.py:399: RuntimeWarning: divide by zero encountered in log
  result = getattr(ufunc, method)(*inputs, **kwargs)
/u/home/j/jamesdc1/.conda/envs/hpc-pi/lib/python3.11/site-packages/pandas/core/arraylike.py:399: RuntimeWarning: divide by zero encountered in log
  result = getattr(ufunc, method)(*inputs, **kwargs)
/u/home/j/jamesdc1/.conda/envs/hpc-pi/lib/python3.11/site-packages/pandas/core/arraylike.py:399: RuntimeWarning: divide by zero encountered in log
  result = getattr(ufunc, method)(*inputs, **kwargs)
/u/home/j/jamesdc1/.conda/envs/hpc-pi/lib/python3.11/site-packages/pandas/core/arraylike.py:399: RuntimeWarning: divide by zero encountered in log
  result = getattr(ufunc, method)(*inputs, **kwargs)
/u/home/j/jamesdc1/.conda/envs/hpc-pi/lib/python3.11/site-packages/pandas/core/arraylike.py:399: RuntimeWarning: divide by zero encountered in log
  result = getattr(ufunc, method)(*inputs, **kwargs)
/u/home/j/jamesdc1/.conda/envs/hpc-pi/lib/python3.11/site-packages/pandas/core/arraylike.py:399: RuntimeWarning: divide by zero encountered in log
  result = getattr(ufunc, method)(*inputs, **kwargs)
/u/home/j/jamesdc1/.conda/envs/hpc-pi/lib/python3.11/site-packages/pandas/core/arraylike.py:399: RuntimeWarning: divide by zero encountered in log
  result = getattr(ufunc, method)(*inputs, **kwargs)
/u/home/j/jamesdc1/.conda/envs/hpc-pi/lib/python3.11/site-packages/pandas/core/arraylike.py:399: RuntimeWarning: divide by zero encountered in log
  result = getattr(ufunc, method)(*inputs, **kwargs)
/u/home/j/jamesdc1/.conda/envs/hpc-pi/lib/python3.11/site-packages/pandas/core/arraylike.py:399: RuntimeWarning: divide by zero encountered in log
  result = getattr(ufunc, method)(*inputs, **kwargs)
/u/home/j/jamesdc1/.conda/envs/hpc-pi/lib/python3.11/site-packages/pandas/core/arraylike.py:399: RuntimeWarning: divide by zero encountered in log
  result = getattr(ufunc, method)(*inputs, **kwargs)
/u/home/j/jamesdc1/.conda/envs/hpc-pi/lib/python3.11/site-packages/pandas/core/arraylike.py:399: RuntimeWarning: divide by zero encountered in log
  result = getattr(ufunc, method)(*inputs, **kwargs)
/u/home/j/jamesdc1/.conda/envs/hpc-pi/lib/python3.11/site-packages/pandas/core/arraylike.py:399: RuntimeWarning: divide by zero encountered in log
  result = getattr(ufunc, method)(*inputs, **kwargs)
/u/home/j/jamesdc1/.conda/envs/hpc-pi/lib/python3.11/site-packages/pandas/core/arraylike.py:399: RuntimeWarning: divide by zero encountered in log
  result = getattr(ufunc, method)(*inputs, **kwargs)
/u/home/j/jamesdc1/.conda/envs/hpc-pi/lib/python3.11/site-packages/pandas/core/arraylike.py:399: RuntimeWarning: divide by zero encountered in log
  result = getattr(ufunc, method)(*inputs, **kwargs)
/u/home/j/jamesdc1/.conda/envs/hpc-pi/lib/python3.11/site-packages/pandas/core/arraylike.py:399: RuntimeWarning: divide by zero encountered in log
  result = getattr(ufunc, method)(*inputs, **kwargs)
/u/home/j/jamesdc1/.conda/envs/hpc-pi/lib/python3.11/site-packages/pandas/core/arraylike.py:399: RuntimeWarning: divide by zero encountered in log
  result = getattr(ufunc, method)(*inputs, **kwargs)
/u/home/j/jamesdc1/.conda/envs/hpc-pi/lib/python3.11/site-packages/pandas/core/arraylike.py:399: RuntimeWarning: divide by zero encountered in log
  result = getattr(ufunc, method)(*inputs, **kwargs)
/u/home/j/jamesdc1/.conda/envs/hpc-pi/lib/python3.11/site-packages/pandas/core/arraylike.py:399: RuntimeWarning: divide by zero encountered in log
  result = getattr(ufunc, method)(*inputs, **kwargs)
/u/home/j/jamesdc1/.conda/envs/hpc-pi/lib/python3.11/site-packages/pandas/core/arraylike.py:399: RuntimeWarning: divide by zero encountered in log
  result = getattr(ufunc, method)(*inputs, **kwargs)
/u/home/j/jamesdc1/.conda/envs/hpc-pi/lib/python3.11/site-packages/pandas/core/arraylike.py:399: RuntimeWarning: divide by zero encountered in log
  result = getattr(ufunc, method)(*inputs, **kwargs)
/u/home/j/jamesdc1/.conda/envs/hpc-pi/lib/python3.11/site-packages/pandas/core/arraylike.py:399: RuntimeWarning: divide by zero encountered in log
  result = getattr(ufunc, method)(*inputs, **kwargs)
/u/home/j/jamesdc1/.conda/envs/hpc-pi/lib/python3.11/site-packages/pandas/core/arraylike.py:399: RuntimeWarning: divide by zero encountered in log
  result = getattr(ufunc, method)(*inputs, **kwargs)
/u/home/j/jamesdc1/.conda/envs/hpc-pi/lib/python3.11/site-packages/pandas/core/arraylike.py:399: RuntimeWarning: divide by zero encountered in log
  result = getattr(ufunc, method)(*inputs, **kwargs)
/u/home/j/jamesdc1/.conda/envs/hpc-pi/lib/python3.11/site-packages/pandas/core/arraylike.py:399: RuntimeWarning: divide by zero encountered in log
  result = getattr(ufunc, method)(*inputs, **kwargs)
    segment estimator  train_win  pooled_train_win  bar_end      sample     n      first  QLIKE_subsection  QLIKE_pooled     diff       pct    ci_lo    ci_hi   dm_stat  improves
    bar1000  reclasso        500               500 all bars      common  3119 2012-03-23           0.11413       0.11889 -0.00476  -4.00357 -0.00899 -0.00057  -2.19279      True
    bar1000  reclasso        500               500 all bars deck period  1116 2020-01-03           0.11432       0.11671 -0.00239  -2.04719 -0.00976  0.00537  -0.66698     False
    bar1000  reclasso        500               500    10:00      common  3119 2012-03-23           0.11413       0.11889 -0.00476  -4.00357 -0.00899 -0.00057  -2.19279      True
    bar1000  reclasso        500               500    10:00 deck period  1116 2020-01-03           0.11432       0.11671 -0.00239  -2.04719 -0.00976  0.00537  -0.66698     False
    bar1000  reclasso       2000               500 all bars      common  1619 2018-01-19           0.11098       0.12568 -0.01470 -11.69887 -0.02150 -0.00827  -4.53215      True
    bar1000  reclasso       2000               500 all bars deck period  1116 2020-01-03           0.10716       0.11671 -0.00954  -8.17612 -0.01721 -0.00202  -2.51535      True
    bar1000  reclasso       2000               500    10:00      common  1619 2018-01-19           0.11098       0.12568 -0.01470 -11.69887 -0.02150 -0.00827  -4.53215      True
    bar1000  reclasso       2000               500    10:00 deck period  1116 2020-01-03           0.10716       0.11671 -0.00954  -8.17612 -0.01721 -0.00202  -2.51535      True
    bar1000  reclasso       2000              2000 all bars      common  1619 2018-01-19           0.11098       0.12288 -0.01190  -9.68379 -0.01770 -0.00638  -4.21360      True
    bar1000  reclasso       2000              2000 all bars deck period  1116 2020-01-03           0.10716       0.11762 -0.01046  -8.89045 -0.01735 -0.00369  -3.00354      True
    bar1000  reclasso       2000              2000    10:00      common  1619 2018-01-19           0.11098       0.12288 -0.01190  -9.68379 -0.01770 -0.00638  -4.21360      True
    bar1000  reclasso       2000              2000    10:00 deck period  1116 2020-01-03           0.10716       0.11762 -0.01046  -8.89045 -0.01735 -0.00369  -3.00354      True
    bar1030  reclasso        500               500 all bars      common  3119 2012-03-23           0.14984       0.14988 -0.00004  -0.02430 -0.00439  0.00440  -0.01703     False
    bar1030  reclasso        500               500 all bars deck period  1116 2020-01-03           0.16324       0.15699  0.00625   3.98011 -0.00225  0.01750   1.56093     False
    bar1030  reclasso        500               500    10:30      common  3119 2012-03-23           0.14984       0.14988 -0.00004  -0.02430 -0.00439  0.00440  -0.01703     False
    bar1030  reclasso        500               500    10:30 deck period  1116 2020-01-03           0.16324       0.15699  0.00625   3.98011 -0.00225  0.01750   1.56093     False
    bar1030  reclasso       2000               500 all bars      common  1619 2018-01-19           0.15748       0.16241 -0.00493  -3.03349 -0.00990 -0.00028  -1.88717      True
    bar1030  reclasso       2000               500 all bars deck period  1116 2020-01-03           0.15330       0.15699 -0.00369  -2.35269 -0.01098  0.00265  -1.11234     False
    bar1030  reclasso       2000               500    10:30      common  1619 2018-01-19           0.15748       0.16241 -0.00493  -3.03349 -0.00990 -0.00028  -1.88717      True
    bar1030  reclasso       2000               500    10:30 deck period  1116 2020-01-03           0.15330       0.15699 -0.00369  -2.35269 -0.01098  0.00265  -1.11234     False
    bar1030  reclasso       2000              2000 all bars      common  1619 2018-01-19           0.15748       0.16211 -0.00463  -2.85562 -0.00850 -0.00080  -2.25656      True
    bar1030  reclasso       2000              2000 all bars deck period  1116 2020-01-03           0.15330       0.15826 -0.00497  -3.13813 -0.00954  0.00016  -1.98180     False
    bar1030  reclasso       2000              2000    10:30      common  1619 2018-01-19           0.15748       0.16211 -0.00463  -2.85562 -0.00850 -0.00080  -2.25656      True
    bar1030  reclasso       2000              2000    10:30 deck period  1116 2020-01-03           0.15330       0.15826 -0.00497  -3.13813 -0.00954  0.00016  -1.98180     False
    bar1100  reclasso        500               500 all bars      common  3119 2012-03-23           0.12906       0.13048 -0.00142  -1.09156 -0.00462  0.00168  -0.93226     False
    bar1100  reclasso        500               500 all bars deck period  1116 2020-01-03           0.14724       0.14536  0.00188   1.29459 -0.00457  0.00911   0.59214     False
    bar1100  reclasso        500               500    11:00      common  3119 2012-03-23           0.12906       0.13048 -0.00142  -1.09156 -0.00462  0.00168  -0.93226     False
    bar1100  reclasso        500               500    11:00 deck period  1116 2020-01-03           0.14724       0.14536  0.00188   1.29459 -0.00457  0.00911   0.59214     False
    bar1100  reclasso       2000               500 all bars      common  1619 2018-01-19           0.14217       0.13846  0.00371   2.67938 -0.00104  0.00845   1.71794     False
    bar1100  reclasso       2000               500 all bars deck period  1116 2020-01-03           0.15104       0.14536  0.00568   3.90983  0.00012  0.01271   2.10317     False
    bar1100  reclasso       2000               500    11:00      common  1619 2018-01-19           0.14217       0.13846  0.00371   2.67938 -0.00104  0.00845   1.71794     False
    bar1100  reclasso       2000               500    11:00 deck period  1116 2020-01-03           0.15104       0.14536  0.00568   3.90983  0.00012  0.01271   2.10317     False
    bar1100  reclasso       2000              2000 all bars      common  1619 2018-01-19           0.14217       0.14178  0.00039   0.27266 -0.00325  0.00434   0.21965     False
    bar1100  reclasso       2000              2000 all bars deck period  1116 2020-01-03           0.15104       0.15103  0.00001   0.00589 -0.00449  0.00555   0.00394     False
    bar1100  reclasso       2000              2000    11:00      common  1619 2018-01-19           0.14217       0.14178  0.00039   0.27266 -0.00325  0.00434   0.21965     False
    bar1100  reclasso       2000              2000    11:00 deck period  1116 2020-01-03           0.15104       0.15103  0.00001   0.00589 -0.00449  0.00555   0.00394     False
    bar1130  reclasso        500               500 all bars      common  3121 2012-03-21           0.13004       0.13451 -0.00447  -3.32606 -0.00921 -0.00024  -2.08753      True
    bar1130  reclasso        500               500 all bars deck period  1116 2020-01-03           0.13973       0.14280 -0.00307  -2.14646 -0.00752  0.00106  -1.40504     False
    bar1130  reclasso        500               500    11:30      common  3121 2012-03-21           0.13004       0.13451 -0.00447  -3.32606 -0.00921 -0.00024  -2.08753      True
    bar1130  reclasso        500               500    11:30 deck period  1116 2020-01-03           0.13973       0.14280 -0.00307  -2.14646 -0.00752  0.00106  -1.40504     False
    bar1130  reclasso       2000               500 all bars      common  1621 2018-01-17           0.13420       0.13771 -0.00350  -2.54441 -0.00781  0.00040  -1.85738     False
    bar1130  reclasso       2000               500 all bars deck period  1116 2020-01-03           0.13957       0.14280 -0.00323  -2.26125 -0.00863  0.00189  -1.40463     False
    bar1130  reclasso       2000               500    11:30      common  1621 2018-01-17           0.13420       0.13771 -0.00350  -2.54441 -0.00781  0.00040  -1.85738     False
    bar1130  reclasso       2000               500    11:30 deck period  1116 2020-01-03           0.13957       0.14280 -0.00323  -2.26125 -0.00863  0.00189  -1.40463     False
    bar1130  reclasso       2000              2000 all bars      common  1621 2018-01-17           0.13420       0.14080 -0.00660  -4.68757 -0.01006 -0.00311  -3.99436      True
    bar1130  reclasso       2000              2000 all bars deck period  1116 2020-01-03           0.13957       0.14934 -0.00977  -6.54247 -0.01388 -0.00588  -5.20942      True
    bar1130  reclasso       2000              2000    11:30      common  1621 2018-01-17           0.13420       0.14080 -0.00660  -4.68757 -0.01006 -0.00311  -3.99436      True
    bar1130  reclasso       2000              2000    11:30 deck period  1116 2020-01-03           0.13957       0.14934 -0.00977  -6.54247 -0.01388 -0.00588  -5.20942      True
    bar1200  reclasso        500               500 all bars      common  3060 2012-05-31           0.13285       0.13918 -0.00633  -4.54835 -0.00910 -0.00398  -4.73033      True
    bar1200  reclasso        500               500 all bars deck period  1116 2020-01-03           0.12973       0.13756 -0.00782  -5.68792 -0.01256 -0.00296  -3.06576      True
    bar1200  reclasso        500               500    12:00      common  3060 2012-05-31           0.13285       0.13918 -0.00633  -4.54835 -0.00910 -0.00398  -4.73033      True
    bar1200  reclasso        500               500    12:00 deck period  1116 2020-01-03           0.12973       0.13756 -0.00782  -5.68792 -0.01256 -0.00296  -3.06576      True
    bar1200  reclasso       2000               500 all bars      common  1560 2018-04-13           0.14884       0.15434 -0.00549  -3.55999 -0.01021 -0.00037  -2.56880      True
    bar1200  reclasso       2000               500 all bars deck period  1116 2020-01-03           0.13638       0.13756 -0.00117  -0.85374 -0.00632  0.00455  -0.51654     False
    bar1200  reclasso       2000               500    12:00      common  1560 2018-04-13           0.14884       0.15434 -0.00549  -3.55999 -0.01021 -0.00037  -2.56880      True
    bar1200  reclasso       2000               500    12:00 deck period  1116 2020-01-03           0.13638       0.13756 -0.00117  -0.85374 -0.00632  0.00455  -0.51654     False
    bar1200  reclasso       2000              2000 all bars      common  1560 2018-04-13           0.14884       0.15834 -0.00950  -5.99800 -0.01347 -0.00516  -4.69841      True
    bar1200  reclasso       2000              2000 all bars deck period  1116 2020-01-03           0.13638       0.14370 -0.00731  -5.09038 -0.01143 -0.00265  -3.39764      True
    bar1200  reclasso       2000              2000    12:00      common  1560 2018-04-13           0.14884       0.15834 -0.00950  -5.99800 -0.01347 -0.00516  -4.69841      True
    bar1200  reclasso       2000              2000    12:00 deck period  1116 2020-01-03           0.13638       0.14370 -0.00731  -5.09038 -0.01143 -0.00265  -3.39764      True
    bar1230  reclasso        500               500 all bars      common  3060 2012-05-31           0.14044       0.14641 -0.00597  -4.07919 -0.00894 -0.00300  -3.84936      True
    bar1230  reclasso        500               500 all bars deck period  1116 2020-01-03           0.14683       0.14997 -0.00314  -2.09097 -0.00832  0.00210  -1.11036     False
    bar1230  reclasso        500               500    12:30      common  3060 2012-05-31           0.14044       0.14641 -0.00597  -4.07919 -0.00894 -0.00300  -3.84936      True
    bar1230  reclasso        500               500    12:30 deck period  1116 2020-01-03           0.14683       0.14997 -0.00314  -2.09097 -0.00832  0.00210  -1.11036     False
    bar1230  reclasso       2000               500 all bars      common  1560 2018-04-13           0.15893       0.16007 -0.00113  -0.70669 -0.00664  0.00468  -0.41031     False
    bar1230  reclasso       2000               500 all bars deck period  1116 2020-01-03           0.15302       0.14997  0.00305   2.03571 -0.00211  0.00850   1.23810     False
    bar1230  reclasso       2000               500    12:30      common  1560 2018-04-13           0.15893       0.16007 -0.00113  -0.70669 -0.00664  0.00468  -0.41031     False
    bar1230  reclasso       2000               500    12:30 deck period  1116 2020-01-03           0.15302       0.14997  0.00305   2.03571 -0.00211  0.00850   1.23810     False
    bar1230  reclasso       2000              2000 all bars      common  1560 2018-04-13           0.15893       0.16592 -0.00698  -4.20861 -0.01225 -0.00113  -2.62221      True
    bar1230  reclasso       2000              2000 all bars deck period  1116 2020-01-03           0.15302       0.15893 -0.00590  -3.71423 -0.01059 -0.00050  -2.83386      True
    bar1230  reclasso       2000              2000    12:30      common  1560 2018-04-13           0.15893       0.16592 -0.00698  -4.20861 -0.01225 -0.00113  -2.62221      True
    bar1230  reclasso       2000              2000    12:30 deck period  1116 2020-01-03           0.15302       0.15893 -0.00590  -3.71423 -0.01059 -0.00050  -2.83386      True
    bar1300  reclasso        500               500 all bars      common  3060 2012-05-31           0.15789       0.16190 -0.00401  -2.47853 -0.00775 -0.00015  -2.16733      True
    bar1300  reclasso        500               500 all bars deck period  1116 2020-01-03           0.15973       0.16875 -0.00901  -5.34188 -0.01663 -0.00152  -2.49131      True
    bar1300  reclasso        500               500    13:00      common  3060 2012-05-31           0.15789       0.16190 -0.00401  -2.47853 -0.00775 -0.00015  -2.16733      True
    bar1300  reclasso        500               500    13:00 deck period  1116 2020-01-03           0.15973       0.16875 -0.00901  -5.34188 -0.01663 -0.00152  -2.49131      True
    bar1300  reclasso       2000               500 all bars      common  1560 2018-04-13           0.17842       0.18206 -0.00364  -1.99913 -0.00876  0.00163  -1.55962     False
    bar1300  reclasso       2000               500 all bars deck period  1116 2020-01-03           0.16894       0.16875  0.00019   0.11137 -0.00577  0.00632   0.07423     False
    bar1300  reclasso       2000               500    13:00      common  1560 2018-04-13           0.17842       0.18206 -0.00364  -1.99913 -0.00876  0.00163  -1.55962     False
    bar1300  reclasso       2000               500    13:00 deck period  1116 2020-01-03           0.16894       0.16875  0.00019   0.11137 -0.00577  0.00632   0.07423     False
    bar1300  reclasso       2000              2000 all bars      common  1560 2018-04-13           0.17842       0.18357 -0.00515  -2.80656 -0.01000  0.00128  -1.75334     False
    bar1300  reclasso       2000              2000 all bars deck period  1116 2020-01-03           0.16894       0.17139 -0.00245  -1.43232 -0.00847  0.00584  -0.66702     False
    bar1300  reclasso       2000              2000    13:00      common  1560 2018-04-13           0.17842       0.18357 -0.00515  -2.80656 -0.01000  0.00128  -1.75334     False
    bar1300  reclasso       2000              2000    13:00 deck period  1116 2020-01-03           0.16894       0.17139 -0.00245  -1.43232 -0.00847  0.00584  -0.66702     False
    bar1330  reclasso        500               500 all bars      common  2999 2012-05-31           0.16602       0.16999 -0.00397  -2.33635 -0.00851  0.00075  -1.65904     False
    bar1330  reclasso        500               500 all bars deck period  1088 2020-01-03           0.17054       0.17377 -0.00323  -1.86015 -0.01129  0.00425  -0.82543     False
    bar1330  reclasso        500               500    13:30      common  2999 2012-05-31           0.16602       0.16999 -0.00397  -2.33635 -0.00851  0.00075  -1.65904     False
    bar1330  reclasso        500               500    13:30 deck period  1088 2020-01-03           0.17054       0.17377 -0.00323  -1.86015 -0.01129  0.00425  -0.82543     False
    bar1330  reclasso       2000               500 all bars      common  1499 2018-05-17           0.17450       0.18332 -0.00882  -4.81238 -0.01410 -0.00384  -3.58019      True
    bar1330  reclasso       2000               500 all bars deck period  1088 2020-01-03           0.16702       0.17377 -0.00676  -3.88802 -0.01229 -0.00160  -2.77467      True
    bar1330  reclasso       2000               500    13:30      common  1499 2018-05-17           0.17450       0.18332 -0.00882  -4.81238 -0.01410 -0.00384  -3.58019      True
    bar1330  reclasso       2000               500    13:30 deck period  1088 2020-01-03           0.16702       0.17377 -0.00676  -3.88802 -0.01229 -0.00160  -2.77467      True
    bar1330  reclasso       2000              2000 all bars      common  1499 2018-05-17           0.17450       0.18308 -0.00858  -4.68891 -0.01311 -0.00410  -3.79058      True
    bar1330  reclasso       2000              2000 all bars deck period  1088 2020-01-03           0.16702       0.17402 -0.00700  -4.02447 -0.01234 -0.00252  -3.12874      True
    bar1330  reclasso       2000              2000    13:30      common  1499 2018-05-17           0.17450       0.18308 -0.00858  -4.68891 -0.01311 -0.00410  -3.79058      True
    bar1330  reclasso       2000              2000    13:30 deck period  1088 2020-01-03           0.16702       0.17402 -0.00700  -4.02447 -0.01234 -0.00252  -3.12874      True
    bar1400  reclasso        500               500 all bars      common  2987 2012-06-13           0.15306       0.15683 -0.00377  -2.40200 -0.00748  0.00045  -1.80070     False
    bar1400  reclasso        500               500 all bars deck period  1088 2020-01-03           0.17475       0.17389  0.00086   0.49384 -0.00694  0.01015   0.18614     False
    bar1400  reclasso        500               500    14:00      common  2987 2012-06-13           0.15306       0.15683 -0.00377  -2.40200 -0.00748  0.00045  -1.80070     False
    bar1400  reclasso        500               500    14:00 deck period  1088 2020-01-03           0.17475       0.17389  0.00086   0.49384 -0.00694  0.01015   0.18614     False
    bar1400  reclasso       2000               500 all bars      common  1487 2018-06-01           0.18113       0.18170 -0.00057  -0.31176 -0.00633  0.00580  -0.18514     False
    bar1400  reclasso       2000               500 all bars deck period  1088 2020-01-03           0.17948       0.17389  0.00559   3.21306 -0.00136  0.01303   1.49405     False
    bar1400  reclasso       2000               500    14:00      common  1487 2018-06-01           0.18113       0.18170 -0.00057  -0.31176 -0.00633  0.00580  -0.18514     False
    bar1400  reclasso       2000               500    14:00 deck period  1088 2020-01-03           0.17948       0.17389  0.00559   3.21306 -0.00136  0.01303   1.49405     False
    bar1400  reclasso       2000              2000 all bars      common  1487 2018-06-01           0.18113       0.18470 -0.00357  -1.93483 -0.00925  0.00233  -1.31946     False
    bar1400  reclasso       2000              2000 all bars deck period  1088 2020-01-03           0.17948       0.17994 -0.00046  -0.25616 -0.00698  0.00667  -0.14486     False
    bar1400  reclasso       2000              2000    14:00      common  1487 2018-06-01           0.18113       0.18470 -0.00357  -1.93483 -0.00925  0.00233  -1.31946     False
    bar1400  reclasso       2000              2000    14:00 deck period  1088 2020-01-03           0.17948       0.17994 -0.00046  -0.25616 -0.00698  0.00667  -0.14486     False
    bar1430  reclasso        500               500 all bars      common  2979 2012-06-20           0.25156       0.30678 -0.05521 -17.99813 -0.06870 -0.04305  -8.30100      True
    bar1430  reclasso        500               500 all bars deck period  1087 2020-01-03           0.26689       0.34488 -0.07799 -22.61496 -0.10886 -0.05192  -5.03965      True
    bar1430  reclasso        500               500    14:30      common  2979 2012-06-20           0.25156       0.30678 -0.05521 -17.99813 -0.06870 -0.04305  -8.30100      True
    bar1430  reclasso        500               500    14:30 deck period  1087 2020-01-03           0.26689       0.34488 -0.07799 -22.61496 -0.10886 -0.05192  -5.03965      True
    bar1430  reclasso       2000               500 all bars      common  1479 2018-06-11           0.27016       0.32781 -0.05765 -17.58606 -0.07937 -0.03823  -5.10469      True
    bar1430  reclasso       2000               500 all bars deck period  1087 2020-01-03           0.27446       0.34488 -0.07042 -20.41808 -0.09815 -0.04613  -4.90493      True
    bar1430  reclasso       2000               500    14:30      common  1479 2018-06-11           0.27016       0.32781 -0.05765 -17.58606 -0.07937 -0.03823  -5.10469      True
    bar1430  reclasso       2000               500    14:30 deck period  1087 2020-01-03           0.27446       0.34488 -0.07042 -20.41808 -0.09815 -0.04613  -4.90493      True
    bar1430  reclasso       2000              2000 all bars      common  1479 2018-06-11           0.27016       0.31980 -0.04964 -15.52094 -0.06699 -0.03273  -5.74775      True
    bar1430  reclasso       2000              2000 all bars deck period  1087 2020-01-03           0.27446       0.33634 -0.06188 -18.39735 -0.08234 -0.04167  -5.98990      True
    bar1430  reclasso       2000              2000    14:30      common  1479 2018-06-11           0.27016       0.31980 -0.04964 -15.52094 -0.06699 -0.03273  -5.74775      True
    bar1430  reclasso       2000              2000    14:30 deck period  1087 2020-01-03           0.27446       0.33634 -0.06188 -18.39735 -0.08234 -0.04167  -5.98990      True
    bar1500  reclasso        500               500 all bars      common  2977 2012-06-21           0.16021       0.17580 -0.01559  -8.86920 -0.02104 -0.00961  -5.44074      True
    bar1500  reclasso        500               500 all bars deck period  1087 2020-01-03           0.18502       0.20311 -0.01810  -8.90977 -0.02975 -0.00501  -2.76739      True
    bar1500  reclasso        500               500    15:00      common  2977 2012-06-21           0.16021       0.17580 -0.01559  -8.86920 -0.02104 -0.00961  -5.44074      True
    bar1500  reclasso        500               500    15:00 deck period  1087 2020-01-03           0.18502       0.20311 -0.01810  -8.90977 -0.02975 -0.00501  -2.76739      True
    bar1500  reclasso       2000               500 all bars      common  1477 2018-06-13           0.21639       0.22233 -0.00594  -2.67216 -0.01217  0.00081  -1.65237     False
    bar1500  reclasso       2000               500 all bars deck period  1087 2020-01-03           0.20107       0.20311 -0.00204  -1.00542 -0.00942  0.00618  -0.49570     False
    bar1500  reclasso       2000               500    15:00      common  1477 2018-06-13           0.21639       0.22233 -0.00594  -2.67216 -0.01217  0.00081  -1.65237     False
    bar1500  reclasso       2000               500    15:00 deck period  1087 2020-01-03           0.20107       0.20311 -0.00204  -1.00542 -0.00942  0.00618  -0.49570     False
    bar1500  reclasso       2000              2000 all bars      common  1477 2018-06-13           0.21639       0.22880 -0.01241  -5.42478 -0.01852 -0.00611  -3.71589      True
    bar1500  reclasso       2000              2000 all bars deck period  1087 2020-01-03           0.20107       0.21459 -0.01352  -6.29957 -0.02109 -0.00498  -3.33687      True
    bar1500  reclasso       2000              2000    15:00      common  1477 2018-06-13           0.21639       0.22880 -0.01241  -5.42478 -0.01852 -0.00611  -3.71589      True
    bar1500  reclasso       2000              2000    15:00 deck period  1087 2020-01-03           0.20107       0.21459 -0.01352  -6.29957 -0.02109 -0.00498  -3.33687      True
    bar1530  reclasso        500               500 all bars      common  2975 2012-06-25           0.12352       0.12923 -0.00571  -4.42070 -0.00959 -0.00190  -3.07685      True
    bar1530  reclasso        500               500 all bars deck period  1087 2020-01-03           0.12995       0.12828  0.00167   1.30194 -0.00419  0.00764   0.54916     False
    bar1530  reclasso        500               500    15:30      common  2975 2012-06-25           0.12352       0.12923 -0.00571  -4.42070 -0.00959 -0.00190  -3.07685      True
    bar1530  reclasso        500               500    15:30 deck period  1087 2020-01-03           0.12995       0.12828  0.00167   1.30194 -0.00419  0.00764   0.54916     False
    bar1530  reclasso       2000               500 all bars      common  1475 2018-06-15           0.13032       0.13738 -0.00707  -5.14450 -0.01264 -0.00170  -2.66558      True
    bar1530  reclasso       2000               500 all bars deck period  1087 2020-01-03           0.12422       0.12828 -0.00406  -3.16454 -0.00991  0.00195  -1.44368     False
    bar1530  reclasso       2000               500    15:30      common  1475 2018-06-15           0.13032       0.13738 -0.00707  -5.14450 -0.01264 -0.00170  -2.66558      True
    bar1530  reclasso       2000               500    15:30 deck period  1087 2020-01-03           0.12422       0.12828 -0.00406  -3.16454 -0.00991  0.00195  -1.44368     False
    bar1530  reclasso       2000              2000 all bars      common  1475 2018-06-15           0.13032       0.14025 -0.00993  -7.07971 -0.01436 -0.00551  -4.41932      True
    bar1530  reclasso       2000              2000 all bars deck period  1087 2020-01-03           0.12422       0.13414 -0.00992  -7.39567 -0.01470 -0.00517  -4.40896      True
    bar1530  reclasso       2000              2000    15:30      common  1475 2018-06-15           0.13032       0.14025 -0.00993  -7.07971 -0.01436 -0.00551  -4.41932      True
    bar1530  reclasso       2000              2000    15:30 deck period  1087 2020-01-03           0.12422       0.13414 -0.00992  -7.39567 -0.01470 -0.00517  -4.40896      True
    bar1600  reclasso        500               500 all bars      common  2969 2012-07-03           0.11945       0.12584 -0.00638  -5.07373 -0.01025 -0.00268  -3.42791      True
    bar1600  reclasso        500               500 all bars deck period  1087 2020-01-03           0.10845       0.11314 -0.00469  -4.14805 -0.01178  0.00095  -1.55268     False
    bar1600  reclasso        500               500    16:00      common  2969 2012-07-03           0.11945       0.12584 -0.00638  -5.07373 -0.01025 -0.00268  -3.42791      True
    bar1600  reclasso        500               500    16:00 deck period  1087 2020-01-03           0.10845       0.11314 -0.00469  -4.14805 -0.01178  0.00095  -1.55268     False
    bar1600  reclasso       2000               500 all bars      common  1469 2018-06-25           0.11624       0.12865 -0.01241  -9.64964 -0.01848 -0.00681  -4.51568      True
    bar1600  reclasso       2000               500 all bars deck period  1087 2020-01-03           0.10303       0.11314 -0.01012  -8.94335 -0.01532 -0.00503  -3.93112      True
    bar1600  reclasso       2000               500    16:00      common  1469 2018-06-25           0.11624       0.12865 -0.01241  -9.64964 -0.01848 -0.00681  -4.51568      True
    bar1600  reclasso       2000               500    16:00 deck period  1087 2020-01-03           0.10303       0.11314 -0.01012  -8.94335 -0.01532 -0.00503  -3.93112      True
    bar1600  reclasso       2000              2000 all bars      common  1469 2018-06-25           0.11624       0.12981 -0.01357 -10.45637 -0.01863 -0.00882  -5.64974      True
    bar1600  reclasso       2000              2000 all bars deck period  1087 2020-01-03           0.10303       0.11580 -0.01277 -11.03147 -0.01674 -0.00874  -5.95462      True
    bar1600  reclasso       2000              2000    16:00      common  1469 2018-06-25           0.11624       0.12981 -0.01357 -10.45637 -0.01863 -0.00882  -5.64974      True
    bar1600  reclasso       2000              2000    16:00 deck period  1087 2020-01-03           0.10303       0.11580 -0.01277 -11.03147 -0.01674 -0.00874  -5.95462      True
  blk_close  reclasso        500               500 all bars      common  9069 2006-04-10           0.11588       0.12368 -0.00779  -6.30015 -0.01013 -0.00553  -7.12105      True
  blk_close  reclasso        500               500 all bars deck period  2174 2020-01-03           0.11758       0.12071 -0.00313  -2.59616 -0.00695  0.00071  -1.80475     False
  blk_close  reclasso        500               500    15:30      common  4535 2006-04-10           0.12030       0.12601 -0.00571  -4.53393 -0.00850 -0.00316  -4.34801      True
  blk_close  reclasso        500               500    15:30 deck period  1087 2020-01-03           0.12668       0.12828 -0.00161  -1.25227 -0.00645  0.00314  -0.63478     False
  blk_close  reclasso        500               500    16:00      common  4534 2006-04-10           0.11147       0.12134 -0.00987  -8.13474 -0.01308 -0.00684  -6.25830      True
  blk_close  reclasso        500               500    16:00 deck period  1087 2020-01-03           0.10848       0.11314 -0.00466  -4.11985 -0.00996  0.00071  -1.76633     False
  blk_close  reclasso       2000               500 all bars      common  6069 2012-03-29           0.11723       0.12760 -0.01037  -8.12768 -0.01320 -0.00761  -7.67958      True
  blk_close  reclasso       2000               500 all bars deck period  2174 2020-01-03           0.11354       0.12071 -0.00717  -5.94259 -0.01162 -0.00262  -3.30933      True
  blk_close  reclasso       2000               500    15:30      common  3034 2012-03-30           0.12188       0.12982 -0.00794  -6.11684 -0.01141 -0.00447  -4.67910      True
  blk_close  reclasso       2000               500    15:30 deck period  1087 2020-01-03           0.12542       0.12828 -0.00286  -2.22788 -0.00808  0.00210  -1.07470     False
  blk_close  reclasso       2000               500    16:00      common  3035 2012-03-29           0.11257       0.12537 -0.01280 -10.20923 -0.01654 -0.00891  -6.81870      True
  blk_close  reclasso       2000               500    16:00 deck period  1087 2020-01-03           0.10166       0.11314 -0.01149 -10.15430 -0.01864 -0.00452  -3.30328      True
  blk_close  reclasso       2000              2000 all bars      common  6069 2012-03-29           0.11723       0.12926 -0.01203  -9.30953 -0.01440 -0.00951  -9.79162      True
  blk_close  reclasso       2000              2000 all bars deck period  2174 2020-01-03           0.11354       0.12497 -0.01143  -9.14759 -0.01526 -0.00751  -6.17633      True
  blk_close  reclasso       2000              2000    15:30      common  3034 2012-03-30           0.12188       0.13180 -0.00992  -7.52787 -0.01285 -0.00687  -6.63171      True
  blk_close  reclasso       2000              2000    15:30 deck period  1087 2020-01-03           0.12542       0.13414 -0.00872  -6.49995 -0.01369 -0.00376  -3.68817      True
  blk_close  reclasso       2000              2000    16:00      common  3035 2012-03-29           0.11257       0.12672 -0.01414 -11.16211 -0.01711 -0.01096  -8.48981      True
  blk_close  reclasso       2000              2000    16:00 deck period  1087 2020-01-03           0.10166       0.11580 -0.01414 -12.21464 -0.01933 -0.00850  -5.02803      True
   blk_core  reclasso        500               500 all bars      common 40156 2001-10-11           0.12739       0.13499 -0.00760  -5.62959 -0.00945 -0.00664 -14.98207      True
   blk_core  reclasso        500               500 all bars deck period  7756 2020-01-03           0.14935       0.15589 -0.00654  -4.19486 -0.01131 -0.00378  -4.76427      True
   blk_core  reclasso        500               500    11:00      common  5797 2001-10-11           0.11153       0.11749 -0.00596  -5.07579 -0.00787 -0.00394  -6.01895      True
   blk_core  reclasso        500               500    11:00 deck period  1116 2020-01-03           0.14044       0.14536 -0.00492  -3.38227 -0.01056  0.00146  -1.62108     False
   blk_core  reclasso        500               500    11:30      common  5799 2001-10-11           0.11762       0.12372 -0.00610  -4.93308 -0.00825 -0.00399  -6.00652      True
   blk_core  reclasso        500               500    11:30 deck period  1116 2020-01-03           0.13562       0.14280 -0.00718  -5.02930 -0.01236 -0.00194  -2.99167      True
   blk_core  reclasso        500               500    12:00      common  5738 2001-10-11           0.11984       0.12769 -0.00785  -6.14905 -0.00976 -0.00593  -8.52087      True
   blk_core  reclasso        500               500    12:00 deck period  1116 2020-01-03           0.12793       0.13756 -0.00963  -6.99913 -0.01356 -0.00543  -4.67517      True
   blk_core  reclasso        500               500    12:30      common  5738 2001-10-11           0.13474       0.14357 -0.00883  -6.14930 -0.01101 -0.00685  -8.39423      True
   blk_core  reclasso        500               500    12:30 deck period  1116 2020-01-03           0.14082       0.14997 -0.00915  -6.10003 -0.01386 -0.00435  -3.67167      True
   blk_core  reclasso        500               500    13:00      common  5738 2001-10-11           0.13526       0.14392 -0.00865  -6.01336 -0.01091 -0.00618  -7.45039      True
   blk_core  reclasso        500               500    13:00 deck period  1116 2020-01-03           0.16092       0.16875 -0.00782  -4.63702 -0.01457 -0.00108  -2.42544      True
   blk_core  reclasso        500               500    13:30      common  5677 2001-10-11           0.14160       0.14913 -0.00753  -5.05176 -0.01040 -0.00454  -5.37516      True
   blk_core  reclasso        500               500    13:30 deck period  1088 2020-01-03           0.17091       0.17377 -0.00287  -1.64917 -0.01020  0.00497  -0.87605     False
   blk_core  reclasso        500               500    14:00      common  5669 2001-10-11           0.13161       0.13991 -0.00830  -5.93275 -0.01109 -0.00534  -6.05200      True
   blk_core  reclasso        500               500    14:00 deck period  1088 2020-01-03           0.16983       0.17389 -0.00405  -2.33176 -0.01143  0.00513  -0.95695     False
   blk_core  reclasso       2000               500 all bars      common 29656 2007-09-19           0.13428       0.13962 -0.00534  -3.82177 -0.00726 -0.00411 -10.19081      True
   blk_core  reclasso       2000               500 all bars deck period  7756 2020-01-03           0.15300       0.15589 -0.00289  -1.85285 -0.00631 -0.00009  -2.91985      True
   blk_core  reclasso       2000               500    11:00      common  4282 2007-09-20           0.11802       0.12232 -0.00430  -3.51752 -0.00632 -0.00235  -4.36826      True
   blk_core  reclasso       2000               500    11:00 deck period  1116 2020-01-03           0.14267       0.14536 -0.00269  -1.85336 -0.00637  0.00127  -1.39821     False
   blk_core  reclasso       2000               500    11:30      common  4282 2007-09-20           0.12454       0.12883 -0.00429  -3.33242 -0.00642 -0.00215  -4.21562      True
   blk_core  reclasso       2000               500    11:30 deck period  1116 2020-01-03           0.13892       0.14280 -0.00388  -2.71894 -0.00826  0.00031  -2.00457     False
   blk_core  reclasso       2000               500    12:00      common  4243 2007-09-20           0.12616       0.12997 -0.00381  -2.92991 -0.00608 -0.00163  -3.57900      True
   blk_core  reclasso       2000               500    12:00 deck period  1116 2020-01-03           0.13420       0.13756 -0.00336  -2.44292 -0.00720  0.00035  -2.02593     False
   blk_core  reclasso       2000               500    12:30      common  4244 2007-09-19           0.13507       0.14058 -0.00551  -3.92025 -0.00796 -0.00300  -4.61896      True
   blk_core  reclasso       2000               500    12:30 deck period  1116 2020-01-03           0.14874       0.14997 -0.00124  -0.82381 -0.00511  0.00289  -0.66644     False
   blk_core  reclasso       2000               500    13:00      common  4244 2007-09-19           0.14693       0.15389 -0.00696  -4.52315 -0.00933 -0.00468  -6.00490      True
   blk_core  reclasso       2000               500    13:00 deck period  1116 2020-01-03           0.16393       0.16875 -0.00481  -2.85248 -0.00948 -0.00006  -2.24737      True
   blk_core  reclasso       2000               500    13:30      common  4183 2007-09-19           0.15126       0.15670 -0.00544  -3.47340 -0.00794 -0.00284  -4.40438      True
   blk_core  reclasso       2000               500    13:30 deck period  1088 2020-01-03           0.17070       0.17377 -0.00308  -1.77106 -0.00792  0.00194  -1.28969     False
   blk_core  reclasso       2000               500    14:00      common  4178 2007-09-19           0.13856       0.14564 -0.00708  -4.86149 -0.00979 -0.00426  -5.22009      True
   blk_core  reclasso       2000               500    14:00 deck period  1088 2020-01-03           0.17277       0.17389 -0.00111  -0.64113 -0.00764  0.00602  -0.32391     False
   blk_core  reclasso       2000              2000 all bars      common 29195 2007-12-21           0.13471       0.14185 -0.00715  -5.03771 -0.00898 -0.00641 -14.59492      True
   blk_core  reclasso       2000              2000 all bars deck period  7756 2020-01-03           0.15300       0.16108 -0.00808  -5.01717 -0.01180 -0.00609  -7.82405      True
   blk_core  reclasso       2000              2000    11:00      common  4216 2007-12-21           0.11844       0.12411 -0.00567  -4.56955 -0.00737 -0.00399  -6.75919      True
   blk_core  reclasso       2000              2000    11:00 deck period  1116 2020-01-03           0.14267       0.15103 -0.00837  -5.54077 -0.01165 -0.00517  -5.18271      True
   blk_core  reclasso       2000              2000    11:30      common  4216 2007-12-21           0.12466       0.13070 -0.00604  -4.61900 -0.00790 -0.00420  -6.80616      True
   blk_core  reclasso       2000              2000    11:30 deck period  1116 2020-01-03           0.13892       0.14934 -0.01042  -6.98010 -0.01392 -0.00687  -6.33269      True
   blk_core  reclasso       2000              2000    12:00      common  4178 2007-12-21           0.12642       0.13319 -0.00677  -5.08386 -0.00867 -0.00492  -7.21441      True
   blk_core  reclasso       2000              2000    12:00 deck period  1116 2020-01-03           0.13420       0.14370 -0.00950  -6.61165 -0.01233 -0.00636  -6.11975      True
   blk_core  reclasso       2000              2000    12:30      common  4178 2007-12-21           0.13582       0.14400 -0.00817  -5.67553 -0.01039 -0.00598  -7.39403      True
   blk_core  reclasso       2000              2000    12:30 deck period  1116 2020-01-03           0.14874       0.15893 -0.01019  -6.41261 -0.01318 -0.00686  -6.40516      True
   blk_core  reclasso       2000              2000    13:00      common  4178 2007-12-21           0.14692       0.15485 -0.00793  -5.11823 -0.01006 -0.00572  -7.18820      True
   blk_core  reclasso       2000              2000    13:00 deck period  1116 2020-01-03           0.16393       0.17139 -0.00746  -4.35047 -0.01205 -0.00238  -2.96373      True
   blk_core  reclasso       2000              2000    13:30      common  4117 2007-12-21           0.15168       0.15730 -0.00563  -3.57741 -0.00810 -0.00319  -4.61249      True
   blk_core  reclasso       2000              2000    13:30 deck period  1088 2020-01-03           0.17070       0.17402 -0.00332  -1.91052 -0.00819  0.00204  -1.43720     False
   blk_core  reclasso       2000              2000    14:00      common  4112 2007-12-21           0.13957       0.14943 -0.00986  -6.59988 -0.01249 -0.00722  -7.82239      True
   blk_core  reclasso       2000              2000    14:00 deck period  1088 2020-01-03           0.17277       0.17994 -0.00716  -3.98080 -0.01295 -0.00026  -2.44149      True
   blk_open  reclasso        500               500 all bars      common  9363 2006-03-02           0.12688       0.13012 -0.00324  -2.49277 -0.00511 -0.00137  -3.11934      True
   blk_open  reclasso        500               500 all bars deck period  2232 2020-01-03           0.13554       0.13685 -0.00130  -0.95189 -0.00522  0.00244  -0.62056     False
   blk_open  reclasso        500               500    10:00      common  4681 2006-03-03           0.10591       0.11297 -0.00706  -6.25119 -0.00956 -0.00449  -5.33043      True
   blk_open  reclasso        500               500    10:00 deck period  1116 2020-01-03           0.11064       0.11671 -0.00607  -5.19754 -0.01218 -0.00016  -2.19619      True
   blk_open  reclasso        500               500    10:30      common  4682 2006-03-02           0.14784       0.14726  0.00057   0.38988 -0.00187  0.00309   0.43256     False
   blk_open  reclasso        500               500    10:30 deck period  1116 2020-01-03           0.16045       0.15699  0.00346   2.20431 -0.00181  0.00838   1.22013     False
   blk_open  reclasso       2000               500 all bars      common  6363 2011-12-23           0.12444       0.13363 -0.00918  -6.87204 -0.01155 -0.00663  -6.54248      True
   blk_open  reclasso       2000               500 all bars deck period  2232 2020-01-03           0.12808       0.13685 -0.00877  -6.40965 -0.01371 -0.00410  -3.33207      True
   blk_open  reclasso       2000               500    10:00      common  3181 2011-12-27           0.10472       0.11769 -0.01297 -11.01837 -0.01621 -0.00992  -7.89874      True
   blk_open  reclasso       2000               500    10:00 deck period  1116 2020-01-03           0.10465       0.11671 -0.01205 -10.32830 -0.01802 -0.00622  -3.94297      True
   blk_open  reclasso       2000               500    10:30      common  3182 2011-12-23           0.14416       0.14956 -0.00540  -3.61017 -0.00885 -0.00202  -2.92286      True
   blk_open  reclasso       2000               500    10:30 deck period  1116 2020-01-03           0.15150       0.15699 -0.00549  -3.49654 -0.01320  0.00097  -1.51218     False
   blk_open  reclasso       2000              2000 all bars      common  6363 2011-12-23           0.12444       0.13182 -0.00738  -5.59513 -0.00959 -0.00506  -5.88574      True
   blk_open  reclasso       2000              2000 all bars deck period  2232 2020-01-03           0.12808       0.13794 -0.00987  -7.15192 -0.01422 -0.00567  -4.18703      True
   blk_open  reclasso       2000              2000    10:00      common  3181 2011-12-27           0.10472       0.11506 -0.01034  -8.98453 -0.01289 -0.00777  -7.42667      True
   blk_open  reclasso       2000              2000    10:00 deck period  1116 2020-01-03           0.10465       0.11762 -0.01297 -11.02589 -0.01811 -0.00815  -4.74137      True
   blk_open  reclasso       2000              2000    10:30      common  3182 2011-12-23           0.14416       0.14857 -0.00441  -2.97101 -0.00731 -0.00139  -2.83887      True
   blk_open  reclasso       2000              2000    10:30 deck period  1116 2020-01-03           0.15150       0.15826 -0.00676  -4.27278 -0.01171 -0.00178  -2.55561      True
blk_release  reclasso        500               500 all bars      common  9081 2006-04-04           0.20628       0.22415 -0.01788  -7.97497 -0.02285 -0.01297  -6.34187      True
blk_release  reclasso        500               500 all bars deck period  2174 2020-01-03           0.24428       0.27400 -0.02972 -10.84641 -0.04450 -0.01411  -3.15418      True
blk_release  reclasso        500               500    14:30      common  4541 2006-04-05           0.25110       0.28372 -0.03262 -11.49695 -0.04070 -0.02415  -7.10033      True
blk_release  reclasso        500               500    14:30 deck period  1087 2020-01-03           0.29698       0.34488 -0.04790 -13.88994 -0.07265 -0.01904  -2.86234      True
blk_release  reclasso        500               500    15:00      common  4540 2006-04-04           0.16144       0.16457 -0.00313  -1.90181 -0.00724  0.00083  -1.53104     False
blk_release  reclasso        500               500    15:00 deck period  1087 2020-01-03           0.19158       0.20311 -0.01153  -5.67863 -0.02047 -0.00229  -2.38790      True
blk_release  reclasso       2000               500 all bars      common  6081 2012-03-22           0.22205       0.23934 -0.01729  -7.22455 -0.02223 -0.01258  -6.49387      True
blk_release  reclasso       2000               500 all bars deck period  2174 2020-01-03           0.25018       0.27400 -0.02382  -8.69410 -0.03388 -0.01369  -4.36953      True
blk_release  reclasso       2000               500    14:30      common  3041 2012-03-22           0.26368       0.30432 -0.04063 -13.35270 -0.04838 -0.03336 -10.35659      True
blk_release  reclasso       2000               500    14:30 deck period  1087 2020-01-03           0.29072       0.34488 -0.05416 -15.70529 -0.07032 -0.03934  -6.45939      True
blk_release  reclasso       2000               500    15:00      common  3040 2012-03-22           0.18041       0.17435  0.00606   3.47555  0.00089  0.01108   2.27402     False
blk_release  reclasso       2000               500    15:00 deck period  1087 2020-01-03           0.20964       0.20311  0.00652   3.21061 -0.00312  0.01615   1.30508     False
blk_release  reclasso       2000              2000 all bars      common  6081 2012-03-22           0.22205       0.23947 -0.01741  -7.27219 -0.02224 -0.01272  -7.92701      True
blk_release  reclasso       2000              2000 all bars deck period  2174 2020-01-03           0.25018       0.27546 -0.02529  -9.18066 -0.03403 -0.01586  -6.40725      True
blk_release  reclasso       2000              2000    14:30      common  3041 2012-03-22           0.26368       0.30101 -0.03733 -12.40025 -0.04400 -0.03061 -11.72629      True
blk_release  reclasso       2000              2000    14:30 deck period  1087 2020-01-03           0.29072       0.33634 -0.04562 -13.56490 -0.05796 -0.03270  -7.91959      True
blk_release  reclasso       2000              2000    15:00      common  3040 2012-03-22           0.18041       0.17790  0.00250   1.40735 -0.00253  0.00761   1.01323     False
blk_release  reclasso       2000              2000    15:00 deck period  1087 2020-01-03           0.20964       0.21459 -0.00495  -2.30900 -0.01436  0.00535  -1.08248     False

wrote /u/scratch/j/jamesdc1/harxhar-subsection/results/linear_subsection_lassofix/market_ew/subsection_vs_pooled.csv

15:30 sign(s) trade with each arm's forecast (deck ridge: 1.338 mid / 0.870 crossed)
  segment estimator  train_win  deck_days  pct_buy  Sharpe_mid  Sharpe_crossed  ridge_Sharpe_mid_same_days
  bar1600  reclasso        500        866  37.7598      1.1278          0.6594                      1.3383
  bar1600  reclasso       2000        866  38.6836      1.4488          0.9812                      1.3383
blk_close  reclasso        500        866  36.0277      1.0276          0.5570                      1.3383
blk_close  reclasso       2000        866  37.2979      1.6562          1.1874                      1.3383
     none  reclasso        500        866  31.9861      1.2392          0.7627                      1.3383
     none  reclasso       2000        866  38.3372      1.2112          0.7386                      1.3383
