/u/home/j/jamesdc1/.conda/envs/hpc-pi/lib/python3.11/site-packages/pandas/core/arraylike.py:399: RuntimeWarning: divide by zero encountered in log
  result = getattr(ufunc, method)(*inputs, **kwargs)
/u/home/j/jamesdc1/.conda/envs/hpc-pi/lib/python3.11/site-packages/pandas/core/arraylike.py:399: RuntimeWarning: divide by zero encountered in log
  result = getattr(ufunc, method)(*inputs, **kwargs)
/u/home/j/jamesdc1/.conda/envs/hpc-pi/lib/python3.11/site-packages/pandas/core/arraylike.py:399: RuntimeWarning: divide by zero encountered in log
  result = getattr(ufunc, method)(*inputs, **kwargs)
/u/home/j/jamesdc1/.conda/envs/hpc-pi/lib/python3.11/site-packages/pandas/core/arraylike.py:399: RuntimeWarning: divide by zero encountered in log
  result = getattr(ufunc, method)(*inputs, **kwargs)
/u/home/j/jamesdc1/.conda/envs/hpc-pi/lib/python3.11/site-packages/pandas/core/arraylike.py:399: RuntimeWarning: divide by zero encountered in log
  result = getattr(ufunc, method)(*inputs, **kwargs)
/u/home/j/jamesdc1/.conda/envs/hpc-pi/lib/python3.11/site-packages/pandas/core/arraylike.py:399: RuntimeWarning: divide by zero encountered in log
  result = getattr(ufunc, method)(*inputs, **kwargs)
/u/home/j/jamesdc1/.conda/envs/hpc-pi/lib/python3.11/site-packages/pandas/core/arraylike.py:399: RuntimeWarning: divide by zero encountered in log
  result = getattr(ufunc, method)(*inputs, **kwargs)
/u/home/j/jamesdc1/.conda/envs/hpc-pi/lib/python3.11/site-packages/pandas/core/arraylike.py:399: RuntimeWarning: divide by zero encountered in log
  result = getattr(ufunc, method)(*inputs, **kwargs)
/u/home/j/jamesdc1/.conda/envs/hpc-pi/lib/python3.11/site-packages/pandas/core/arraylike.py:399: RuntimeWarning: divide by zero encountered in log
  result = getattr(ufunc, method)(*inputs, **kwargs)
/u/home/j/jamesdc1/.conda/envs/hpc-pi/lib/python3.11/site-packages/pandas/core/arraylike.py:399: RuntimeWarning: divide by zero encountered in log
  result = getattr(ufunc, method)(*inputs, **kwargs)
/u/home/j/jamesdc1/.conda/envs/hpc-pi/lib/python3.11/site-packages/pandas/core/arraylike.py:399: RuntimeWarning: divide by zero encountered in log
  result = getattr(ufunc, method)(*inputs, **kwargs)
/u/home/j/jamesdc1/.conda/envs/hpc-pi/lib/python3.11/site-packages/pandas/core/arraylike.py:399: RuntimeWarning: divide by zero encountered in log
  result = getattr(ufunc, method)(*inputs, **kwargs)
/u/home/j/jamesdc1/.conda/envs/hpc-pi/lib/python3.11/site-packages/pandas/core/arraylike.py:399: RuntimeWarning: divide by zero encountered in log
  result = getattr(ufunc, method)(*inputs, **kwargs)
/u/home/j/jamesdc1/.conda/envs/hpc-pi/lib/python3.11/site-packages/pandas/core/arraylike.py:399: RuntimeWarning: divide by zero encountered in log
  result = getattr(ufunc, method)(*inputs, **kwargs)
/u/home/j/jamesdc1/.conda/envs/hpc-pi/lib/python3.11/site-packages/pandas/core/arraylike.py:399: RuntimeWarning: divide by zero encountered in log
  result = getattr(ufunc, method)(*inputs, **kwargs)
/u/home/j/jamesdc1/.conda/envs/hpc-pi/lib/python3.11/site-packages/pandas/core/arraylike.py:399: RuntimeWarning: divide by zero encountered in log
  result = getattr(ufunc, method)(*inputs, **kwargs)
/u/home/j/jamesdc1/.conda/envs/hpc-pi/lib/python3.11/site-packages/pandas/core/arraylike.py:399: RuntimeWarning: divide by zero encountered in log
  result = getattr(ufunc, method)(*inputs, **kwargs)
/u/home/j/jamesdc1/.conda/envs/hpc-pi/lib/python3.11/site-packages/pandas/core/arraylike.py:399: RuntimeWarning: divide by zero encountered in log
  result = getattr(ufunc, method)(*inputs, **kwargs)
/u/home/j/jamesdc1/.conda/envs/hpc-pi/lib/python3.11/site-packages/pandas/core/arraylike.py:399: RuntimeWarning: divide by zero encountered in log
  result = getattr(ufunc, method)(*inputs, **kwargs)
/u/home/j/jamesdc1/.conda/envs/hpc-pi/lib/python3.11/site-packages/pandas/core/arraylike.py:399: RuntimeWarning: divide by zero encountered in log
  result = getattr(ufunc, method)(*inputs, **kwargs)
/u/home/j/jamesdc1/.conda/envs/hpc-pi/lib/python3.11/site-packages/pandas/core/arraylike.py:399: RuntimeWarning: divide by zero encountered in log
  result = getattr(ufunc, method)(*inputs, **kwargs)
/u/home/j/jamesdc1/.conda/envs/hpc-pi/lib/python3.11/site-packages/pandas/core/arraylike.py:399: RuntimeWarning: divide by zero encountered in log
  result = getattr(ufunc, method)(*inputs, **kwargs)
/u/home/j/jamesdc1/.conda/envs/hpc-pi/lib/python3.11/site-packages/pandas/core/arraylike.py:399: RuntimeWarning: divide by zero encountered in log
  result = getattr(ufunc, method)(*inputs, **kwargs)
/u/home/j/jamesdc1/.conda/envs/hpc-pi/lib/python3.11/site-packages/pandas/core/arraylike.py:399: RuntimeWarning: divide by zero encountered in log
  result = getattr(ufunc, method)(*inputs, **kwargs)
/u/home/j/jamesdc1/.conda/envs/hpc-pi/lib/python3.11/site-packages/pandas/core/arraylike.py:399: RuntimeWarning: divide by zero encountered in log
  result = getattr(ufunc, method)(*inputs, **kwargs)
/u/home/j/jamesdc1/.conda/envs/hpc-pi/lib/python3.11/site-packages/pandas/core/arraylike.py:399: RuntimeWarning: divide by zero encountered in log
  result = getattr(ufunc, method)(*inputs, **kwargs)
/u/home/j/jamesdc1/.conda/envs/hpc-pi/lib/python3.11/site-packages/pandas/core/arraylike.py:399: RuntimeWarning: divide by zero encountered in log
  result = getattr(ufunc, method)(*inputs, **kwargs)
/u/home/j/jamesdc1/.conda/envs/hpc-pi/lib/python3.11/site-packages/pandas/core/arraylike.py:399: RuntimeWarning: divide by zero encountered in log
  result = getattr(ufunc, method)(*inputs, **kwargs)
/u/home/j/jamesdc1/.conda/envs/hpc-pi/lib/python3.11/site-packages/pandas/core/arraylike.py:399: RuntimeWarning: divide by zero encountered in log
  result = getattr(ufunc, method)(*inputs, **kwargs)
/u/home/j/jamesdc1/.conda/envs/hpc-pi/lib/python3.11/site-packages/pandas/core/arraylike.py:399: RuntimeWarning: divide by zero encountered in log
  result = getattr(ufunc, method)(*inputs, **kwargs)
/u/home/j/jamesdc1/.conda/envs/hpc-pi/lib/python3.11/site-packages/pandas/core/arraylike.py:399: RuntimeWarning: divide by zero encountered in log
  result = getattr(ufunc, method)(*inputs, **kwargs)
/u/home/j/jamesdc1/.conda/envs/hpc-pi/lib/python3.11/site-packages/pandas/core/arraylike.py:399: RuntimeWarning: divide by zero encountered in log
  result = getattr(ufunc, method)(*inputs, **kwargs)
/u/home/j/jamesdc1/.conda/envs/hpc-pi/lib/python3.11/site-packages/pandas/core/arraylike.py:399: RuntimeWarning: divide by zero encountered in log
  result = getattr(ufunc, method)(*inputs, **kwargs)
/u/home/j/jamesdc1/.conda/envs/hpc-pi/lib/python3.11/site-packages/pandas/core/arraylike.py:399: RuntimeWarning: divide by zero encountered in log
  result = getattr(ufunc, method)(*inputs, **kwargs)
/u/home/j/jamesdc1/.conda/envs/hpc-pi/lib/python3.11/site-packages/pandas/core/arraylike.py:399: RuntimeWarning: divide by zero encountered in log
  result = getattr(ufunc, method)(*inputs, **kwargs)
/u/home/j/jamesdc1/.conda/envs/hpc-pi/lib/python3.11/site-packages/pandas/core/arraylike.py:399: RuntimeWarning: divide by zero encountered in log
  result = getattr(ufunc, method)(*inputs, **kwargs)
/u/home/j/jamesdc1/.conda/envs/hpc-pi/lib/python3.11/site-packages/pandas/core/arraylike.py:399: RuntimeWarning: divide by zero encountered in log
  result = getattr(ufunc, method)(*inputs, **kwargs)
/u/home/j/jamesdc1/.conda/envs/hpc-pi/lib/python3.11/site-packages/pandas/core/arraylike.py:399: RuntimeWarning: divide by zero encountered in log
  result = getattr(ufunc, method)(*inputs, **kwargs)
/u/home/j/jamesdc1/.conda/envs/hpc-pi/lib/python3.11/site-packages/pandas/core/arraylike.py:399: RuntimeWarning: divide by zero encountered in log
  result = getattr(ufunc, method)(*inputs, **kwargs)
/u/home/j/jamesdc1/.conda/envs/hpc-pi/lib/python3.11/site-packages/pandas/core/arraylike.py:399: RuntimeWarning: divide by zero encountered in log
  result = getattr(ufunc, method)(*inputs, **kwargs)
/u/home/j/jamesdc1/.conda/envs/hpc-pi/lib/python3.11/site-packages/pandas/core/arraylike.py:399: RuntimeWarning: divide by zero encountered in log
  result = getattr(ufunc, method)(*inputs, **kwargs)
/u/home/j/jamesdc1/.conda/envs/hpc-pi/lib/python3.11/site-packages/pandas/core/arraylike.py:399: RuntimeWarning: divide by zero encountered in log
  result = getattr(ufunc, method)(*inputs, **kwargs)
/u/home/j/jamesdc1/.conda/envs/hpc-pi/lib/python3.11/site-packages/pandas/core/arraylike.py:399: RuntimeWarning: divide by zero encountered in log
  result = getattr(ufunc, method)(*inputs, **kwargs)
/u/home/j/jamesdc1/.conda/envs/hpc-pi/lib/python3.11/site-packages/pandas/core/arraylike.py:399: RuntimeWarning: divide by zero encountered in log
  result = getattr(ufunc, method)(*inputs, **kwargs)
/u/home/j/jamesdc1/.conda/envs/hpc-pi/lib/python3.11/site-packages/pandas/core/arraylike.py:399: RuntimeWarning: divide by zero encountered in log
  result = getattr(ufunc, method)(*inputs, **kwargs)
/u/home/j/jamesdc1/.conda/envs/hpc-pi/lib/python3.11/site-packages/pandas/core/arraylike.py:399: RuntimeWarning: divide by zero encountered in log
  result = getattr(ufunc, method)(*inputs, **kwargs)
/u/home/j/jamesdc1/.conda/envs/hpc-pi/lib/python3.11/site-packages/pandas/core/arraylike.py:399: RuntimeWarning: divide by zero encountered in log
  result = getattr(ufunc, method)(*inputs, **kwargs)
/u/home/j/jamesdc1/.conda/envs/hpc-pi/lib/python3.11/site-packages/pandas/core/arraylike.py:399: RuntimeWarning: divide by zero encountered in log
  result = getattr(ufunc, method)(*inputs, **kwargs)
/u/home/j/jamesdc1/.conda/envs/hpc-pi/lib/python3.11/site-packages/pandas/core/arraylike.py:399: RuntimeWarning: divide by zero encountered in log
  result = getattr(ufunc, method)(*inputs, **kwargs)
/u/home/j/jamesdc1/.conda/envs/hpc-pi/lib/python3.11/site-packages/pandas/core/arraylike.py:399: RuntimeWarning: divide by zero encountered in log
  result = getattr(ufunc, method)(*inputs, **kwargs)
/u/home/j/jamesdc1/.conda/envs/hpc-pi/lib/python3.11/site-packages/pandas/core/arraylike.py:399: RuntimeWarning: divide by zero encountered in log
  result = getattr(ufunc, method)(*inputs, **kwargs)
/u/home/j/jamesdc1/.conda/envs/hpc-pi/lib/python3.11/site-packages/pandas/core/arraylike.py:399: RuntimeWarning: divide by zero encountered in log
  result = getattr(ufunc, method)(*inputs, **kwargs)
/u/home/j/jamesdc1/.conda/envs/hpc-pi/lib/python3.11/site-packages/pandas/core/arraylike.py:399: RuntimeWarning: divide by zero encountered in log
  result = getattr(ufunc, method)(*inputs, **kwargs)
    segment estimator  train_win  pooled_train_win  bar_end      sample     n      first  QLIKE_subsection  QLIKE_pooled     diff       pct    ci_lo    ci_hi   dm_stat  improves
    bar1000  reclasso        500               500 all bars      common  3119 2012-03-23           0.11109       0.11884 -0.00775  -6.51989 -0.01219 -0.00292  -3.35021      True
    bar1000  reclasso        500               500 all bars deck period  1116 2020-01-03           0.11676       0.11761 -0.00085  -0.72158 -0.00831  0.00814  -0.20499     False
    bar1000  reclasso        500               500    10:00      common  3119 2012-03-23           0.11109       0.11884 -0.00775  -6.51989 -0.01219 -0.00292  -3.35021      True
    bar1000  reclasso        500               500    10:00 deck period  1116 2020-01-03           0.11676       0.11761 -0.00085  -0.72158 -0.00831  0.00814  -0.20499     False
    bar1000  reclasso       2000               500 all bars      common  1619 2018-01-19           0.11184       0.12636 -0.01452 -11.48748 -0.02165 -0.00753  -4.23033      True
    bar1000  reclasso       2000               500 all bars deck period  1116 2020-01-03           0.10805       0.11761 -0.00956  -8.12818 -0.01805 -0.00115  -2.35884      True
    bar1000  reclasso       2000               500    10:00      common  1619 2018-01-19           0.11184       0.12636 -0.01452 -11.48748 -0.02165 -0.00753  -4.23033      True
    bar1000  reclasso       2000               500    10:00 deck period  1116 2020-01-03           0.10805       0.11761 -0.00956  -8.12818 -0.01805 -0.00115  -2.35884      True
    bar1000  reclasso       2000              2000 all bars      common  1619 2018-01-19           0.11184       0.12352 -0.01168  -9.45846 -0.01762 -0.00550  -3.91574      True
    bar1000  reclasso       2000              2000 all bars deck period  1116 2020-01-03           0.10805       0.11867 -0.01062  -8.94900 -0.01810 -0.00368  -2.96635      True
    bar1000  reclasso       2000              2000    10:00      common  1619 2018-01-19           0.11184       0.12352 -0.01168  -9.45846 -0.01762 -0.00550  -3.91574      True
    bar1000  reclasso       2000              2000    10:00 deck period  1116 2020-01-03           0.10805       0.11867 -0.01062  -8.94900 -0.01810 -0.00368  -2.96635      True
    bar1030  reclasso        500               500 all bars      common  3119 2012-03-23           0.14749       0.14918 -0.00168  -1.12920 -0.00483  0.00136  -1.07081     False
    bar1030  reclasso        500               500 all bars deck period  1116 2020-01-03           0.15718       0.15732 -0.00015  -0.09235 -0.00461  0.00496  -0.06629     False
    bar1030  reclasso        500               500    10:30      common  3119 2012-03-23           0.14749       0.14918 -0.00168  -1.12920 -0.00483  0.00136  -1.07081     False
    bar1030  reclasso        500               500    10:30 deck period  1116 2020-01-03           0.15718       0.15732 -0.00015  -0.09235 -0.00461  0.00496  -0.06629     False
    bar1030  reclasso       2000               500 all bars      common  1619 2018-01-19           0.15656       0.16242 -0.00586  -3.60901 -0.01014 -0.00180  -2.61269      True
    bar1030  reclasso       2000               500 all bars deck period  1116 2020-01-03           0.15174       0.15732 -0.00558  -3.54630 -0.01167 -0.00023  -1.97486      True
    bar1030  reclasso       2000               500    10:30      common  1619 2018-01-19           0.15656       0.16242 -0.00586  -3.60901 -0.01014 -0.00180  -2.61269      True
    bar1030  reclasso       2000               500    10:30 deck period  1116 2020-01-03           0.15174       0.15732 -0.00558  -3.54630 -0.01167 -0.00023  -1.97486      True
    bar1030  reclasso       2000              2000 all bars      common  1619 2018-01-19           0.15656       0.16212 -0.00557  -3.43392 -0.00879 -0.00247  -3.05166      True
    bar1030  reclasso       2000              2000 all bars deck period  1116 2020-01-03           0.15174       0.15844 -0.00669  -4.22559 -0.01048 -0.00290  -3.03052      True
    bar1030  reclasso       2000              2000    10:30      common  1619 2018-01-19           0.15656       0.16212 -0.00557  -3.43392 -0.00879 -0.00247  -3.05166      True
    bar1030  reclasso       2000              2000    10:30 deck period  1116 2020-01-03           0.15174       0.15844 -0.00669  -4.22559 -0.01048 -0.00290  -3.03052      True
    bar1100  reclasso        500               500 all bars      common  3119 2012-03-23           0.12800       0.13051 -0.00251  -1.92227 -0.00546  0.00028  -1.77759     False
    bar1100  reclasso        500               500 all bars deck period  1116 2020-01-03           0.14496       0.14567 -0.00070  -0.48356 -0.00698  0.00587  -0.23302     False
    bar1100  reclasso        500               500    11:00      common  3119 2012-03-23           0.12800       0.13051 -0.00251  -1.92227 -0.00546  0.00028  -1.77759     False
    bar1100  reclasso        500               500    11:00 deck period  1116 2020-01-03           0.14496       0.14567 -0.00070  -0.48356 -0.00698  0.00587  -0.23302     False
    bar1100  reclasso       2000               500 all bars      common  1619 2018-01-19           0.14262       0.13861  0.00401   2.89305 -0.00046  0.00859   1.88327     False
    bar1100  reclasso       2000               500 all bars deck period  1116 2020-01-03           0.15011       0.14567  0.00444   3.04633 -0.00059  0.01028   1.82963     False
    bar1100  reclasso       2000               500    11:00      common  1619 2018-01-19           0.14262       0.13861  0.00401   2.89305 -0.00046  0.00859   1.88327     False
    bar1100  reclasso       2000               500    11:00 deck period  1116 2020-01-03           0.15011       0.14567  0.00444   3.04633 -0.00059  0.01028   1.82963     False
    bar1100  reclasso       2000              2000 all bars      common  1619 2018-01-19           0.14262       0.14133  0.00128   0.90835 -0.00255  0.00538   0.67411     False
    bar1100  reclasso       2000              2000 all bars deck period  1116 2020-01-03           0.15011       0.15059 -0.00049  -0.32443 -0.00476  0.00451  -0.22269     False
    bar1100  reclasso       2000              2000    11:00      common  1619 2018-01-19           0.14262       0.14133  0.00128   0.90835 -0.00255  0.00538   0.67411     False
    bar1100  reclasso       2000              2000    11:00 deck period  1116 2020-01-03           0.15011       0.15059 -0.00049  -0.32443 -0.00476  0.00451  -0.22269     False
    bar1130  reclasso        500               500 all bars      common  3121 2012-03-21           0.13168       0.13383 -0.00215  -1.60712 -0.00601  0.00208  -1.10578     False
    bar1130  reclasso        500               500 all bars deck period  1116 2020-01-03           0.13845       0.14178 -0.00333  -2.35174 -0.00661  0.00004  -1.88311     False
    bar1130  reclasso        500               500    11:30      common  3121 2012-03-21           0.13168       0.13383 -0.00215  -1.60712 -0.00601  0.00208  -1.10578     False
    bar1130  reclasso        500               500    11:30 deck period  1116 2020-01-03           0.13845       0.14178 -0.00333  -2.35174 -0.00661  0.00004  -1.88311     False
    bar1130  reclasso       2000               500 all bars      common  1621 2018-01-17           0.13079       0.13672 -0.00593  -4.33751 -0.01067 -0.00148  -2.88898      True
    bar1130  reclasso       2000               500 all bars deck period  1116 2020-01-03           0.13479       0.14178 -0.00699  -4.93141 -0.01301 -0.00129  -2.77852      True
    bar1130  reclasso       2000               500    11:30      common  1621 2018-01-17           0.13079       0.13672 -0.00593  -4.33751 -0.01067 -0.00148  -2.88898      True
    bar1130  reclasso       2000               500    11:30 deck period  1116 2020-01-03           0.13479       0.14178 -0.00699  -4.93141 -0.01301 -0.00129  -2.77852      True
    bar1130  reclasso       2000              2000 all bars      common  1621 2018-01-17           0.13079       0.14022 -0.00943  -6.72702 -0.01318 -0.00570  -5.37149      True
    bar1130  reclasso       2000              2000 all bars deck period  1116 2020-01-03           0.13479       0.14832 -0.01353  -9.12041 -0.01775 -0.00929  -6.68775      True
    bar1130  reclasso       2000              2000    11:30      common  1621 2018-01-17           0.13079       0.14022 -0.00943  -6.72702 -0.01318 -0.00570  -5.37149      True
    bar1130  reclasso       2000              2000    11:30 deck period  1116 2020-01-03           0.13479       0.14832 -0.01353  -9.12041 -0.01775 -0.00929  -6.68775      True
    bar1200  reclasso        500               500 all bars      common  3060 2012-05-31           0.13328       0.13846 -0.00518  -3.74021 -0.00794 -0.00248  -3.71914      True
    bar1200  reclasso        500               500 all bars deck period  1116 2020-01-03           0.13091       0.13662 -0.00571  -4.18002 -0.01095  0.00021  -2.17641     False
    bar1200  reclasso        500               500    12:00      common  3060 2012-05-31           0.13328       0.13846 -0.00518  -3.74021 -0.00794 -0.00248  -3.71914      True
    bar1200  reclasso        500               500    12:00 deck period  1116 2020-01-03           0.13091       0.13662 -0.00571  -4.18002 -0.01095  0.00021  -2.17641     False
    bar1200  reclasso       2000               500 all bars      common  1560 2018-04-13           0.14744       0.15291 -0.00547  -3.57852 -0.01046 -0.00017  -2.08077      True
    bar1200  reclasso       2000               500 all bars deck period  1116 2020-01-03           0.13238       0.13662 -0.00424  -3.10253 -0.00927  0.00067  -2.12351     False
    bar1200  reclasso       2000               500    12:00      common  1560 2018-04-13           0.14744       0.15291 -0.00547  -3.57852 -0.01046 -0.00017  -2.08077      True
    bar1200  reclasso       2000               500    12:00 deck period  1116 2020-01-03           0.13238       0.13662 -0.00424  -3.10253 -0.00927  0.00067  -2.12351     False
    bar1200  reclasso       2000              2000 all bars      common  1560 2018-04-13           0.14744       0.15784 -0.01041  -6.59243 -0.01440 -0.00630  -4.61223      True
    bar1200  reclasso       2000              2000 all bars deck period  1116 2020-01-03           0.13238       0.14378 -0.01140  -7.92587 -0.01460 -0.00805  -7.09090      True
    bar1200  reclasso       2000              2000    12:00      common  1560 2018-04-13           0.14744       0.15784 -0.01041  -6.59243 -0.01440 -0.00630  -4.61223      True
    bar1200  reclasso       2000              2000    12:00 deck period  1116 2020-01-03           0.13238       0.14378 -0.01140  -7.92587 -0.01460 -0.00805  -7.09090      True
    bar1230  reclasso        500               500 all bars      common  3060 2012-05-31           0.14051       0.14574 -0.00523  -3.58663 -0.00816 -0.00212  -3.33972      True
    bar1230  reclasso        500               500 all bars deck period  1116 2020-01-03           0.14635       0.14933 -0.00298  -1.99532 -0.00850  0.00252  -1.08176     False
    bar1230  reclasso        500               500    12:30      common  3060 2012-05-31           0.14051       0.14574 -0.00523  -3.58663 -0.00816 -0.00212  -3.33972      True
    bar1230  reclasso        500               500    12:30 deck period  1116 2020-01-03           0.14635       0.14933 -0.00298  -1.99532 -0.00850  0.00252  -1.08176     False
    bar1230  reclasso       2000               500 all bars      common  1560 2018-04-13           0.15802       0.15934 -0.00133  -0.83259 -0.00607  0.00342  -0.61828     False
    bar1230  reclasso       2000               500 all bars deck period  1116 2020-01-03           0.15304       0.14933  0.00371   2.48411 -0.00102  0.00920   1.67996     False
    bar1230  reclasso       2000               500    12:30      common  1560 2018-04-13           0.15802       0.15934 -0.00133  -0.83259 -0.00607  0.00342  -0.61828     False
    bar1230  reclasso       2000               500    12:30 deck period  1116 2020-01-03           0.15304       0.14933  0.00371   2.48411 -0.00102  0.00920   1.67996     False
    bar1230  reclasso       2000              2000 all bars      common  1560 2018-04-13           0.15802       0.16584 -0.00783  -4.71920 -0.01207 -0.00388  -3.92744      True
    bar1230  reclasso       2000              2000 all bars deck period  1116 2020-01-03           0.15304       0.15894 -0.00590  -3.71214 -0.00967 -0.00173  -3.22972      True
    bar1230  reclasso       2000              2000    12:30      common  1560 2018-04-13           0.15802       0.16584 -0.00783  -4.71920 -0.01207 -0.00388  -3.92744      True
    bar1230  reclasso       2000              2000    12:30 deck period  1116 2020-01-03           0.15304       0.15894 -0.00590  -3.71214 -0.00967 -0.00173  -3.22972      True
    bar1300  reclasso        500               500 all bars      common  3060 2012-05-31           0.15973       0.16196 -0.00223  -1.37907 -0.00728  0.00435  -0.74969     False
    bar1300  reclasso        500               500 all bars deck period  1116 2020-01-03           0.16737       0.16692  0.00045   0.27015 -0.01164  0.01825   0.05955     False
    bar1300  reclasso        500               500    13:00      common  3060 2012-05-31           0.15973       0.16196 -0.00223  -1.37907 -0.00728  0.00435  -0.74969     False
    bar1300  reclasso        500               500    13:00 deck period  1116 2020-01-03           0.16737       0.16692  0.00045   0.27015 -0.01164  0.01825   0.05955     False
    bar1300  reclasso       2000               500 all bars      common  1560 2018-04-13           0.17669       0.18078 -0.00410  -2.26550 -0.00868  0.00041  -1.93685     False
    bar1300  reclasso       2000               500 all bars deck period  1116 2020-01-03           0.16656       0.16692 -0.00035  -0.21122 -0.00558  0.00496  -0.16424     False
    bar1300  reclasso       2000               500    13:00      common  1560 2018-04-13           0.17669       0.18078 -0.00410  -2.26550 -0.00868  0.00041  -1.93685     False
    bar1300  reclasso       2000               500    13:00 deck period  1116 2020-01-03           0.16656       0.16692 -0.00035  -0.21122 -0.00558  0.00496  -0.16424     False
    bar1300  reclasso       2000              2000 all bars      common  1560 2018-04-13           0.17669       0.18394 -0.00725  -3.94162 -0.01040 -0.00359  -3.62180      True
    bar1300  reclasso       2000              2000 all bars deck period  1116 2020-01-03           0.16656       0.17232 -0.00575  -3.33939 -0.00942 -0.00145  -2.43565      True
    bar1300  reclasso       2000              2000    13:00      common  1560 2018-04-13           0.17669       0.18394 -0.00725  -3.94162 -0.01040 -0.00359  -3.62180      True
    bar1300  reclasso       2000              2000    13:00 deck period  1116 2020-01-03           0.16656       0.17232 -0.00575  -3.33939 -0.00942 -0.00145  -2.43565      True
    bar1330  reclasso        500               500 all bars      common  2999 2012-05-31           0.16456       0.17021 -0.00565  -3.32003 -0.00962 -0.00125  -2.71711      True
    bar1330  reclasso        500               500 all bars deck period  1088 2020-01-03           0.16948       0.17205 -0.00256  -1.48971 -0.00992  0.00465  -0.72014     False
    bar1330  reclasso        500               500    13:30      common  2999 2012-05-31           0.16456       0.17021 -0.00565  -3.32003 -0.00962 -0.00125  -2.71711      True
    bar1330  reclasso        500               500    13:30 deck period  1088 2020-01-03           0.16948       0.17205 -0.00256  -1.48971 -0.00992  0.00465  -0.72014     False
    bar1330  reclasso       2000               500 all bars      common  1499 2018-05-17           0.17533       0.18299 -0.00767  -4.19044 -0.01206 -0.00329  -3.56122      True
    bar1330  reclasso       2000               500 all bars deck period  1088 2020-01-03           0.16766       0.17205 -0.00439  -2.55135 -0.00967  0.00042  -1.76503     False
    bar1330  reclasso       2000               500    13:30      common  1499 2018-05-17           0.17533       0.18299 -0.00767  -4.19044 -0.01206 -0.00329  -3.56122      True
    bar1330  reclasso       2000               500    13:30 deck period  1088 2020-01-03           0.16766       0.17205 -0.00439  -2.55135 -0.00967  0.00042  -1.76503     False
    bar1330  reclasso       2000              2000 all bars      common  1499 2018-05-17           0.17533       0.18448 -0.00916  -4.96264 -0.01333 -0.00558  -4.82085      True
    bar1330  reclasso       2000              2000 all bars deck period  1088 2020-01-03           0.16766       0.17539 -0.00773  -4.40692 -0.01293 -0.00317  -3.36984      True
    bar1330  reclasso       2000              2000    13:30      common  1499 2018-05-17           0.17533       0.18448 -0.00916  -4.96264 -0.01333 -0.00558  -4.82085      True
    bar1330  reclasso       2000              2000    13:30 deck period  1088 2020-01-03           0.16766       0.17539 -0.00773  -4.40692 -0.01293 -0.00317  -3.36984      True
    bar1400  reclasso        500               500 all bars      common  2987 2012-06-13           0.15593       0.15674 -0.00082  -0.52186 -0.00619  0.00601  -0.27956     False
    bar1400  reclasso        500               500 all bars deck period  1088 2020-01-03           0.17841       0.17362  0.00479   2.76059 -0.00888  0.02313   0.71383     False
    bar1400  reclasso        500               500    14:00      common  2987 2012-06-13           0.15593       0.15674 -0.00082  -0.52186 -0.00619  0.00601  -0.27956     False
    bar1400  reclasso        500               500    14:00 deck period  1088 2020-01-03           0.17841       0.17362  0.00479   2.76059 -0.00888  0.02313   0.71383     False
    bar1400  reclasso       2000               500 all bars      common  1487 2018-06-01           0.17738       0.18078 -0.00340  -1.88063 -0.00903  0.00211  -1.23750     False
    bar1400  reclasso       2000               500 all bars deck period  1088 2020-01-03           0.17484       0.17362  0.00122   0.70386 -0.00603  0.00800   0.37039     False
    bar1400  reclasso       2000               500    14:00      common  1487 2018-06-01           0.17738       0.18078 -0.00340  -1.88063 -0.00903  0.00211  -1.23750     False
    bar1400  reclasso       2000               500    14:00 deck period  1088 2020-01-03           0.17484       0.17362  0.00122   0.70386 -0.00603  0.00800   0.37039     False
    bar1400  reclasso       2000              2000 all bars      common  1487 2018-06-01           0.17738       0.18474 -0.00736  -3.98329 -0.01200 -0.00281  -3.26498      True
    bar1400  reclasso       2000              2000 all bars deck period  1088 2020-01-03           0.17484       0.17979 -0.00495  -2.75158 -0.01058  0.00064  -1.87170     False
    bar1400  reclasso       2000              2000    14:00      common  1487 2018-06-01           0.17738       0.18474 -0.00736  -3.98329 -0.01200 -0.00281  -3.26498      True
    bar1400  reclasso       2000              2000    14:00 deck period  1088 2020-01-03           0.17484       0.17979 -0.00495  -2.75158 -0.01058  0.00064  -1.87170     False
    bar1430  reclasso        500               500 all bars      common  2979 2012-06-20           0.25515       0.30650 -0.05135 -16.75343 -0.06504 -0.03900  -7.53738      True
    bar1430  reclasso        500               500 all bars deck period  1087 2020-01-03           0.27503       0.34316 -0.06813 -19.85354 -0.10084 -0.04073  -4.28293      True
    bar1430  reclasso        500               500    14:30      common  2979 2012-06-20           0.25515       0.30650 -0.05135 -16.75343 -0.06504 -0.03900  -7.53738      True
    bar1430  reclasso        500               500    14:30 deck period  1087 2020-01-03           0.27503       0.34316 -0.06813 -19.85354 -0.10084 -0.04073  -4.28293      True
    bar1430  reclasso       2000               500 all bars      common  1479 2018-06-11           0.27070       0.32635 -0.05565 -17.05315 -0.07799 -0.03590  -4.79676      True
    bar1430  reclasso       2000               500 all bars deck period  1087 2020-01-03           0.27975       0.34316 -0.06341 -18.47765 -0.09311 -0.03774  -4.16678      True
    bar1430  reclasso       2000               500    14:30      common  1479 2018-06-11           0.27070       0.32635 -0.05565 -17.05315 -0.07799 -0.03590  -4.79676      True
    bar1430  reclasso       2000               500    14:30 deck period  1087 2020-01-03           0.27975       0.34316 -0.06341 -18.47765 -0.09311 -0.03774  -4.16678      True
    bar1430  reclasso       2000              2000 all bars      common  1479 2018-06-11           0.27070       0.32168 -0.05098 -15.84682 -0.06809 -0.03464  -5.99379      True
    bar1430  reclasso       2000              2000 all bars deck period  1087 2020-01-03           0.27975       0.33844 -0.05868 -17.33954 -0.08044 -0.03949  -5.52288      True
    bar1430  reclasso       2000              2000    14:30      common  1479 2018-06-11           0.27070       0.32168 -0.05098 -15.84682 -0.06809 -0.03464  -5.99379      True
    bar1430  reclasso       2000              2000    14:30 deck period  1087 2020-01-03           0.27975       0.33844 -0.05868 -17.33954 -0.08044 -0.03949  -5.52288      True
    bar1500  reclasso        500               500 all bars      common  2977 2012-06-21           0.16083       0.17563 -0.01480  -8.42939 -0.02069 -0.00809  -4.65146      True
    bar1500  reclasso        500               500 all bars deck period  1087 2020-01-03           0.18677       0.20314 -0.01638  -8.06198 -0.02985 -0.00068  -2.21498      True
    bar1500  reclasso        500               500    15:00      common  2977 2012-06-21           0.16083       0.17563 -0.01480  -8.42939 -0.02069 -0.00809  -4.65146      True
    bar1500  reclasso        500               500    15:00 deck period  1087 2020-01-03           0.18677       0.20314 -0.01638  -8.06198 -0.02985 -0.00068  -2.21498      True
    bar1500  reclasso       2000               500 all bars      common  1477 2018-06-13           0.21037       0.22211 -0.01174  -5.28538 -0.01958 -0.00326  -2.70995      True
    bar1500  reclasso       2000               500 all bars deck period  1087 2020-01-03           0.19539       0.20314 -0.00775  -3.81559 -0.01603  0.00145  -1.64937     False
    bar1500  reclasso       2000               500    15:00      common  1477 2018-06-13           0.21037       0.22211 -0.01174  -5.28538 -0.01958 -0.00326  -2.70995      True
    bar1500  reclasso       2000               500    15:00 deck period  1087 2020-01-03           0.19539       0.20314 -0.00775  -3.81559 -0.01603  0.00145  -1.64937     False
    bar1500  reclasso       2000              2000 all bars      common  1477 2018-06-13           0.21037       0.22944 -0.01907  -8.31250 -0.02573 -0.01121  -5.13146      True
    bar1500  reclasso       2000              2000 all bars deck period  1087 2020-01-03           0.19539       0.21520 -0.01981  -9.20445 -0.02736 -0.01062  -4.58638      True
    bar1500  reclasso       2000              2000    15:00      common  1477 2018-06-13           0.21037       0.22944 -0.01907  -8.31250 -0.02573 -0.01121  -5.13146      True
    bar1500  reclasso       2000              2000    15:00 deck period  1087 2020-01-03           0.19539       0.21520 -0.01981  -9.20445 -0.02736 -0.01062  -4.58638      True
    bar1530  reclasso        500               500 all bars      common  2975 2012-06-25           0.12487       0.13015 -0.00527  -4.05240 -0.00940 -0.00122  -2.71207      True
    bar1530  reclasso        500               500 all bars deck period  1087 2020-01-03           0.13049       0.12997  0.00051   0.39544 -0.00564  0.00677   0.17373     False
    bar1530  reclasso        500               500    15:30      common  2975 2012-06-25           0.12487       0.13015 -0.00527  -4.05240 -0.00940 -0.00122  -2.71207      True
    bar1530  reclasso        500               500    15:30 deck period  1087 2020-01-03           0.13049       0.12997  0.00051   0.39544 -0.00564  0.00677   0.17373     False
    bar1530  reclasso       2000               500 all bars      common  1475 2018-06-15           0.12967       0.13867 -0.00899  -6.48624 -0.01510 -0.00301  -2.97609      True
    bar1530  reclasso       2000               500 all bars deck period  1087 2020-01-03           0.12471       0.12997 -0.00526  -4.04654 -0.01167  0.00119  -1.63045     False
    bar1530  reclasso       2000               500    15:30      common  1475 2018-06-15           0.12967       0.13867 -0.00899  -6.48624 -0.01510 -0.00301  -2.97609      True
    bar1530  reclasso       2000               500    15:30 deck period  1087 2020-01-03           0.12471       0.12997 -0.00526  -4.04654 -0.01167  0.00119  -1.63045     False
    bar1530  reclasso       2000              2000 all bars      common  1475 2018-06-15           0.12967       0.14083 -0.01116  -7.92329 -0.01543 -0.00704  -4.94371      True
    bar1530  reclasso       2000              2000 all bars deck period  1087 2020-01-03           0.12471       0.13486 -0.01015  -7.52595 -0.01470 -0.00583  -4.48090      True
    bar1530  reclasso       2000              2000    15:30      common  1475 2018-06-15           0.12967       0.14083 -0.01116  -7.92329 -0.01543 -0.00704  -4.94371      True
    bar1530  reclasso       2000              2000    15:30 deck period  1087 2020-01-03           0.12471       0.13486 -0.01015  -7.52595 -0.01470 -0.00583  -4.48090      True
    bar1600  reclasso        500               500 all bars      common  2969 2012-07-03           0.11979       0.12661 -0.00683  -5.39096 -0.01076 -0.00324  -3.75442      True
    bar1600  reclasso        500               500 all bars deck period  1087 2020-01-03           0.10880       0.11344 -0.00464  -4.09297 -0.01203  0.00116  -1.47955     False
    bar1600  reclasso        500               500    16:00      common  2969 2012-07-03           0.11979       0.12661 -0.00683  -5.39096 -0.01076 -0.00324  -3.75442      True
    bar1600  reclasso        500               500    16:00 deck period  1087 2020-01-03           0.10880       0.11344 -0.00464  -4.09297 -0.01203  0.00116  -1.47955     False
    bar1600  reclasso       2000               500 all bars      common  1469 2018-06-25           0.11490       0.12878 -0.01388 -10.78038 -0.02078 -0.00817  -4.62696      True
    bar1600  reclasso       2000               500 all bars deck period  1087 2020-01-03           0.10158       0.11344 -0.01186 -10.45288 -0.01862 -0.00606  -3.73928      True
    bar1600  reclasso       2000               500    16:00      common  1469 2018-06-25           0.11490       0.12878 -0.01388 -10.78038 -0.02078 -0.00817  -4.62696      True
    bar1600  reclasso       2000               500    16:00 deck period  1087 2020-01-03           0.10158       0.11344 -0.01186 -10.45288 -0.01862 -0.00606  -3.73928      True
    bar1600  reclasso       2000              2000 all bars      common  1469 2018-06-25           0.11490       0.13028 -0.01539 -11.80987 -0.02090 -0.01041  -6.11227      True
    bar1600  reclasso       2000              2000 all bars deck period  1087 2020-01-03           0.10158       0.11592 -0.01433 -12.36517 -0.01950 -0.00940  -5.54164      True
    bar1600  reclasso       2000              2000    16:00      common  1469 2018-06-25           0.11490       0.13028 -0.01539 -11.80987 -0.02090 -0.01041  -6.11227      True
    bar1600  reclasso       2000              2000    16:00 deck period  1087 2020-01-03           0.10158       0.11592 -0.01433 -12.36517 -0.01950 -0.00940  -5.54164      True
  blk_close  reclasso        500               500 all bars      common  9069 2006-04-10           0.11826       0.12399 -0.00573  -4.62241 -0.00853 -0.00308  -4.39532      True
  blk_close  reclasso        500               500 all bars deck period  2174 2020-01-03           0.12092       0.12171 -0.00078  -0.64426 -0.00492  0.00333  -0.37679     False
  blk_close  reclasso        500               500    15:30      common  4535 2006-04-10           0.12373       0.12635 -0.00262  -2.07151 -0.00609  0.00098  -1.46614     False
  blk_close  reclasso        500               500    15:30 deck period  1087 2020-01-03           0.13247       0.12997  0.00250   1.92053 -0.00390  0.00951   0.74585     False
  blk_close  reclasso        500               500    16:00      common  4534 2006-04-10           0.11278       0.12163 -0.00885  -7.27285 -0.01260 -0.00520  -4.97534      True
  blk_close  reclasso        500               500    16:00 deck period  1087 2020-01-03           0.10938       0.11344 -0.00406  -3.58280 -0.00926  0.00105  -1.71516     False
  blk_close  reclasso       2000               500 all bars      common  6069 2012-03-29           0.11759       0.12839 -0.01080  -8.41391 -0.01405 -0.00748  -7.71506      True
  blk_close  reclasso       2000               500 all bars deck period  2174 2020-01-03           0.11382       0.12171 -0.00789  -6.48200 -0.01215 -0.00339  -3.83081      True
  blk_close  reclasso       2000               500    15:30      common  3034 2012-03-30           0.12260       0.13072 -0.00812  -6.20957 -0.01207 -0.00419  -4.32337      True
  blk_close  reclasso       2000               500    15:30 deck period  1087 2020-01-03           0.12586       0.12997 -0.00411  -3.16563 -0.00940  0.00156  -1.49454     False
  blk_close  reclasso       2000               500    16:00      common  3035 2012-03-29           0.11258       0.12607 -0.01349 -10.69879 -0.01748 -0.00963  -7.29925      True
  blk_close  reclasso       2000               500    16:00 deck period  1087 2020-01-03           0.10178       0.11344 -0.01166 -10.28164 -0.01808 -0.00568  -3.79799      True
  blk_close  reclasso       2000              2000 all bars      common  6069 2012-03-29           0.11759       0.12950 -0.01191  -9.19622 -0.01442 -0.00942  -9.94584      True
  blk_close  reclasso       2000              2000 all bars deck period  2174 2020-01-03           0.11382       0.12539 -0.01157  -9.22875 -0.01501 -0.00797  -6.71433      True
  blk_close  reclasso       2000              2000    15:30      common  3034 2012-03-30           0.12260       0.13193 -0.00933  -7.07332 -0.01238 -0.00616  -6.10325      True
  blk_close  reclasso       2000              2000    15:30 deck period  1087 2020-01-03           0.12586       0.13486 -0.00900  -6.67698 -0.01418 -0.00353  -3.64640      True
  blk_close  reclasso       2000              2000    16:00      common  3035 2012-03-29           0.11258       0.12706 -0.01448 -11.39971 -0.01748 -0.01139  -9.29446      True
  blk_close  reclasso       2000              2000    16:00 deck period  1087 2020-01-03           0.10178       0.11592 -0.01414 -12.19760 -0.01857 -0.00959  -5.85998      True
   blk_core  reclasso        500               500 all bars      common 40156 2001-10-11           0.12731       0.13453 -0.00721  -5.36146 -0.00914 -0.00642 -14.75201      True
   blk_core  reclasso        500               500 all bars deck period  7756 2020-01-03           0.14794       0.15501 -0.00707  -4.56075 -0.01273 -0.00399  -4.73770      True
   blk_core  reclasso        500               500    11:00      common  5797 2001-10-11           0.11198       0.11750 -0.00552  -4.69814 -0.00749 -0.00350  -5.50743      True
   blk_core  reclasso        500               500    11:00 deck period  1116 2020-01-03           0.13953       0.14567 -0.00614  -4.21665 -0.01235  0.00089  -1.79675     False
   blk_core  reclasso        500               500    11:30      common  5799 2001-10-11           0.11737       0.12304 -0.00567  -4.61014 -0.00762 -0.00376  -5.96402      True
   blk_core  reclasso        500               500    11:30 deck period  1116 2020-01-03           0.13537       0.14178 -0.00641  -4.52148 -0.01181 -0.00096  -2.47401      True
   blk_core  reclasso        500               500    12:00      common  5738 2001-10-11           0.11966       0.12702 -0.00736  -5.79447 -0.00929 -0.00542  -7.70096      True
   blk_core  reclasso        500               500    12:00 deck period  1116 2020-01-03           0.12568       0.13662 -0.01095  -8.01344 -0.01638 -0.00518  -4.15484      True
   blk_core  reclasso        500               500    12:30      common  5738 2001-10-11           0.13426       0.14278 -0.00853  -5.97105 -0.01055 -0.00645  -8.51867      True
   blk_core  reclasso        500               500    12:30 deck period  1116 2020-01-03           0.13820       0.14933 -0.01113  -7.45059 -0.01633 -0.00618  -4.34315      True
   blk_core  reclasso        500               500    13:00      common  5738 2001-10-11           0.13563       0.14352 -0.00789  -5.49847 -0.01022 -0.00552  -6.90838      True
   blk_core  reclasso        500               500    13:00 deck period  1116 2020-01-03           0.16074       0.16692 -0.00618  -3.70201 -0.01351  0.00127  -1.80047     False
   blk_core  reclasso        500               500    13:30      common  5677 2001-10-11           0.14100       0.14889 -0.00789  -5.29899 -0.01054 -0.00496  -6.02054      True
   blk_core  reclasso        500               500    13:30 deck period  1088 2020-01-03           0.16902       0.17205 -0.00302  -1.75821 -0.01116  0.00538  -0.84725     False
   blk_core  reclasso        500               500    14:00      common  5669 2001-10-11           0.13176       0.13943 -0.00767  -5.50417 -0.01024 -0.00507  -6.07396      True
   blk_core  reclasso        500               500    14:00 deck period  1088 2020-01-03           0.16810       0.17362 -0.00552  -3.17736 -0.01260  0.00210  -1.50663     False
   blk_core  reclasso       2000               500 all bars      common 29656 2007-09-19           0.13375       0.13923 -0.00549  -3.94091 -0.00772 -0.00408 -10.07218      True
   blk_core  reclasso       2000               500 all bars deck period  7756 2020-01-03           0.15203       0.15501 -0.00298  -1.92481 -0.00762  0.00162  -2.75562     False
   blk_core  reclasso       2000               500    11:00      common  4282 2007-09-20           0.11789       0.12237 -0.00448  -3.66153 -0.00660 -0.00247  -4.28642      True
   blk_core  reclasso       2000               500    11:00 deck period  1116 2020-01-03           0.14287       0.14567 -0.00280  -1.92176 -0.00670  0.00117  -1.50595     False
   blk_core  reclasso       2000               500    11:30      common  4282 2007-09-20           0.12378       0.12808 -0.00430  -3.35349 -0.00650 -0.00193  -3.87164      True
   blk_core  reclasso       2000               500    11:30 deck period  1116 2020-01-03           0.13730       0.14178 -0.00448  -3.16068 -0.00964  0.00048  -2.16383     False
   blk_core  reclasso       2000               500    12:00      common  4243 2007-09-20           0.12570       0.12945 -0.00375  -2.89479 -0.00645 -0.00118  -2.91680      True
   blk_core  reclasso       2000               500    12:00 deck period  1116 2020-01-03           0.13290       0.13662 -0.00372  -2.72190 -0.00913  0.00169  -1.73528     False
   blk_core  reclasso       2000               500    12:30      common  4244 2007-09-19           0.13483       0.13971 -0.00488  -3.49276 -0.00726 -0.00243  -4.35306      True
   blk_core  reclasso       2000               500    12:30 deck period  1116 2020-01-03           0.14834       0.14933 -0.00099  -0.66426 -0.00551  0.00385  -0.48758     False
   blk_core  reclasso       2000               500    13:00      common  4244 2007-09-19           0.14620       0.15364 -0.00744  -4.84009 -0.01005 -0.00494  -6.28688      True
   blk_core  reclasso       2000               500    13:00 deck period  1116 2020-01-03           0.16250       0.16692 -0.00441  -2.64346 -0.01030  0.00231  -1.79499     False
   blk_core  reclasso       2000               500    13:30      common  4183 2007-09-19           0.15076       0.15680 -0.00604  -3.85005 -0.00883 -0.00296  -4.46581      True
   blk_core  reclasso       2000               500    13:30 deck period  1088 2020-01-03           0.17123       0.17205 -0.00082  -0.47643 -0.00705  0.00639  -0.29606     False
   blk_core  reclasso       2000               500    14:00      common  4178 2007-09-19           0.13759       0.14518 -0.00759  -5.23040 -0.01044 -0.00471  -5.83079      True
   blk_core  reclasso       2000               500    14:00 deck period  1088 2020-01-03           0.17000       0.17362 -0.00362  -2.08745 -0.01053  0.00396  -1.14588     False
   blk_core  reclasso       2000              2000 all bars      common 29195 2007-12-21           0.13416       0.14161 -0.00745  -5.25833 -0.00928 -0.00662 -15.22848      True
   blk_core  reclasso       2000              2000 all bars deck period  7756 2020-01-03           0.15203       0.16119 -0.00916  -5.68072 -0.01293 -0.00652  -8.88240      True
   blk_core  reclasso       2000              2000    11:00      common  4216 2007-12-21           0.11831       0.12370 -0.00539  -4.36028 -0.00720 -0.00355  -5.96598      True
   blk_core  reclasso       2000              2000    11:00 deck period  1116 2020-01-03           0.14287       0.15059 -0.00773  -5.13001 -0.01096 -0.00431  -4.65034      True
   blk_core  reclasso       2000              2000    11:30      common  4216 2007-12-21           0.12392       0.13008 -0.00616  -4.73625 -0.00813 -0.00412  -6.62854      True
   blk_core  reclasso       2000              2000    11:30 deck period  1116 2020-01-03           0.13730       0.14832 -0.01102  -7.42770 -0.01471 -0.00721  -6.52673      True
   blk_core  reclasso       2000              2000    12:00      common  4178 2007-12-21           0.12597       0.13296 -0.00698  -5.25230 -0.00913 -0.00478  -6.47250      True
   blk_core  reclasso       2000              2000    12:00 deck period  1116 2020-01-03           0.13290       0.14378 -0.01088  -7.56420 -0.01399 -0.00738  -6.82129      True
   blk_core  reclasso       2000              2000    12:30      common  4178 2007-12-21           0.13557       0.14369 -0.00812  -5.64928 -0.01026 -0.00601  -7.59577      True
   blk_core  reclasso       2000              2000    12:30 deck period  1116 2020-01-03           0.14834       0.15894 -0.01060  -6.67015 -0.01387 -0.00715  -6.27019      True
   blk_core  reclasso       2000              2000    13:00      common  4178 2007-12-21           0.14614       0.15459 -0.00846  -5.46987 -0.01055 -0.00621  -7.62030      True
   blk_core  reclasso       2000              2000    13:00 deck period  1116 2020-01-03           0.16250       0.17232 -0.00981  -5.69540 -0.01464 -0.00461  -3.66288      True
   blk_core  reclasso       2000              2000    13:30      common  4117 2007-12-21           0.15116       0.15778 -0.00662  -4.19740 -0.00917 -0.00393  -5.54931      True
   blk_core  reclasso       2000              2000    13:30 deck period  1088 2020-01-03           0.17123       0.17539 -0.00416  -2.37151 -0.01009  0.00225  -1.63280     False
   blk_core  reclasso       2000              2000    14:00      common  4112 2007-12-21           0.13860       0.14906 -0.01045  -7.01358 -0.01277 -0.00808  -9.27871      True
   blk_core  reclasso       2000              2000    14:00 deck period  1088 2020-01-03           0.17000       0.17979 -0.00979  -5.44711 -0.01528 -0.00369  -3.74780      True
   blk_open  reclasso        500               500 all bars      common  9363 2006-03-02           0.12490       0.12997 -0.00507  -3.89885 -0.00696 -0.00313  -4.87035      True
   blk_open  reclasso        500               500 all bars deck period  2232 2020-01-03           0.13536       0.13747 -0.00211  -1.53455 -0.00604  0.00189  -0.97850     False
   blk_open  reclasso        500               500    10:00      common  4681 2006-03-03           0.10464       0.11305 -0.00840  -7.43427 -0.01085 -0.00582  -6.25011      True
   blk_open  reclasso        500               500    10:00 deck period  1116 2020-01-03           0.11211       0.11761 -0.00550  -4.67258 -0.01084 -0.00026  -2.03633      True
   blk_open  reclasso        500               500    10:30      common  4682 2006-03-02           0.14516       0.14689 -0.00173  -1.17860 -0.00424  0.00082  -1.29060     False
   blk_open  reclasso        500               500    10:30 deck period  1116 2020-01-03           0.15860       0.15732  0.00128   0.81138 -0.00362  0.00590   0.46594     False
   blk_open  reclasso       2000               500 all bars      common  6363 2011-12-23           0.12483       0.13325 -0.00843  -6.32432 -0.01082 -0.00589  -5.79707      True
   blk_open  reclasso       2000               500 all bars deck period  2232 2020-01-03           0.13065       0.13747 -0.00681  -4.95462 -0.01200 -0.00159  -2.48372      True
   blk_open  reclasso       2000               500    10:00      common  3181 2011-12-27           0.10418       0.11769 -0.01351 -11.47895 -0.01683 -0.01028  -7.75149      True
   blk_open  reclasso       2000               500    10:00 deck period  1116 2020-01-03           0.10827       0.11761 -0.00934  -7.94190 -0.01583 -0.00265  -2.87151      True
   blk_open  reclasso       2000               500    10:30      common  3182 2011-12-23           0.14547       0.14881 -0.00335  -2.24912 -0.00674  0.00006  -1.75786     False
   blk_open  reclasso       2000               500    10:30 deck period  1116 2020-01-03           0.15304       0.15732 -0.00428  -2.72138 -0.01179  0.00176  -1.14571     False
   blk_open  reclasso       2000              2000 all bars      common  6363 2011-12-23           0.12483       0.13163 -0.00680  -5.16923 -0.00896 -0.00447  -5.46027      True
   blk_open  reclasso       2000              2000 all bars deck period  2232 2020-01-03           0.13065       0.13855 -0.00790  -5.70099 -0.01233 -0.00373  -3.66407      True
   blk_open  reclasso       2000              2000    10:00      common  3181 2011-12-27           0.10418       0.11508 -0.01090  -9.47460 -0.01359 -0.00828  -7.49940      True
   blk_open  reclasso       2000              2000    10:00 deck period  1116 2020-01-03           0.10827       0.11867 -0.01040  -8.76438 -0.01572 -0.00526  -3.96793      True
   blk_open  reclasso       2000              2000    10:30      common  3182 2011-12-23           0.14547       0.14817 -0.00271  -1.82641 -0.00553  0.00022  -1.79200     False
   blk_open  reclasso       2000              2000    10:30 deck period  1116 2020-01-03           0.15304       0.15844 -0.00540  -3.40649 -0.00967 -0.00115  -2.42176      True
blk_release  reclasso        500               500 all bars      common  9081 2006-04-04           0.20561       0.22425 -0.01864  -8.31008 -0.02403 -0.01377  -7.35662      True
blk_release  reclasso        500               500 all bars deck period  2174 2020-01-03           0.23777       0.27315 -0.03538 -12.95239 -0.04948 -0.02278  -4.84067      True
blk_release  reclasso        500               500    14:30      common  4541 2006-04-05           0.24933       0.28422 -0.03489 -12.27699 -0.04314 -0.02652  -8.43953      True
blk_release  reclasso        500               500    14:30 deck period  1087 2020-01-03           0.28378       0.34316 -0.05939 -17.30603 -0.08246 -0.03996  -5.09987      True
blk_release  reclasso        500               500    15:00      common  4540 2006-04-04           0.16188       0.16426 -0.00237  -1.44448 -0.00685  0.00208  -1.07927     False
blk_release  reclasso        500               500    15:00 deck period  1087 2020-01-03           0.19177       0.20314 -0.01137  -5.59796 -0.02161 -0.00047  -2.22241      True
blk_release  reclasso       2000               500 all bars      common  6081 2012-03-22           0.22290       0.23906 -0.01617  -6.76341 -0.02135 -0.01087  -5.72059      True
blk_release  reclasso       2000               500 all bars deck period  2174 2020-01-03           0.25349       0.27315 -0.01966  -7.19804 -0.03157 -0.00787  -3.17197      True
blk_release  reclasso       2000               500    14:30      common  3041 2012-03-22           0.26473       0.30401 -0.03928 -12.91933 -0.04794 -0.03081  -8.89579      True
blk_release  reclasso       2000               500    14:30 deck period  1087 2020-01-03           0.29297       0.34316 -0.05020 -14.62744 -0.07090 -0.03257  -5.05543      True
blk_release  reclasso       2000               500    15:00      common  3040 2012-03-22           0.18104       0.17410  0.00695   3.98964  0.00201  0.01213   2.62520     False
blk_release  reclasso       2000               500    15:00 deck period  1087 2020-01-03           0.21402       0.20314  0.01087   5.35214 -0.00001  0.02227   1.98563     False
blk_release  reclasso       2000              2000 all bars      common  6081 2012-03-22           0.22290       0.23985 -0.01696  -7.06907 -0.02175 -0.01233  -7.54405      True
blk_release  reclasso       2000              2000 all bars deck period  2174 2020-01-03           0.25349       0.27682 -0.02333  -8.42706 -0.03273 -0.01347  -5.51631      True
blk_release  reclasso       2000              2000    14:30      common  3041 2012-03-22           0.26473       0.30169 -0.03695 -12.24912 -0.04392 -0.03021 -11.01343      True
blk_release  reclasso       2000              2000    14:30 deck period  1087 2020-01-03           0.29297       0.33844 -0.04547 -13.43558 -0.05949 -0.03158  -7.36453      True
blk_release  reclasso       2000              2000    15:00      common  3040 2012-03-22           0.18104       0.17799  0.00305   1.71372 -0.00156  0.00790   1.27253     False
blk_release  reclasso       2000              2000    15:00 deck period  1087 2020-01-03           0.21402       0.21520 -0.00118  -0.55036 -0.01060  0.00923  -0.24486     False

wrote /u/scratch/j/jamesdc1/harxhar-subsection/results/linear_subsection_lassofix/market_vw/subsection_vs_pooled.csv

15:30 sign(s) trade with each arm's forecast (deck ridge: 1.338 mid / 0.870 crossed)
  segment estimator  train_win  deck_days  pct_buy  Sharpe_mid  Sharpe_crossed  ridge_Sharpe_mid_same_days
  bar1600  reclasso        500        866  38.7991      1.3055          0.8391                      1.3383
  bar1600  reclasso       2000        866  37.1824      1.7514          1.2842                      1.3383
blk_close  reclasso        500        866  35.2194      1.1394          0.6695                      1.3383
blk_close  reclasso       2000        866  37.6443      1.6480          1.1798                      1.3383
     none  reclasso        500        866  32.5635      1.2730          0.7997                      1.3383
     none  reclasso       2000        866  39.7229      1.4687          1.0001                      1.3383
