C:\Users\james\miniconda3\envs\285J\Lib\site-packages\sklearn\utils\validation.py:2827: UserWarning: X does not have valid feature names, but LGBMRegressor was fitted with feature names
  warnings.warn(
C:\Users\james\miniconda3\envs\285J\Lib\site-packages\sklearn\utils\validation.py:2827: UserWarning: X does not have valid feature names, but LGBMRegressor was fitted with feature names
  warnings.warn(
C:\Users\james\miniconda3\envs\285J\Lib\site-packages\sklearn\utils\validation.py:2827: UserWarning: X does not have valid feature names, but LGBMRegressor was fitted with feature names
  warnings.warn(
C:\Users\james\miniconda3\envs\285J\Lib\site-packages\sklearn\utils\validation.py:2827: UserWarning: X does not have valid feature names, but LGBMRegressor was fitted with feature names
  warnings.warn(
C:\Users\james\miniconda3\envs\285J\Lib\site-packages\sklearn\utils\validation.py:2827: UserWarning: X does not have valid feature names, but LGBMRegressor was fitted with feature names
  warnings.warn(
C:\Users\james\miniconda3\envs\285J\Lib\site-packages\sklearn\utils\validation.py:2827: UserWarning: X does not have valid feature names, but LGBMRegressor was fitted with feature names
  warnings.warn(
C:\Users\james\miniconda3\envs\285J\Lib\site-packages\sklearn\utils\validation.py:2827: UserWarning: X does not have valid feature names, but LGBMRegressor was fitted with feature names
  warnings.warn(
C:\Users\james\miniconda3\envs\285J\Lib\site-packages\sklearn\utils\validation.py:2827: UserWarning: X does not have valid feature names, but LGBMRegressor was fitted with feature names
  warnings.warn(
C:\Users\james\miniconda3\envs\285J\Lib\site-packages\sklearn\utils\validation.py:2827: UserWarning: X does not have valid feature names, but LGBMRegressor was fitted with feature names
  warnings.warn(
C:\Users\james\miniconda3\envs\285J\Lib\site-packages\sklearn\utils\validation.py:2827: UserWarning: X does not have valid feature names, but LGBMRegressor was fitted with feature names
  warnings.warn(
[pbt] lgbm_cad     qlike=0.255402 mz=0.843 | vs cad: diff=+0.08375 p=0.0000 (488s)
[pbt] xgb_cad      qlike=0.280199 mz=0.733 | vs cad: diff=+0.10855 p=0.0000 (791s)
C:\Users\james\miniconda3\envs\285J\Lib\site-packages\sklearn\utils\validation.py:2827: UserWarning: X does not have valid feature names, but LGBMRegressor was fitted with feature names
  warnings.warn(
C:\Users\james\miniconda3\envs\285J\Lib\site-packages\sklearn\utils\validation.py:2827: UserWarning: X does not have valid feature names, but LGBMRegressor was fitted with feature names
  warnings.warn(
C:\Users\james\miniconda3\envs\285J\Lib\site-packages\sklearn\utils\validation.py:2827: UserWarning: X does not have valid feature names, but LGBMRegressor was fitted with feature names
  warnings.warn(
C:\Users\james\miniconda3\envs\285J\Lib\site-packages\sklearn\utils\validation.py:2827: UserWarning: X does not have valid feature names, but LGBMRegressor was fitted with feature names
  warnings.warn(
C:\Users\james\miniconda3\envs\285J\Lib\site-packages\sklearn\utils\validation.py:2827: UserWarning: X does not have valid feature names, but LGBMRegressor was fitted with feature names
  warnings.warn(
C:\Users\james\miniconda3\envs\285J\Lib\site-packages\sklearn\utils\validation.py:2827: UserWarning: X does not have valid feature names, but LGBMRegressor was fitted with feature names
  warnings.warn(
C:\Users\james\miniconda3\envs\285J\Lib\site-packages\sklearn\utils\validation.py:2827: UserWarning: X does not have valid feature names, but LGBMRegressor was fitted with feature names
  warnings.warn(
C:\Users\james\miniconda3\envs\285J\Lib\site-packages\sklearn\utils\validation.py:2827: UserWarning: X does not have valid feature names, but LGBMRegressor was fitted with feature names
  warnings.warn(
C:\Users\james\miniconda3\envs\285J\Lib\site-packages\sklearn\utils\validation.py:2827: UserWarning: X does not have valid feature names, but LGBMRegressor was fitted with feature names
  warnings.warn(
C:\Users\james\miniconda3\envs\285J\Lib\site-packages\sklearn\utils\validation.py:2827: UserWarning: X does not have valid feature names, but LGBMRegressor was fitted with feature names
  warnings.warn(
[pbt] lgbm_resid   qlike=0.174730 mz=0.915 | vs dp: diff=+0.00959 p=0.0003 (437s)
[pbt] xgb_resid    qlike=0.174866 mz=0.930 | vs dp: diff=+0.00972 p=0.0003 (609s)
[pbt] DONE
