This is pdfTeX, Version 3.141592653-2.6-1.40.25 (MiKTeX 23.9) (preloaded format=pdflatex.fmt)
 restricted \write18 enabled.
entering extended mode
(main.tex
LaTeX2e <2023-06-01> patch level 1
L3 programming layer <2023-08-29>
(C:\Users\james\AppData\Local\Programs\MiKTeX\tex/latex/base\article.cls
Document Class: article 2023/05/17 v1.4n Standard LaTeX document class
(C:\Users\james\AppData\Local\Programs\MiKTeX\tex/latex/base\size12.clo))
(C:\Users\james\AppData\Local\Programs\MiKTeX\tex/latex/base\inputenc.sty)
(C:\Users\james\AppData\Local\Programs\MiKTeX\tex/latex/base\fontenc.sty)
(C:\Users\james\AppData\Local\Programs\MiKTeX\tex/latex/amsmath\amsmath.sty
For additional information on amsmath, use the `?' option.
(C:\Users\james\AppData\Local\Programs\MiKTeX\tex/latex/amsmath\amstext.sty
(C:\Users\james\AppData\Local\Programs\MiKTeX\tex/latex/amsmath\amsgen.sty))
(C:\Users\james\AppData\Local\Programs\MiKTeX\tex/latex/amsmath\amsbsy.sty)
(C:\Users\james\AppData\Local\Programs\MiKTeX\tex/latex/amsmath\amsopn.sty))
(C:\Users\james\AppData\Local\Programs\MiKTeX\tex/latex/amsfonts\amssymb.sty
(C:\Users\james\AppData\Local\Programs\MiKTeX\tex/latex/amsfonts\amsfonts.sty))
 (C:\Users\james\AppData\Local\Programs\MiKTeX\tex/latex/graphics\graphicx.sty
(C:\Users\james\AppData\Local\Programs\MiKTeX\tex/latex/graphics\keyval.sty)
(C:\Users\james\AppData\Local\Programs\MiKTeX\tex/latex/graphics\graphics.sty
(C:\Users\james\AppData\Local\Programs\MiKTeX\tex/latex/graphics\trig.sty)
(C:\Users\james\AppData\Local\Programs\MiKTeX\tex/latex/graphics-cfg\graphics.c
fg)
(C:\Users\james\AppData\Local\Programs\MiKTeX\tex/latex/graphics-def\pdftex.def
)))
(C:\Users\james\AppData\Local\Programs\MiKTeX\tex/latex/booktabs\booktabs.sty)
(C:\Users\james\AppData\Local\Programs\MiKTeX\tex/latex/hyperref\hyperref.sty
(C:\Users\james\AppData\Local\Programs\MiKTeX\tex/generic/ltxcmds\ltxcmds.sty)
(C:\Users\james\AppData\Local\Programs\MiKTeX\tex/generic/iftex\iftex.sty)
(C:\Users\james\AppData\Local\Programs\MiKTeX\tex/generic/pdftexcmds\pdftexcmds
.sty
(C:\Users\james\AppData\Local\Programs\MiKTeX\tex/generic/infwarerr\infwarerr.s
ty))
(C:\Users\james\AppData\Local\Programs\MiKTeX\tex/latex/kvsetkeys\kvsetkeys.sty
)
(C:\Users\james\AppData\Local\Programs\MiKTeX\tex/generic/kvdefinekeys\kvdefine
keys.sty)
(C:\Users\james\AppData\Local\Programs\MiKTeX\tex/generic/pdfescape\pdfescape.s
ty) (C:\Users\james\AppData\Local\Programs\MiKTeX\tex/latex/hycolor\hycolor.sty
)
(C:\Users\james\AppData\Local\Programs\MiKTeX\tex/latex/letltxmacro\letltxmacro
.sty)
(C:\Users\james\AppData\Local\Programs\MiKTeX\tex/latex/auxhook\auxhook.sty)
(C:\Users\james\AppData\Local\Programs\MiKTeX\tex/latex/hyperref\nameref.sty
(C:\Users\james\AppData\Local\Programs\MiKTeX\tex/latex/refcount\refcount.sty)
(C:\Users\james\AppData\Local\Programs\MiKTeX\tex/generic/gettitlestring\gettit
lestring.sty
(C:\Users\james\AppData\Local\Programs\MiKTeX\tex/latex/kvoptions\kvoptions.sty
)))
(C:\Users\james\AppData\Local\Programs\MiKTeX\tex/latex/etoolbox\etoolbox.sty)
(C:\Users\james\AppData\Local\Programs\MiKTeX\tex/latex/hyperref\pd1enc.def)
(C:\Users\james\AppData\Local\Programs\MiKTeX\tex/generic/intcalc\intcalc.sty)
(C:\Users\james\AppData\Local\Programs\MiKTeX\tex/latex/hyperref\puenc.def)
(C:\Users\james\AppData\Local\Programs\MiKTeX\tex/latex/url\url.sty)
(C:\Users\james\AppData\Local\Programs\MiKTeX\tex/generic/bitset\bitset.sty
(C:\Users\james\AppData\Local\Programs\MiKTeX\tex/generic/bigintcalc\bigintcalc
.sty))
(C:\Users\james\AppData\Local\Programs\MiKTeX\tex/latex/base\atbegshi-ltx.sty))
(C:\Users\james\AppData\Local\Programs\MiKTeX\tex/latex/hyperref\hpdftex.def
(C:\Users\james\AppData\Local\Programs\MiKTeX\tex/latex/base\atveryend-ltx.sty)

(C:\Users\james\AppData\Local\Programs\MiKTeX\tex/latex/rerunfilecheck\rerunfil
echeck.sty
(C:\Users\james\AppData\Local\Programs\MiKTeX\tex/generic/uniquecounter\uniquec
ounter.sty)))
(C:\Users\james\AppData\Local\Programs\MiKTeX\tex/latex/geometry\geometry.sty
(C:\Users\james\AppData\Local\Programs\MiKTeX\tex/generic/iftex\ifvtex.sty)
(C:\Users\james\AppData\Local\Programs\MiKTeX\tex/latex/geometry\geometry.cfg))
(C:\Users\james\AppData\Local\Programs\MiKTeX\tex/latex/natbib\natbib.sty)
(C:\Users\james\AppData\Local\Programs\MiKTeX\tex/latex/float\float.sty)
(C:\Users\james\AppData\Local\Programs\MiKTeX\tex/latex/caption\subcaption.sty
(C:\Users\james\AppData\Local\Programs\MiKTeX\tex/latex/caption\caption.sty
(C:\Users\james\AppData\Local\Programs\MiKTeX\tex/latex/caption\caption3.sty)))
 (C:\Users\james\AppData\Local\Programs\MiKTeX\tex/latex/multirow\multirow.sty)

(C:\Users\james\AppData\Local\Programs\MiKTeX\tex/latex/l3backend\l3backend-pdf
tex.def) (main.aux)
(C:\Users\james\AppData\Local\Programs\MiKTeX\tex/context/base/mkii\supp-pdf.mk
ii
[Loading MPS to PDF converter (version 2006.09.02).]
)
(C:\Users\james\AppData\Local\Programs\MiKTeX\tex/latex/epstopdf-pkg\epstopdf-b
ase.sty
(C:\Users\james\AppData\Local\Programs\MiKTeX\tex/latex/00miktex\epstopdf-sys.c
fg)) (main.out) (main.out)
*geometry* driver: auto-detecting
*geometry* detected driver: pdftex
(C:\Users\james\AppData\Local\Programs\MiKTeX\tex/latex/amsfonts\umsa.fd)
(C:\Users\james\AppData\Local\Programs\MiKTeX\tex/latex/amsfonts\umsb.fd)
(sections/abstract.tex) (sections/introduction.tex [1{C:/Users/james/AppData/Lo
cal/MiKTeX/fonts/map/pdftex/pdftex.map}] [2])
(sections/descriptive_analysis.tex
(C:\Users\james\AppData\Local\Programs\MiKTeX\tex/latex/base\t1cmtt.fd)
[3]
Underfull \hbox (badness 10000) in paragraph at lines 99--99
[]\T1/cmtt/m/n/12 sumret\T1/cmr/m/n/12 , \T1/cmtt/m/n/12 sumabsret\T1/cmr/m/n/1
2 ,

Underfull \hbox (badness 10000) in paragraph at lines 100--100
[]\T1/cmtt/m/n/12 sumvolume\T1/cmr/m/n/12 , \T1/cmtt/m/n/12 numobs\T1/cmr/m/n/1
2 ,

Underfull \hbox (badness 10000) in paragraph at lines 100--100
\T1/cmtt/m/n/12 turnover_ewstock\T1/cmr/m/n/12 ,

Underfull \hbox (badness 10000) in paragraph at lines 101--101
[]\T1/cmtt/m/n/12 sumret2_ewstock\T1/cmr/m/n/12 ,

Underfull \hbox (badness 10000) in paragraph at lines 102--102
[]\T1/cmtt/m/n/12 sumret2_vwstock\T1/cmr/m/n/12 ,

Underfull \hbox (badness 10000) in paragraph at lines 103--103
[]\T1/cmtt/m/n/12 stocktwits_attention\T1/cmr/m/n/12 ,

Overfull \hbox (45.23802pt too wide) in paragraph at lines 105--105
[]\T1/cmtt/m/n/12 voldemand_spx_open_and_close\T1/cmr/m/n/12 ,

Overfull \hbox (11.10748pt too wide) in paragraph at lines 105--105
\T1/cmtt/m/n/12 voldemand_all_open_only| 

Overfull \hbox (47.46936pt too wide) in paragraph at lines 94--110
 [][] 
[4]
Overfull \hbox (22.77704pt too wide) detected at line 139
[][][][]  []  []  []  []  []  []\OML/cmm/m/it/12 :
[5] [6] [7] [8] [9] [10 <./figures/crash_2008_ridge.png>] [11 <./figures/crash_
2020_ridge.png>]
Overfull \hbox (5.90727pt too wide) in paragraph at lines 465--469
[]\T1/cmr/m/n/12 1969[]], whose in-ter-cept $\OML/cmm/m/it/12 $ \T1/cmr/m/n/12
 and slope $\OML/cmm/m/it/12 ^^L$ \T1/cmr/m/n/12 di-ag-nose un-con-di-tional bi
as and fore-cast over-reactiveness
[12]) (sections/marginal_contribution.tex [13] [14] [15] [16] [17]

Package hyperref Warning: Token not allowed in a PDF string (Unicode):
(hyperref)                removing `math shift' on input line 286.


Package hyperref Warning: Token not allowed in a PDF string (Unicode):
(hyperref)                removing `superscript' on input line 286.


Package hyperref Warning: Token not allowed in a PDF string (Unicode):
(hyperref)                removing `math shift' on input line 286.

[18]
Overfull \hbox (34.12712pt too wide) in paragraph at lines 320--338
 [][] 
[19] [20] [21]) (sections/linear_vs_nonlinear.tex [22]
Overfull \hbox (98.43736pt too wide) in paragraph at lines 102--121
 [][] 
[23] [24] [25] [26] [27] [28] [29] [30]) (sections/algorithm_design.tex
[31] [32] [33] [34] [35] [36] [37] [38] [39] [40]
Overfull \hbox (4.7653pt too wide) in paragraph at lines 565--588
\T1/cmr/m/n/12 chunks and \T1/cmtt/m/n/12 all_features \T1/cmr/m/n/12 blew seve
n, with pooled QLIKE of $\OT1/cmr/m/n/12 1\OML/cmm/m/it/12 :\OT1/cmr/m/n/12 06$
\T1/cmr/m/n/12 --$\OT1/cmr/m/n/12 3\OML/cmm/m/it/12 :\OT1/cmr/m/n/12 11$ \T1/cm
r/m/n/12 and Mincer--Zarnowitz

Overfull \hbox (0.62009pt too wide) in paragraph at lines 565--588
\T1/cmr/m/n/12 slopes be-tween $\OT1/cmr/m/n/12 10[]$ \T1/cmr/m/n/12 and $\OT1/
cmr/m/n/12 10[]$\T1/cmr/m/n/12 , the un-mis-tak-able sig-na-ture of the mech-a-
nism of Sec-tion []5.2.3[].
[41]
Underfull \hbox (badness 10000) in paragraph at lines 609--610
[]\T1/cmr/m/n/10 Rank-one

Underfull \hbox (badness 10000) in paragraph at lines 611--612
\OML/cmm/m/it/10 O\OT1/cmr/m/n/10 (\OML/cmm/m/it/10 Wp[]\OT1/cmr/m/n/10 )$\T1/c
mr/m/n/10 ; Sherman--

Underfull \hbox (badness 10000) in paragraph at lines 611--612
\T1/cmr/m/n/10 Morrison on the

Underfull \hbox (badness 4072) in paragraph at lines 612--613
[]\T1/cmr/m/n/10 Exact to $\OT1/cmr/m/n/10 1\OML/cmm/m/it/10 :\OT1/cmr/m/n/10 8
 \OMS/cmsy/m/n/10 ^^B \OT1/cmr/m/n/10 10[]$ \T1/cmr/m/n/10 vs.

Underfull \hbox (badness 10000) in paragraph at lines 612--613
\T1/cmtt/m/n/10 sklearn\T1/cmr/m/n/10 , $\OT1/cmr/m/n/10 108\OMS/cmsy/m/n/10 ^^
B$ \T1/cmr/m/n/10 faster

Underfull \hbox (badness 3724) in paragraph at lines 612--613
\T1/cmr/m/n/10 ($\OT1/cmr/m/n/10 4\OML/cmm/m/it/10 :\OT1/cmr/m/n/10 589 \OMS/cm
sy/m/n/10 ! \OT1/cmr/m/n/10 0\OML/cmm/m/it/10 :\OT1/cmr/m/n/10 042$ \T1/cmr/m/n
/10 ms/bar).

Underfull \hbox (badness 10000) in paragraph at lines 614--615
[]\T1/cmr/m/n/10 Online enet

Underfull \hbox (badness 1852) in paragraph at lines 615--616
\T1/cmr/m/n/10 on a ridged Gram;

Underfull \hbox (badness 1546) in paragraph at lines 615--616
\T1/cmr/m/n/10 one data pa-ram-e-ter

Underfull \hbox (badness 7151) in paragraph at lines 616--617
[]\T1/cmr/m/n/10 Exactly two ho-mo-

Underfull \hbox (badness 3872) in paragraph at lines 616--617
\T1/cmr/m/n/10 topy calls per bar;

Underfull \hbox (badness 10000) in paragraph at lines 616--617
\T1/cmr/m/n/10 ex-act ter-mi-na-tion

Underfull \hbox (badness 10000) in paragraph at lines 616--617
\T1/cmr/m/n/10 with no fall-back;

Underfull \hbox (badness 1292) in paragraph at lines 617--618
\OT1/cmr/m/n/10 0\OML/cmm/m/it/10 :\OT1/cmr/m/n/10 0004$ \T1/cmr/m/n/10 QLIKE: 
the penalty

Underfull \hbox (badness 1558) in paragraph at lines 617--618
\T1/cmr/m/n/10 al-go-rithm makes that com-

Underfull \hbox (badness 5817) in paragraph at lines 617--618
\T1/cmr/m/n/10 par-i-son ex-act rather than

Underfull \hbox (badness 1137) in paragraph at lines 620--621
[]\T1/cmr/m/n/10 Every fore-cast's hy-

Underfull \hbox (badness 3849) in paragraph at lines 620--621
\T1/cmr/m/n/10 only from its own

Underfull \hbox (badness 4217) in paragraph at lines 620--621
\T1/cmr/m/n/10 / forward-validation

Underfull \hbox (badness 1430) in paragraph at lines 621--622
\T1/cmr/m/n/10 slid-ing be-tween tun-

Underfull \hbox (badness 5832) in paragraph at lines 622--623
[]\T1/cmr/m/n/10 Causally tuned arms \T1/cmr/m/it/10 trail

Underfull \hbox (badness 10000) in paragraph at lines 624--625
[]\T1/cmr/m/n/10 Amortized

Underfull \hbox (badness 3623) in paragraph at lines 625--626
[]\T1/cmr/m/n/10 The lin-ear base is

Underfull \hbox (badness 10000) in paragraph at lines 625--626
\T1/cmr/m/n/10 config-independent

Underfull \hbox (badness 2680) in paragraph at lines 626--627
\T1/cmr/m/n/10 per-refit base co-ef-fi-

Underfull \hbox (badness 10000) in paragraph at lines 630--631
[]\T1/cmr/m/n/10 Analog re-trieval:

Underfull \hbox (badness 10000) in paragraph at lines 630--631
\T1/cmr/m/n/10 non-para-met-ric re-

Underfull \hbox (badness 10000) in paragraph at lines 630--631
\T1/cmr/m/n/10 learned by Lapla-

Underfull \hbox (badness 2384) in paragraph at lines 631--632
[]\T1/cmr/m/n/10 One global $[]$

Underfull \hbox (badness 10000) in paragraph at lines 631--632
\T1/cmr/m/n/10 nor-mal-iza-tion (a

Underfull \hbox (badness 10000) in paragraph at lines 631--632
\T1/cmr/m/n/10 mea-sured fix for

Underfull \hbox (badness 5939) in paragraph at lines 631--632
\T1/cmr/m/n/10 a graph cut along

Underfull \hbox (badness 2726) in paragraph at lines 631--632
\T1/cmr/m/n/10 day-of-week); AMG-

Underfull \hbox (badness 10000) in paragraph at lines 631--632
\T1/cmr/m/n/10 preconditioned

Underfull \hbox (badness 10000) in paragraph at lines 631--632
\T1/cmr/m/n/10 ex-ten-sion be-tween

Underfull \hbox (badness 3439) in paragraph at lines 632--633
[]\T1/cmr/m/n/10 Beats the in-cum-bent de-ci-

Underfull \hbox (badness 1540) in paragraph at lines 632--633
\T1/cmr/m/n/10 sively ($\OT1/cmr/m/n/10 0\OML/cmm/m/it/10 :\OT1/cmr/m/n/10 1309
6$ \T1/cmr/m/n/10 vs. $\OT1/cmr/m/n/10 0\OML/cmm/m/it/10 :\OT1/cmr/m/n/10 13415
$\T1/cmr/m/n/10 ,
[42]) (sections/conclusion.tex [43]) [44] (main.bbl [45]) [46] (main.aux) )
(see the transcript file for additional information) <C:\Users\james\AppData\Lo
cal\MiKTeX\fonts/pk/ljfour/jknappen/ec/dpi600\ectt1000.pk> <C:\Users\james\AppD
ata\Local\MiKTeX\fonts/pk/ljfour/jknappen/ec/dpi600\ecti1000.pk> <C:\Users\jame
s\AppData\Local\MiKTeX\fonts/pk/ljfour/jknappen/ec/dpi600\ecrm1000.pk> <C:\User
s\james\AppData\Local\MiKTeX\fonts/pk/ljfour/jknappen/ec/dpi600\ecti1095.pk> <C
:\Users\james\AppData\Local\MiKTeX\fonts/pk/ljfour/jknappen/ec/dpi600\ecbi1200.
pk> <C:\Users\james\AppData\Local\MiKTeX\fonts/pk/ljfour/jknappen/ec/dpi600\ect
t1095.pk> <C:\Users\james\AppData\Local\MiKTeX\fonts/pk/ljfour/jknappen/ec/dpi6
00\ecrm0800.pk> <C:\Users\james\AppData\Local\MiKTeX\fonts/pk/ljfour/jknappen/e
c/dpi600\ecbx1200.pk> <C:\Users\james\AppData\Local\MiKTeX\fonts/pk/ljfour/jkna
ppen/ec/dpi600\ectt1200.pk> <C:\Users\james\AppData\Local\MiKTeX\fonts/pk/ljfou
r/jknappen/ec/dpi600\ecbx1440.pk> <C:\Users\james\AppData\Local\MiKTeX\fonts/pk
/ljfour/jknappen/ec/dpi600\ecti1200.pk> <C:\Users\james\AppData\Local\MiKTeX\fo
nts/pk/ljfour/jknappen/ec/dpi600\ecbx1728.pk> <C:\Users\james\AppData\Local\MiK
TeX\fonts/pk/ljfour/jknappen/ec/dpi600\ecrm1200.pk> <C:\Users\james\AppData\Loc
al\MiKTeX\fonts/pk/ljfour/jknappen/ec/dpi600\ecrm1095.pk> <C:\Users\james\AppDa
ta\Local\MiKTeX\fonts/pk/ljfour/jknappen/ec/dpi600\ecbx1095.pk> <C:\Users\james
\AppData\Local\MiKTeX\fonts/pk/ljfour/jknappen/ec/dpi600\ecrm1440.pk> <C:\Users
\james\AppData\Local\MiKTeX\fonts/pk/ljfour/jknappen/ec/dpi600\ecrm2074.pk><C:/
Users/james/AppData/Local/Programs/MiKTeX/fonts/type1/public/amsfonts/cm/cmbx12
.pfb><C:/Users/james/AppData/Local/Programs/MiKTeX/fonts/type1/public/amsfonts/
cm/cmex10.pfb><C:/Users/james/AppData/Local/Programs/MiKTeX/fonts/type1/public/
amsfonts/cm/cmmi10.pfb><C:/Users/james/AppData/Local/Programs/MiKTeX/fonts/type
1/public/amsfonts/cm/cmmi12.pfb><C:/Users/james/AppData/Local/Programs/MiKTeX/f
onts/type1/public/amsfonts/cm/cmmi6.pfb><C:/Users/james/AppData/Local/Programs/
MiKTeX/fonts/type1/public/amsfonts/cm/cmmi7.pfb><C:/Users/james/AppData/Local/P
rograms/MiKTeX/fonts/type1/public/amsfonts/cm/cmmi8.pfb><C:/Users/james/AppData
/Local/Programs/MiKTeX/fonts/type1/public/amsfonts/cm/cmr10.pfb><C:/Users/james
/AppData/Local/Programs/MiKTeX/fonts/type1/public/amsfonts/cm/cmr12.pfb><C:/Use
rs/james/AppData/Local/Programs/MiKTeX/fonts/type1/public/amsfonts/cm/cmr6.pfb>
<C:/Users/james/AppData/Local/Programs/MiKTeX/fonts/type1/public/amsfonts/cm/cm
r7.pfb><C:/Users/james/AppData/Local/Programs/MiKTeX/fonts/type1/public/amsfont
s/cm/cmr8.pfb><C:/Users/james/AppData/Local/Programs/MiKTeX/fonts/type1/public/
amsfonts/cm/cmsy10.pfb><C:/Users/james/AppData/Local/Programs/MiKTeX/fonts/type
1/public/amsfonts/cm/cmsy6.pfb><C:/Users/james/AppData/Local/Programs/MiKTeX/fo
nts/type1/public/amsfonts/cm/cmsy7.pfb><C:/Users/james/AppData/Local/Programs/M
iKTeX/fonts/type1/public/amsfonts/cm/cmsy8.pfb><C:/Users/james/AppData/Local/Pr
ograms/MiKTeX/fonts/type1/public/amsfonts/symbols/msbm10.pfb>
Output written on main.pdf (46 pages, 1442694 bytes).
Transcript written on main.log.
